16:09:39 **** Incremental Build of configuration Debug for project Tetst2_Blink+UART ****
make all 
Building file: ../src/stm32f1xx_hal_msp.c
Invoking: MCU GCC Compiler
C:\STM32Toolchain\projects\eclipseOPEN\Tetst2_Blink+UART\Debug
arm-none-eabi-gcc -mcpu=cortex-m3 -mthumb -mfloat-abi=soft -DSTM32F1 -DNUCLEO_F103RB -DSTM32F103RBTx -DSTM32 -DDEBUG -DUSE_HAL_DRIVER -DSTM32F103xB -DUSE_RTOS_SYSTICK -I"C:/STM32Toolchain/projects/eclipseOPEN/Tetst2_Blink+UART/inc" -I"C:/STM32Toolchain/projects/eclipseOPEN/Tetst2_Blink+UART/CMSIS/core" -I"C:/STM32Toolchain/projects/eclipseOPEN/Tetst2_Blink+UART/CMSIS/device" -I"C:/STM32Toolchain/projects/eclipseOPEN/Tetst2_Blink+UART/HAL_Driver/Inc/Legacy" -I"C:/STM32Toolchain/projects/eclipseOPEN/Tetst2_Blink+UART/HAL_Driver/Inc" -I"C:/STM32Toolchain/projects/eclipseOPEN/Tetst2_Blink+UART/Middlewares/Third_Party/FreeRTOS/Source/CMSIS_RTOS" -I"C:/STM32Toolchain/projects/eclipseOPEN/Tetst2_Blink+UART/Middlewares/Third_Party/FreeRTOS/Source/include" -I"C:/STM32Toolchain/projects/eclipseOPEN/Tetst2_Blink+UART/Middlewares/Third_Party/FreeRTOS/Source/portable/GCC/ARM_CM3" -I"C:/STM32Toolchain/projects/eclipseOPEN/Tetst2_Blink+UART/Utilities/STM32F1xx_Nucleo" -O0 -g3 -Wall -fmessage-length=0 -ffunction-sections -c -MMD -MP -MF"src/stm32f1xx_hal_msp.d" -MT"src/stm32f1xx_hal_msp.o" -o "src/stm32f1xx_hal_msp.o" "../src/stm32f1xx_hal_msp.c"
Finished building: ../src/stm32f1xx_hal_msp.c
 
Building target: Tetst2_Blink+UART.elf
Invoking: MCU GCC Linker
arm-none-eabi-gcc -mcpu=cortex-m3 -mthumb -mfloat-abi=soft -T"C:\STM32Toolchain\projects\eclipseOPEN\Tetst2_Blink+UART\LinkerScript.ld" -Wl,-Map=output.map -Wl,--gc-sections -o "Tetst2_Blink+UART.elf" @"objects.list"   -lm
Finished building target: Tetst2_Blink+UART.elf
 
make --no-print-directory post-build
Generating binary and Printing size information:
arm-none-eabi-objcopy -O binary "Tetst2_Blink+UART.elf" "Tetst2_Blink+UART.bin"
arm-none-eabi-size "Tetst2_Blink+UART.elf"
   text	   data	    bss	    dec	    hex	filename
  30376	   2500	   2016	  34892	   884c	Tetst2_Blink+UART.elf
 
16:13:20 **** Incremental Build of configuration Debug for project Tetst ****
make all 
make: Nothing to be done for `all'.
16:13:23 **** Incremental Build of configuration Debug for project Tetst2_Blink+UART ****
make all 
make: Nothing to be done for `all'.
16:18:18 **** Incremental Build of configuration Debug for project Tetst2_Blink+UART ****
make all 
make: Nothing to be done for `all'.
16:21:32 **** Incremental Build of configuration Debug for project Tetst2_Blink+UART ****
make all 
make: Nothing to be done for `all'.
16:21:58 **** Incremental Build of configuration Debug for project Tetst2_Blink+UART ****
make all 
make: Nothing to be done for `all'.
16:30:23 **** Incremental Build of configuration Debug for project Tetst ****
make all 
make: Nothing to be done for `all'.
16:30:26 **** Incremental Build of configuration Debug for project Tetst2_Blink+UART ****
make all 
make: Nothing to be done for `all'.
17:07:04 **** Incremental Build of configuration Debug for project Tetst ****
make all 
make: Nothing to be done for `all'.
17:07:08 **** Incremental Build of configuration Debug for project Tetst2_Blink+UART ****
make all 
make: Nothing to be done for `all'.
17:48:05 **** Build of configuration Debug for project Tetst2_Blink+UART ****
make all 
make: Nothing to be done for `all'.
17:48:53 **** Incremental Build of configuration Debug for project Tetst2_Blink+UART ****
make all 
make: Nothing to be done for `all'.
17:49:41 **** Incremental Build of configuration Debug for project Tetst2_Blink+UART ****
make all 
make: Nothing to be done for `all'.
17:51:13 **** Incremental Build of configuration Debug for project Tetst2_Blink+UART ****
make all 
make: Nothing to be done for `all'.
18:14:15 **** Build of configuration Debug for project Tetst ****
make all 
make: Nothing to be done for `all'.
18:14:17 **** Build of configuration Debug for project Tetst2_Blink+UART ****
make all 
Building file: ../src/main.c
Invoking: MCU GCC Compiler
C:\STM32Toolchain\projects\eclipseOPEN\Tetst2_Blink+UART\Debug
arm-none-eabi-gcc -mcpu=cortex-m3 -mthumb -mfloat-abi=soft -DSTM32F1 -DNUCLEO_F103RB -DSTM32F103RBTx -DSTM32 -DDEBUG -DUSE_HAL_DRIVER -DSTM32F103xB -DUSE_RTOS_SYSTICK -I"C:/STM32Toolchain/projects/eclipseOPEN/Tetst2_Blink+UART/inc" -I"C:/STM32Toolchain/projects/eclipseOPEN/Tetst2_Blink+UART/CMSIS/core" -I"C:/STM32Toolchain/projects/eclipseOPEN/Tetst2_Blink+UART/CMSIS/device" -I"C:/STM32Toolchain/projects/eclipseOPEN/Tetst2_Blink+UART/HAL_Driver/Inc/Legacy" -I"C:/STM32Toolchain/projects/eclipseOPEN/Tetst2_Blink+UART/HAL_Driver/Inc" -I"C:/STM32Toolchain/projects/eclipseOPEN/Tetst2_Blink+UART/Middlewares/Third_Party/FreeRTOS/Source/CMSIS_RTOS" -I"C:/STM32Toolchain/projects/eclipseOPEN/Tetst2_Blink+UART/Middlewares/Third_Party/FreeRTOS/Source/include" -I"C:/STM32Toolchain/projects/eclipseOPEN/Tetst2_Blink+UART/Middlewares/Third_Party/FreeRTOS/Source/portable/GCC/ARM_CM3" -I"C:/STM32Toolchain/projects/eclipseOPEN/Tetst2_Blink+UART/Utilities/STM32F1xx_Nucleo" -O0 -g3 -Wall -fmessage-length=0 -ffunction-sections -c -MMD -MP -MF"src/main.d" -MT"src/main.o" -o "src/main.o" "../src/main.c"
Finished building: ../src/main.c
 
Building target: Tetst2_Blink+UART.elf
Invoking: MCU GCC Linker
arm-none-eabi-gcc -mcpu=cortex-m3 -mthumb -mfloat-abi=soft -T"C:\STM32Toolchain\projects\eclipseOPEN\Tetst2_Blink+UART\LinkerScript.ld" -Wl,-Map=output.map -Wl,--gc-sections -o "Tetst2_Blink+UART.elf" @"objects.list"   -lm
Finished building target: Tetst2_Blink+UART.elf
 
make --no-print-directory post-build
Generating binary and Printing size information:
arm-none-eabi-objcopy -O binary "Tetst2_Blink+UART.elf" "Tetst2_Blink+UART.bin"
arm-none-eabi-size "Tetst2_Blink+UART.elf"
   text	   data	    bss	    dec	    hex	filename
  30376	   2500	   2016	  34892	   884c	Tetst2_Blink+UART.elf
 
