Archive member included to satisfy reference by file (symbol)

c:/stm32toolchain/openstm32/plugins/fr.ac6.mcu.externaltools.arm-none.win32_1.13.3.201707031232/tools/compiler/bin/../lib/gcc/arm-none-eabi/5.4.1/../../../../arm-none-eabi/lib/armv7-m\libc.a(lib_a-errno.o)
                              src/syscalls.o (__errno)
c:/stm32toolchain/openstm32/plugins/fr.ac6.mcu.externaltools.arm-none.win32_1.13.3.201707031232/tools/compiler/bin/../lib/gcc/arm-none-eabi/5.4.1/../../../../arm-none-eabi/lib/armv7-m\libc.a(lib_a-exit.o)
                              c:/stm32toolchain/openstm32/plugins/fr.ac6.mcu.externaltools.arm-none.win32_1.13.3.201707031232/tools/compiler/bin/../lib/gcc/arm-none-eabi/5.4.1/../../../../arm-none-eabi/lib/armv7-m/crt0.o (exit)
c:/stm32toolchain/openstm32/plugins/fr.ac6.mcu.externaltools.arm-none.win32_1.13.3.201707031232/tools/compiler/bin/../lib/gcc/arm-none-eabi/5.4.1/../../../../arm-none-eabi/lib/armv7-m\libc.a(lib_a-impure.o)
                              c:/stm32toolchain/openstm32/plugins/fr.ac6.mcu.externaltools.arm-none.win32_1.13.3.201707031232/tools/compiler/bin/../lib/gcc/arm-none-eabi/5.4.1/../../../../arm-none-eabi/lib/armv7-m\libc.a(lib_a-exit.o) (_global_impure_ptr)
c:/stm32toolchain/openstm32/plugins/fr.ac6.mcu.externaltools.arm-none.win32_1.13.3.201707031232/tools/compiler/bin/../lib/gcc/arm-none-eabi/5.4.1/../../../../arm-none-eabi/lib/armv7-m\libc.a(lib_a-init.o)
                              c:/stm32toolchain/openstm32/plugins/fr.ac6.mcu.externaltools.arm-none.win32_1.13.3.201707031232/tools/compiler/bin/../lib/gcc/arm-none-eabi/5.4.1/../../../../arm-none-eabi/lib/armv7-m/crt0.o (__libc_init_array)
c:/stm32toolchain/openstm32/plugins/fr.ac6.mcu.externaltools.arm-none.win32_1.13.3.201707031232/tools/compiler/bin/../lib/gcc/arm-none-eabi/5.4.1/../../../../arm-none-eabi/lib/armv7-m\libc.a(lib_a-memcpy.o)
                              Middlewares/Third_Party/FreeRTOS/Source/queue.o (memcpy)
c:/stm32toolchain/openstm32/plugins/fr.ac6.mcu.externaltools.arm-none.win32_1.13.3.201707031232/tools/compiler/bin/../lib/gcc/arm-none-eabi/5.4.1/../../../../arm-none-eabi/lib/armv7-m\libc.a(lib_a-memset.o)
                              c:/stm32toolchain/openstm32/plugins/fr.ac6.mcu.externaltools.arm-none.win32_1.13.3.201707031232/tools/compiler/bin/../lib/gcc/arm-none-eabi/5.4.1/../../../../arm-none-eabi/lib/armv7-m/crt0.o (memset)
c:/stm32toolchain/openstm32/plugins/fr.ac6.mcu.externaltools.arm-none.win32_1.13.3.201707031232/tools/compiler/bin/../lib/gcc/arm-none-eabi/5.4.1/../../../../arm-none-eabi/lib/armv7-m\libc.a(lib_a-printf.o)
                              src/main.o (printf)
c:/stm32toolchain/openstm32/plugins/fr.ac6.mcu.externaltools.arm-none.win32_1.13.3.201707031232/tools/compiler/bin/../lib/gcc/arm-none-eabi/5.4.1/../../../../arm-none-eabi/lib/armv7-m\libc.a(lib_a-vfprintf.o)
                              c:/stm32toolchain/openstm32/plugins/fr.ac6.mcu.externaltools.arm-none.win32_1.13.3.201707031232/tools/compiler/bin/../lib/gcc/arm-none-eabi/5.4.1/../../../../arm-none-eabi/lib/armv7-m\libc.a(lib_a-printf.o) (_vfprintf_r)
c:/stm32toolchain/openstm32/plugins/fr.ac6.mcu.externaltools.arm-none.win32_1.13.3.201707031232/tools/compiler/bin/../lib/gcc/arm-none-eabi/5.4.1/../../../../arm-none-eabi/lib/armv7-m\libc.a(lib_a-wsetup.o)
                              c:/stm32toolchain/openstm32/plugins/fr.ac6.mcu.externaltools.arm-none.win32_1.13.3.201707031232/tools/compiler/bin/../lib/gcc/arm-none-eabi/5.4.1/../../../../arm-none-eabi/lib/armv7-m\libc.a(lib_a-vfprintf.o) (__swsetup_r)
c:/stm32toolchain/openstm32/plugins/fr.ac6.mcu.externaltools.arm-none.win32_1.13.3.201707031232/tools/compiler/bin/../lib/gcc/arm-none-eabi/5.4.1/../../../../arm-none-eabi/lib/armv7-m\libc.a(lib_a-__call_atexit.o)
                              c:/stm32toolchain/openstm32/plugins/fr.ac6.mcu.externaltools.arm-none.win32_1.13.3.201707031232/tools/compiler/bin/../lib/gcc/arm-none-eabi/5.4.1/../../../../arm-none-eabi/lib/armv7-m\libc.a(lib_a-exit.o) (__call_exitprocs)
c:/stm32toolchain/openstm32/plugins/fr.ac6.mcu.externaltools.arm-none.win32_1.13.3.201707031232/tools/compiler/bin/../lib/gcc/arm-none-eabi/5.4.1/../../../../arm-none-eabi/lib/armv7-m\libc.a(lib_a-atexit.o)
                              c:/stm32toolchain/openstm32/plugins/fr.ac6.mcu.externaltools.arm-none.win32_1.13.3.201707031232/tools/compiler/bin/../lib/gcc/arm-none-eabi/5.4.1/../../../../arm-none-eabi/lib/armv7-m\libc.a(lib_a-__call_atexit.o) (atexit)
c:/stm32toolchain/openstm32/plugins/fr.ac6.mcu.externaltools.arm-none.win32_1.13.3.201707031232/tools/compiler/bin/../lib/gcc/arm-none-eabi/5.4.1/../../../../arm-none-eabi/lib/armv7-m\libc.a(lib_a-dtoa.o)
                              c:/stm32toolchain/openstm32/plugins/fr.ac6.mcu.externaltools.arm-none.win32_1.13.3.201707031232/tools/compiler/bin/../lib/gcc/arm-none-eabi/5.4.1/../../../../arm-none-eabi/lib/armv7-m\libc.a(lib_a-vfprintf.o) (_dtoa_r)
[...]
Memory Configuration

Name             Origin             Length             Attributes
FLASH            0x08000000         0x00020000         xr
RAM              0x20000000         0x00005000         xrw
*default*        0x00000000         0xffffffff

Linker script and memory map

LOAD c:/stm32toolchain/openstm32/plugins/fr.ac6.mcu.externaltools.arm-none.win32_1.13.3.201707031232/tools/compiler/bin/../lib/gcc/arm-none-eabi/5.4.1/armv7-m/crti.o
LOAD c:/stm32toolchain/openstm32/plugins/fr.ac6.mcu.externaltools.arm-none.win32_1.13.3.201707031232/tools/compiler/bin/../lib/gcc/arm-none-eabi/5.4.1/armv7-m/crtbegin.o
LOAD c:/stm32toolchain/openstm32/plugins/fr.ac6.mcu.externaltools.arm-none.win32_1.13.3.201707031232/tools/compiler/bin/../lib/gcc/arm-none-eabi/5.4.1/../../../../arm-none-eabi/lib/armv7-m/crt0.o
LOAD HAL_Driver/Src/stm32f1xx_hal.o
LOAD HAL_Driver/Src/stm32f1xx_hal_adc.o
LOAD HAL_Driver/Src/stm32f1xx_hal_adc_ex.o
LOAD HAL_Driver/Src/stm32f1xx_hal_can.o
LOAD HAL_Driver/Src/stm32f1xx_hal_cec.o
LOAD HAL_Driver/Src/stm32f1xx_hal_cortex.o
LOAD HAL_Driver/Src/stm32f1xx_hal_crc.o
LOAD HAL_Driver/Src/stm32f1xx_hal_dac.o
LOAD HAL_Driver/Src/stm32f1xx_hal_dac_ex.o
LOAD HAL_Driver/Src/stm32f1xx_hal_dma.o
LOAD HAL_Driver/Src/stm32f1xx_hal_eth.o
LOAD HAL_Driver/Src/stm32f1xx_hal_flash.o
LOAD HAL_Driver/Src/stm32f1xx_hal_flash_ex.o
LOAD HAL_Driver/Src/stm32f1xx_hal_gpio.o
LOAD HAL_Driver/Src/stm32f1xx_hal_gpio_ex.o
LOAD HAL_Driver/Src/stm32f1xx_hal_hcd.o
LOAD HAL_Driver/Src/stm32f1xx_hal_i2c.o
LOAD HAL_Driver/Src/stm32f1xx_hal_i2s.o
LOAD HAL_Driver/Src/stm32f1xx_hal_irda.o
LOAD HAL_Driver/Src/stm32f1xx_hal_iwdg.o
LOAD HAL_Driver/Src/stm32f1xx_hal_mmc.o
LOAD HAL_Driver/Src/stm32f1xx_hal_msp_template.o
LOAD HAL_Driver/Src/stm32f1xx_hal_nand.o
LOAD HAL_Driver/Src/stm32f1xx_hal_nor.o
LOAD HAL_Driver/Src/stm32f1xx_hal_pccard.o
LOAD HAL_Driver/Src/stm32f1xx_hal_pcd.o
LOAD HAL_Driver/Src/stm32f1xx_hal_pcd_ex.o
LOAD HAL_Driver/Src/stm32f1xx_hal_pwr.o
LOAD HAL_Driver/Src/stm32f1xx_hal_rcc.o
LOAD HAL_Driver/Src/stm32f1xx_hal_rcc_ex.o
LOAD HAL_Driver/Src/stm32f1xx_hal_rtc.o
LOAD HAL_Driver/Src/stm32f1xx_hal_rtc_ex.o
LOAD HAL_Driver/Src/stm32f1xx_hal_sd.o
LOAD HAL_Driver/Src/stm32f1xx_hal_smartcard.o
LOAD HAL_Driver/Src/stm32f1xx_hal_spi.o
LOAD HAL_Driver/Src/stm32f1xx_hal_spi_ex.o
LOAD HAL_Driver/Src/stm32f1xx_hal_sram.o
LOAD HAL_Driver/Src/stm32f1xx_hal_tim.o
LOAD HAL_Driver/Src/stm32f1xx_hal_tim_ex.o
LOAD HAL_Driver/Src/stm32f1xx_hal_uart.o
LOAD HAL_Driver/Src/stm32f1xx_hal_usart.o
LOAD HAL_Driver/Src/stm32f1xx_hal_wwdg.o
LOAD HAL_Driver/Src/stm32f1xx_ll_adc.o
LOAD HAL_Driver/Src/stm32f1xx_ll_crc.o
LOAD HAL_Driver/Src/stm32f1xx_ll_dac.o
LOAD HAL_Driver/Src/stm32f1xx_ll_dma.o
LOAD HAL_Driver/Src/stm32f1xx_ll_exti.o
LOAD HAL_Driver/Src/stm32f1xx_ll_fsmc.o
LOAD HAL_Driver/Src/stm32f1xx_ll_gpio.o
LOAD HAL_Driver/Src/stm32f1xx_ll_i2c.o
LOAD HAL_Driver/Src/stm32f1xx_ll_pwr.o
LOAD HAL_Driver/Src/stm32f1xx_ll_rcc.o
LOAD HAL_Driver/Src/stm32f1xx_ll_rtc.o
LOAD HAL_Driver/Src/stm32f1xx_ll_sdmmc.o
LOAD HAL_Driver/Src/stm32f1xx_ll_spi.o
LOAD HAL_Driver/Src/stm32f1xx_ll_tim.o
LOAD HAL_Driver/Src/stm32f1xx_ll_usart.o
LOAD HAL_Driver/Src/stm32f1xx_ll_usb.o
LOAD HAL_Driver/Src/stm32f1xx_ll_utils.o
LOAD Middlewares/Third_Party/FreeRTOS/Source/CMSIS_RTOS/cmsis_os.o
LOAD Middlewares/Third_Party/FreeRTOS/Source/croutine.o
LOAD Middlewares/Third_Party/FreeRTOS/Source/event_groups.o
LOAD Middlewares/Third_Party/FreeRTOS/Source/list.o
LOAD Middlewares/Third_Party/FreeRTOS/Source/queue.o
LOAD Middlewares/Third_Party/FreeRTOS/Source/tasks.o
LOAD Middlewares/Third_Party/FreeRTOS/Source/timers.o
LOAD Middlewares/Third_Party/FreeRTOS/Source/portable/GCC/ARM_CM3/port.o
LOAD Middlewares/Third_Party/FreeRTOS/Source/portable/MemMang/heap_4.o
LOAD Utilities/STM32F1xx_Nucleo/stm32f1xx_nucleo.o
LOAD src/main.o
LOAD src/stm32f1xx_hal_msp.o
LOAD src/stm32f1xx_it.o
LOAD src/syscalls.o
LOAD src/system_stm32f1xx.o
LOAD startup/startup_stm32f103xb.o
LOAD c:/stm32toolchain/openstm32/plugins/fr.ac6.mcu.externaltools.arm-none.win32_1.13.3.201707031232/tools/compiler/bin/../lib/gcc/arm-none-eabi/5.4.1/../../../../arm-none-eabi/lib/armv7-m\libm.a
START GROUP
LOAD c:/stm32toolchain/openstm32/plugins/fr.ac6.mcu.externaltools.arm-none.win32_1.13.3.201707031232/tools/compiler/bin/../lib/gcc/arm-none-eabi/5.4.1/armv7-m\libgcc.a
LOAD c:/stm32toolchain/openstm32/plugins/fr.ac6.mcu.externaltools.arm-none.win32_1.13.3.201707031232/tools/compiler/bin/../lib/gcc/arm-none-eabi/5.4.1/../../../../arm-none-eabi/lib/armv7-m\libc.a
END GROUP
LOAD c:/stm32toolchain/openstm32/plugins/fr.ac6.mcu.externaltools.arm-none.win32_1.13.3.201707031232/tools/compiler/bin/../lib/gcc/arm-none-eabi/5.4.1/armv7-m/crtend.o
LOAD c:/stm32toolchain/openstm32/plugins/fr.ac6.mcu.externaltools.arm-none.win32_1.13.3.201707031232/tools/compiler/bin/../lib/gcc/arm-none-eabi/5.4.1/armv7-m/crtn.o
                0x20005000                _estack = 0x20005000
                0x00000200                _Min_Heap_Size = 0x200
                0x00000400                _Min_Stack_Size = 0x400

.isr_vector     0x08000000      0x10c
                0x08000000                . = ALIGN (0x4)
 *(.isr_vector)
 .isr_vector    0x08000000      0x10c startup/startup_stm32f103xb.o
                0x08000000                g_pfnVectors
                0x0800010c                . = ALIGN (0x4)

.text           0x08000110     0x7248
                0x08000110                . = ALIGN (0x4)
 *(.text)
 .text          0x08000110       0x5c c:/stm32toolchain/openstm32/plugins/fr.ac6.mcu.externaltools.arm-none.win32_1.13.3.201707031232/tools/compiler/bin/../lib/gcc/arm-none-eabi/5.4.1/armv7-m/crtbegin.o
 .text          0x0800016c       0xec c:/stm32toolchain/openstm32/plugins/fr.ac6.mcu.externaltools.arm-none.win32_1.13.3.201707031232/tools/compiler/bin/../lib/gcc/arm-none-eabi/5.4.1/../../../../arm-none-eabi/lib/armv7-m\libc.a(lib_a-memcpy.o)
                0x0800016c                memcpy
 .text          0x08000258      0x370 c:/stm32toolchain/openstm32/plugins/fr.ac6.mcu.externaltools.arm-none.win32_1.13.3.201707031232/tools/compiler/bin/../lib/gcc/arm-none-eabi/5.4.1/armv7-m\libgcc.a(_arm_addsubdf3.o)
                0x08000258                __aeabi_drsub
                0x08000260                __aeabi_dsub
                0x08000260                __subdf3
                0x08000264                __aeabi_dadd
                0x08000264                __adddf3
                0x080004dc                __floatunsidf
                0x080004dc                __aeabi_ui2d
                0x080004fc                __floatsidf
                0x080004fc                __aeabi_i2d
                0x08000520                __aeabi_f2d
                0x08000520                __extendsfdf2
                0x0800055c                __floatundidf
                0x0800055c                __aeabi_ul2d
                0x0800056c                __floatdidf
                0x0800056c                __aeabi_l2d
 .text          0x080005c8      0x424 c:/stm32toolchain/openstm32/plugins/fr.ac6.mcu.externaltools.arm-none.win32_1.13.3.201707031232/tools/compiler/bin/../lib/gcc/arm-none-eabi/5.4.1/armv7-m\libgcc.a(_arm_muldivdf3.o)
                0x080005c8                __aeabi_dmul
                0x080005c8                __muldf3
                0x0800081c                __divdf3
                0x0800081c                __aeabi_ddiv
 .text          0x080009ec      0x110 c:/stm32toolchain/openstm32/plugins/fr.ac6.mcu.externaltools.arm-none.win32_1.13.3.201707031232/tools/compiler/bin/../lib/gcc/arm-none-eabi/5.4.1/armv7-m\libgcc.a(_arm_cmpdf2.o)
                0x080009ec                __gtdf2
                0x080009ec                __gedf2
                0x080009f4                __ltdf2
                0x080009f4                __ledf2
                0x080009fc                __nedf2
                0x080009fc                __eqdf2
                0x080009fc                __cmpdf2
                0x08000a78                __aeabi_cdrcmple
                0x08000a88                __aeabi_cdcmpeq
                0x08000a88                __aeabi_cdcmple
                0x08000a98                __aeabi_dcmpeq
                0x08000aac                __aeabi_dcmplt
                0x08000ac0                __aeabi_dcmple
                0x08000ad4                __aeabi_dcmpge
                0x08000ae8                __aeabi_dcmpgt
 .text          0x08000afc       0x2c c:/stm32toolchain/openstm32/plugins/fr.ac6.mcu.externaltools.arm-none.win32_1.13.3.201707031232/tools/compiler/bin/../lib/gcc/arm-none-eabi/5.4.1/armv7-m\libgcc.a(_arm_unorddf2.o)
                0x08000afc                __unorddf2
                0x08000afc                __aeabi_dcmpun
 .text          0x08000b28       0x50 c:/stm32toolchain/openstm32/plugins/fr.ac6.mcu.externaltools.arm-none.win32_1.13.3.201707031232/tools/compiler/bin/../lib/gcc/arm-none-eabi/5.4.1/armv7-m\libgcc.a(_arm_fixdfsi.o)
                0x08000b28                __aeabi_d2iz
                0x08000b28                __fixdfsi
 .text          0x08000b78       0x30 c:/stm32toolchain/openstm32/plugins/fr.ac6.mcu.externaltools.arm-none.win32_1.13.3.201707031232/tools/compiler/bin/../lib/gcc/arm-none-eabi/5.4.1/armv7-m\libgcc.a(_aeabi_uldivmod.o)
                0x08000b78                __aeabi_uldivmod
 .text          0x08000ba8      0x2ec c:/stm32toolchain/openstm32/plugins/fr.ac6.mcu.externaltools.arm-none.win32_1.13.3.201707031232/tools/compiler/bin/../lib/gcc/arm-none-eabi/5.4.1/armv7-m\libgcc.a(_udivmoddi4.o)
                0x08000ba8                __udivmoddi4
 .text          0x08000e94        0x4 c:/stm32toolchain/openstm32/plugins/fr.ac6.mcu.externaltools.arm-none.win32_1.13.3.201707031232/tools/compiler/bin/../lib/gcc/arm-none-eabi/5.4.1/armv7-m\libgcc.a(_dvmd_tls.o)
                0x08000e94                __aeabi_idiv0
                0x08000e94                __aeabi_ldiv0
 *(.text*)
 .text.HAL_Init
                0x08000e98       0x2c HAL_Driver/Src/stm32f1xx_hal.o
                0x08000e98                HAL_Init
 .text.HAL_InitTick
                0x08000ec4       0x38 HAL_Driver/Src/stm32f1xx_hal.o
                0x08000ec4                HAL_InitTick
 .text.HAL_IncTick
                0x08000efc       0x1c HAL_Driver/Src/stm32f1xx_hal.o
                0x08000efc                HAL_IncTick
 .text.HAL_GetTick
                0x08000f18       0x14 HAL_Driver/Src/stm32f1xx_hal.o
                0x08000f18                HAL_GetTick
 .text.HAL_Delay
                0x08000f2c       0x3c HAL_Driver/Src/stm32f1xx_hal.o
                0x08000f2c                HAL_Delay
 .text.NVIC_SetPriorityGrouping
                0x08000f68       0x48 HAL_Driver/Src/stm32f1xx_hal_cortex.o
 .text.NVIC_GetPriorityGrouping
                0x08000fb0       0x1c HAL_Driver/Src/stm32f1xx_hal_cortex.o
 .text.NVIC_SetPriority
                0x08000fcc       0x54 HAL_Driver/Src/stm32f1xx_hal_cortex.o
 .text.NVIC_EncodePriority
                0x08001020       0x60 HAL_Driver/Src/stm32f1xx_hal_cortex.o
 .text.SysTick_Config
                0x08001080       0x44 HAL_Driver/Src/stm32f1xx_hal_cortex.o
 .text.HAL_NVIC_SetPriorityGrouping
                0x080010c4       0x18 HAL_Driver/Src/stm32f1xx_hal_cortex.o
                0x080010c4                HAL_NVIC_SetPriorityGrouping
 .text.HAL_NVIC_SetPriority
                0x080010dc       0x38 HAL_Driver/Src/stm32f1xx_hal_cortex.o
                0x080010dc                HAL_NVIC_SetPriority
 .text.HAL_SYSTICK_Config
                0x08001114       0x18 HAL_Driver/Src/stm32f1xx_hal_cortex.o
                0x08001114                HAL_SYSTICK_Config
 .text.HAL_SYSTICK_IRQHandler
                0x0800112c        0xc HAL_Driver/Src/stm32f1xx_hal_cortex.o
                0x0800112c                HAL_SYSTICK_IRQHandler
 .text.HAL_SYSTICK_Callback
                0x08001138        0xc HAL_Driver/Src/stm32f1xx_hal_cortex.o
                0x08001138                HAL_SYSTICK_Callback
 .text.HAL_GPIO_Init
                0x08001144      0x2bc HAL_Driver/Src/stm32f1xx_hal_gpio.o
                0x08001144                HAL_GPIO_Init
 .text.HAL_GPIO_WritePin
                0x08001400       0x30 HAL_Driver/Src/stm32f1xx_hal_gpio.o
                0x08001400                HAL_GPIO_WritePin
 .text.HAL_GPIO_TogglePin
                0x08001430       0x24 HAL_Driver/Src/stm32f1xx_hal_gpio.o
                0x08001430                HAL_GPIO_TogglePin
 .text.HAL_MspInit
                0x08001454        0xc HAL_Driver/Src/stm32f1xx_hal_msp_template.o
                0x08001454                HAL_MspInit
 .text.HAL_RCC_OscConfig
                0x08001460      0x4c8 HAL_Driver/Src/stm32f1xx_hal_rcc.o
                0x08001460                HAL_RCC_OscConfig
 .text.HAL_RCC_ClockConfig
                0x08001928      0x1e8 HAL_Driver/Src/stm32f1xx_hal_rcc.o
                0x08001928                HAL_RCC_ClockConfig
 .text.HAL_RCC_GetSysClockFreq
                0x08001b10       0xc8 HAL_Driver/Src/stm32f1xx_hal_rcc.o
                0x08001b10                HAL_RCC_GetSysClockFreq
 .text.HAL_RCC_GetHCLKFreq
                0x08001bd8       0x14 HAL_Driver/Src/stm32f1xx_hal_rcc.o
                0x08001bd8                HAL_RCC_GetHCLKFreq
 .text.HAL_RCC_GetPCLK1Freq
                0x08001bec       0x28 HAL_Driver/Src/stm32f1xx_hal_rcc.o
                0x08001bec                HAL_RCC_GetPCLK1Freq
 .text.HAL_RCC_GetPCLK2Freq
                0x08001c14       0x28 HAL_Driver/Src/stm32f1xx_hal_rcc.o
                0x08001c14                HAL_RCC_GetPCLK2Freq
 .text.RCC_Delay
                0x08001c3c       0x3c HAL_Driver/Src/stm32f1xx_hal_rcc.o
 .text.HAL_UART_Init
                0x08001c78       0x9c HAL_Driver/Src/stm32f1xx_hal_uart.o
                0x08001c78                HAL_UART_Init
 .text.HAL_UART_Transmit
                0x08001d14      0x130 HAL_Driver/Src/stm32f1xx_hal_uart.o
                0x08001d14                HAL_UART_Transmit
 .text.UART_WaitOnFlagUntilTimeout
                0x08001e44       0x94 HAL_Driver/Src/stm32f1xx_hal_uart.o
 .text.UART_SetConfig
                0x08001ed8      0x230 HAL_Driver/Src/stm32f1xx_hal_uart.o
 .text.osSystickHandler
                0x08002108       0x18 Middlewares/Third_Party/FreeRTOS/Source/CMSIS_RTOS/cmsis_os.o
                0x08002108                osSystickHandler
 .text.vListInsertEnd
                0x08002120       0x48 Middlewares/Third_Party/FreeRTOS/Source/list.o
                0x08002120                vListInsertEnd
 .text.uxListRemove
                0x08002168       0x54 Middlewares/Third_Party/FreeRTOS/Source/list.o
                0x08002168                uxListRemove
 .text.xTaskIncrementTick
                0x080021bc      0x178 Middlewares/Third_Party/FreeRTOS/Source/tasks.o
                0x080021bc                xTaskIncrementTick
 .text.vTaskSwitchContext
                0x08002334       0xb4 Middlewares/Third_Party/FreeRTOS/Source/tasks.o
                0x08002334                vTaskSwitchContext
 .text.prvResetNextTaskUnblockTime
                0x080023e8       0x48 Middlewares/Third_Party/FreeRTOS/Source/tasks.o
 .text.xTaskGetSchedulerState
                0x08002430       0x3c Middlewares/Third_Party/FreeRTOS/Source/tasks.o
                0x08002430                xTaskGetSchedulerState
 *fill*         0x0800246c        0x4 
 .text.SVC_Handler
                0x08002470       0x28 Middlewares/Third_Party/FreeRTOS/Source/portable/GCC/ARM_CM3/port.o
                0x08002470                SVC_Handler
 *fill*         0x08002498        0x8 
 .text.PendSV_Handler
                0x080024a0       0x48 Middlewares/Third_Party/FreeRTOS/Source/portable/GCC/ARM_CM3/port.o
                0x080024a0                PendSV_Handler
 .text.xPortSysTickHandler
                0x080024e8       0x40 Middlewares/Third_Party/FreeRTOS/Source/portable/GCC/ARM_CM3/port.o
                0x080024e8                xPortSysTickHandler
 .text.BSP_LED_On
                0x08002528       0x28 Utilities/STM32F1xx_Nucleo/stm32f1xx_nucleo.o
                0x08002528                BSP_LED_On
 .text.main     0x08002550       0xd4 src/main.o
                0x08002550                main
 .text.__io_putchar
                0x08002624       0x24 src/main.o
                0x08002624                __io_putchar
 .text.SystemClock_Config
                0x08002648       0x8c src/main.o
                0x08002648                SystemClock_Config
 .text.Error_Handler
                0x080026d4        0xc src/main.o
 .text.HAL_UART_MspInit
                0x080026e0       0x90 src/stm32f1xx_hal_msp.o
                0x080026e0                HAL_UART_MspInit
 .text.SysTick_Handler
                0x08002770       0x14 src/stm32f1xx_it.o
                0x08002770                SysTick_Handler
 .text._read    0x08002784       0x3c src/syscalls.o
                0x08002784                _read
 .text._write   0x080027c0       0x38 src/syscalls.o
                0x080027c0                _write
 .text._sbrk    0x080027f8       0x58 src/syscalls.o
                0x080027f8                _sbrk
 .text._close   0x08002850       0x18 src/syscalls.o
                0x08002850                _close
 .text._fstat   0x08002868       0x20 src/syscalls.o
                0x08002868                _fstat
 .text._isatty  0x08002888       0x14 src/syscalls.o
                0x08002888                _isatty
 .text._lseek   0x0800289c       0x18 src/syscalls.o
                0x0800289c                _lseek
 .text.SystemInit
                0x080028b4       0x68 src/system_stm32f1xx.o
                0x080028b4                SystemInit
 .text.Reset_Handler
                0x0800291c       0x48 startup/startup_stm32f103xb.o
                0x0800291c                Reset_Handler
 .text.Default_Handler
                0x08002964        0x2 startup/startup_stm32f103xb.o
                0x08002964                RTC_Alarm_IRQHandler
                0x08002964                EXTI2_IRQHandler
                0x08002964                DebugMon_Handler
                0x08002964                TIM1_CC_IRQHandler
                0x08002964                HardFault_Handler
                0x08002964                PVD_IRQHandler
                0x08002964                NMI_Handler
                0x08002964                EXTI3_IRQHandler
                0x08002964                EXTI0_IRQHandler
                0x08002964                I2C2_EV_IRQHandler
                0x08002964                UsageFault_Handler
                0x08002964                ADC1_2_IRQHandler
                0x08002964                SPI1_IRQHandler
                0x08002964                TAMPER_IRQHandler
                0x08002964                DMA1_Channel4_IRQHandler
                0x08002964                USART3_IRQHandler
                0x08002964                RTC_IRQHandler
                0x08002964                DMA1_Channel7_IRQHandler
                0x08002964                CAN1_RX1_IRQHandler
                0x08002964                TIM4_IRQHandler
                0x08002964                I2C1_EV_IRQHandler
                0x08002964                DMA1_Channel6_IRQHandler
                0x08002964                TIM3_IRQHandler
                0x08002964                RCC_IRQHandler
                0x08002964                TIM1_TRG_COM_IRQHandler
                0x08002964                DMA1_Channel1_IRQHandler
                0x08002964                Default_Handler
                0x08002964                EXTI15_10_IRQHandler
                0x08002964                EXTI9_5_IRQHandler
                0x08002964                SPI2_IRQHandler
                0x08002964                MemManage_Handler
                0x08002964                DMA1_Channel5_IRQHandler
                0x08002964                EXTI4_IRQHandler
                0x08002964                USB_LP_CAN1_RX0_IRQHandler
                0x08002964                USB_HP_CAN1_TX_IRQHandler
                0x08002964                DMA1_Channel3_IRQHandler
                0x08002964                TIM1_UP_IRQHandler
                0x08002964                WWDG_IRQHandler
                0x08002964                TIM2_IRQHandler
                0x08002964                TIM1_BRK_IRQHandler
                0x08002964                EXTI1_IRQHandler
                0x08002964                USART2_IRQHandler
                0x08002964                I2C2_ER_IRQHandler
                0x08002964                DMA1_Channel2_IRQHandler
                0x08002964                CAN1_SCE_IRQHandler
                0x08002964                FLASH_IRQHandler
                0x08002964                BusFault_Handler
                0x08002964                USART1_IRQHandler
                0x08002964                I2C1_ER_IRQHandler
                0x08002964                USBWakeUp_IRQHandler
 *fill*         0x08002966        0x2 
 .text.__errno  0x08002968        0xc c:/stm32toolchain/openstm32/plugins/fr.ac6.mcu.externaltools.arm-none.win32_1.13.3.201707031232/tools/compiler/bin/../lib/gcc/arm-none-eabi/5.4.1/../../../../arm-none-eabi/lib/armv7-m\libc.a(lib_a-errno.o)
                0x08002968                __errno
 .text.__libc_init_array
                0x08002974       0x50 c:/stm32toolchain/openstm32/plugins/fr.ac6.mcu.externaltools.arm-none.win32_1.13.3.201707031232/tools/compiler/bin/../lib/gcc/arm-none-eabi/5.4.1/../../../../arm-none-eabi/lib/armv7-m\libc.a(lib_a-init.o)
                0x08002974                __libc_init_array
 .text.memset   0x080029c4       0x9c c:/stm32toolchain/openstm32/plugins/fr.ac6.mcu.externaltools.arm-none.win32_1.13.3.201707031232/tools/compiler/bin/../lib/gcc/arm-none-eabi/5.4.1/../../../../arm-none-eabi/lib/armv7-m\libc.a(lib_a-memset.o)
                0x080029c4                memset
 .text.printf   0x08002a60       0x28 c:/stm32toolchain/openstm32/plugins/fr.ac6.mcu.externaltools.arm-none.win32_1.13.3.201707031232/tools/compiler/bin/../lib/gcc/arm-none-eabi/5.4.1/../../../../arm-none-eabi/lib/armv7-m\libc.a(lib_a-printf.o)
                0x08002a60                printf
 .text._vfprintf_r
                0x08002a88     0x1798 c:/stm32toolchain/openstm32/plugins/fr.ac6.mcu.externaltools.arm-none.win32_1.13.3.201707031232/tools/compiler/bin/../lib/gcc/arm-none-eabi/5.4.1/../../../../arm-none-eabi/lib/armv7-m\libc.a(lib_a-vfprintf.o)
                0x08002a88                _vfprintf_r
 .text.__sbprintf
                0x08004220       0x6c c:/stm32toolchain/openstm32/plugins/fr.ac6.mcu.externaltools.arm-none.win32_1.13.3.201707031232/tools/compiler/bin/../lib/gcc/arm-none-eabi/5.4.1/../../../../arm-none-eabi/lib/armv7-m\libc.a(lib_a-vfprintf.o)
 .text.__swsetup_r
                0x0800428c       0xc8 c:/stm32toolchain/openstm32/plugins/fr.ac6.mcu.externaltools.arm-none.win32_1.13.3.201707031232/tools/compiler/bin/../lib/gcc/arm-none-eabi/5.4.1/../../../../arm-none-eabi/lib/armv7-m\libc.a(lib_a-wsetup.o)
                0x0800428c                __swsetup_r
 .text.startup.register_fini
                0x08004354       0x14 c:/stm32toolchain/openstm32/plugins/fr.ac6.mcu.externaltools.arm-none.win32_1.13.3.201707031232/tools/compiler/bin/../lib/gcc/arm-none-eabi/5.4.1/../../../../arm-none-eabi/lib/armv7-m\libc.a(lib_a-__call_atexit.o)
 .text.atexit   0x08004368        0xc c:/stm32toolchain/openstm32/plugins/fr.ac6.mcu.externaltools.arm-none.win32_1.13.3.201707031232/tools/compiler/bin/../lib/gcc/arm-none-eabi/5.4.1/../../../../arm-none-eabi/lib/armv7-m\libc.a(lib_a-atexit.o)
                0x08004368                atexit
 .text.quorem   0x08004374      0x12c c:/stm32toolchain/openstm32/plugins/fr.ac6.mcu.externaltools.arm-none.win32_1.13.3.201707031232/tools/compiler/bin/../lib/gcc/arm-none-eabi/5.4.1/../../../../arm-none-eabi/lib/armv7-m\libc.a(lib_a-dtoa.o)
 .text._dtoa_r  0x080044a0      0xe4c c:/stm32toolchain/openstm32/plugins/fr.ac6.mcu.externaltools.arm-none.win32_1.13.3.201707031232/tools/compiler/bin/../lib/gcc/arm-none-eabi/5.4.1/../../../../arm-none-eabi/lib/armv7-m\libc.a(lib_a-dtoa.o)
                0x080044a0                _dtoa_r
 .text.__sflush_r
                0x080052ec      0x148 c:/stm32toolchain/openstm32/plugins/fr.ac6.mcu.externaltools.arm-none.win32_1.13.3.201707031232/tools/compiler/bin/../lib/gcc/arm-none-eabi/5.4.1/../../../../arm-none-eabi/lib/armv7-m\libc.a(lib_a-fflush.o)
                0x080052ec                __sflush_r
 .text._fflush_r
                0x08005434       0x2c c:/stm32toolchain/openstm32/plugins/fr.ac6.mcu.externaltools.arm-none.win32_1.13.3.201707031232/tools/compiler/bin/../lib/gcc/arm-none-eabi/5.4.1/../../../../arm-none-eabi/lib/armv7-m\libc.a(lib_a-fflush.o)
                0x08005434                _fflush_r
 .text._cleanup_r
                0x08005460        0xc c:/stm32toolchain/openstm32/plugins/fr.ac6.mcu.externaltools.arm-none.win32_1.13.3.201707031232/tools/compiler/bin/../lib/gcc/arm-none-eabi/5.4.1/../../../../arm-none-eabi/lib/armv7-m\libc.a(lib_a-findfp.o)
                0x08005460                _cleanup_r
 .text.__sinit.part.1
                0x0800546c       0xf0 c:/stm32toolchain/openstm32/plugins/fr.ac6.mcu.externaltools.arm-none.win32_1.13.3.201707031232/tools/compiler/bin/../lib/gcc/arm-none-eabi/5.4.1/../../../../arm-none-eabi/lib/armv7-m\libc.a(lib_a-findfp.o)
 .text.__sinit  0x0800555c        0xc c:/stm32toolchain/openstm32/plugins/fr.ac6.mcu.externaltools.arm-none.win32_1.13.3.201707031232/tools/compiler/bin/../lib/gcc/arm-none-eabi/5.4.1/../../../../arm-none-eabi/lib/armv7-m\libc.a(lib_a-findfp.o)
                0x0800555c                __sinit
 .text.__sfp_lock_acquire
                0x08005568        0x4 c:/stm32toolchain/openstm32/plugins/fr.ac6.mcu.externaltools.arm-none.win32_1.13.3.201707031232/tools/compiler/bin/../lib/gcc/arm-none-eabi/5.4.1/../../../../arm-none-eabi/lib/armv7-m\libc.a(lib_a-findfp.o)
                0x08005568                __sfp_lock_acquire
 .text.__sfp_lock_release
                0x0800556c        0x4 c:/stm32toolchain/openstm32/plugins/fr.ac6.mcu.externaltools.arm-none.win32_1.13.3.201707031232/tools/compiler/bin/../lib/gcc/arm-none-eabi/5.4.1/../../../../arm-none-eabi/lib/armv7-m\libc.a(lib_a-findfp.o)
                0x0800556c                __sfp_lock_release
 .text.__libc_fini_array
                0x08005570       0x28 c:/stm32toolchain/openstm32/plugins/fr.ac6.mcu.externaltools.arm-none.win32_1.13.3.201707031232/tools/compiler/bin/../lib/gcc/arm-none-eabi/5.4.1/../../../../arm-none-eabi/lib/armv7-m\libc.a(lib_a-fini.o)
                0x08005570                __libc_fini_array
 .text._malloc_trim_r
                0x08005598       0x9c c:/stm32toolchain/openstm32/plugins/fr.ac6.mcu.externaltools.arm-none.win32_1.13.3.201707031232/tools/compiler/bin/../lib/gcc/arm-none-eabi/5.4.1/../../../../arm-none-eabi/lib/armv7-m\libc.a(lib_a-freer.o)
                0x08005598                _malloc_trim_r
 .text._free_r  0x08005634      0x1d0 c:/stm32toolchain/openstm32/plugins/fr.ac6.mcu.externaltools.arm-none.win32_1.13.3.201707031232/tools/compiler/bin/../lib/gcc/arm-none-eabi/5.4.1/../../../../arm-none-eabi/lib/armv7-m\libc.a(lib_a-freer.o)
                0x08005634                _free_r
 .text._fwalk_reent
                0x08005804       0x50 c:/stm32toolchain/openstm32/plugins/fr.ac6.mcu.externaltools.arm-none.win32_1.13.3.201707031232/tools/compiler/bin/../lib/gcc/arm-none-eabi/5.4.1/../../../../arm-none-eabi/lib/armv7-m\libc.a(lib_a-fwalk.o)
                0x08005804                _fwalk_reent
 .text._localeconv_r
                0x08005854       0x1c c:/stm32toolchain/openstm32/plugins/fr.ac6.mcu.externaltools.arm-none.win32_1.13.3.201707031232/tools/compiler/bin/../lib/gcc/arm-none-eabi/5.4.1/../../../../arm-none-eabi/lib/armv7-m\libc.a(lib_a-localeconv.o)
                0x08005854                _localeconv_r
 .text.__swhatbuf_r
                0x08005870       0x60 c:/stm32toolchain/openstm32/plugins/fr.ac6.mcu.externaltools.arm-none.win32_1.13.3.201707031232/tools/compiler/bin/../lib/gcc/arm-none-eabi/5.4.1/../../../../arm-none-eabi/lib/armv7-m\libc.a(lib_a-makebuf.o)
                0x08005870                __swhatbuf_r
 .text.__smakebuf_r
                0x080058d0       0x88 c:/stm32toolchain/openstm32/plugins/fr.ac6.mcu.externaltools.arm-none.win32_1.13.3.201707031232/tools/compiler/bin/../lib/gcc/arm-none-eabi/5.4.1/../../../../arm-none-eabi/lib/armv7-m\libc.a(lib_a-makebuf.o)
                0x080058d0                __smakebuf_r
 .text._malloc_r
                0x08005958      0x558 c:/stm32toolchain/openstm32/plugins/fr.ac6.mcu.externaltools.arm-none.win32_1.13.3.201707031232/tools/compiler/bin/../lib/gcc/arm-none-eabi/5.4.1/../../../../arm-none-eabi/lib/armv7-m\libc.a(lib_a-mallocr.o)
                0x08005958                _malloc_r
 .text.memchr   0x08005eb0       0x8c c:/stm32toolchain/openstm32/plugins/fr.ac6.mcu.externaltools.arm-none.win32_1.13.3.201707031232/tools/compiler/bin/../lib/gcc/arm-none-eabi/5.4.1/../../../../arm-none-eabi/lib/armv7-m\libc.a(lib_a-memchr-stub.o)
                0x08005eb0                memchr
 .text.__malloc_lock
                0x08005f3c        0x4 c:/stm32toolchain/openstm32/plugins/fr.ac6.mcu.externaltools.arm-none.win32_1.13.3.201707031232/tools/compiler/bin/../lib/gcc/arm-none-eabi/5.4.1/../../../../arm-none-eabi/lib/armv7-m\libc.a(lib_a-mlock.o)
                0x08005f3c                __malloc_lock
 .text.__malloc_unlock
                0x08005f40        0x4 c:/stm32toolchain/openstm32/plugins/fr.ac6.mcu.externaltools.arm-none.win32_1.13.3.201707031232/tools/compiler/bin/../lib/gcc/arm-none-eabi/5.4.1/../../../../arm-none-eabi/lib/armv7-m\libc.a(lib_a-mlock.o)
                0x08005f40                __malloc_unlock
 .text._Balloc  0x08005f44       0x50 c:/stm32toolchain/openstm32/plugins/fr.ac6.mcu.externaltools.arm-none.win32_1.13.3.201707031232/tools/compiler/bin/../lib/gcc/arm-none-eabi/5.4.1/../../../../arm-none-eabi/lib/armv7-m\libc.a(lib_a-mprec.o)
                0x08005f44                _Balloc
 .text._Bfree   0x08005f94       0x14 c:/stm32toolchain/openstm32/plugins/fr.ac6.mcu.externaltools.arm-none.win32_1.13.3.201707031232/tools/compiler/bin/../lib/gcc/arm-none-eabi/5.4.1/../../../../arm-none-eabi/lib/armv7-m\libc.a(lib_a-mprec.o)
                0x08005f94                _Bfree
 .text.__multadd
                0x08005fa8       0x80 c:/stm32toolchain/openstm32/plugins/fr.ac6.mcu.externaltools.arm-none.win32_1.13.3.201707031232/tools/compiler/bin/../lib/gcc/arm-none-eabi/5.4.1/../../../../arm-none-eabi/lib/armv7-m\libc.a(lib_a-mprec.o)
                0x08005fa8                __multadd
 .text.__hi0bits
                0x08006028       0x40 c:/stm32toolchain/openstm32/plugins/fr.ac6.mcu.externaltools.arm-none.win32_1.13.3.201707031232/tools/compiler/bin/../lib/gcc/arm-none-eabi/5.4.1/../../../../arm-none-eabi/lib/armv7-m\libc.a(lib_a-mprec.o)
                0x08006028                __hi0bits
 .text.__lo0bits
                0x08006068       0x5c c:/stm32toolchain/openstm32/plugins/fr.ac6.mcu.externaltools.arm-none.win32_1.13.3.201707031232/tools/compiler/bin/../lib/gcc/arm-none-eabi/5.4.1/../../../../arm-none-eabi/lib/armv7-m\libc.a(lib_a-mprec.o)
                0x08006068                __lo0bits
 .text.__i2b    0x080060c4       0x14 c:/stm32toolchain/openstm32/plugins/fr.ac6.mcu.externaltools.arm-none.win32_1.13.3.201707031232/tools/compiler/bin/../lib/gcc/arm-none-eabi/5.4.1/../../../../arm-none-eabi/lib/armv7-m\libc.a(lib_a-mprec.o)
                0x080060c4                __i2b
 .text.__multiply
                0x080060d8      0x13c c:/stm32toolchain/openstm32/plugins/fr.ac6.mcu.externaltools.arm-none.win32_1.13.3.201707031232/tools/compiler/bin/../lib/gcc/arm-none-eabi/5.4.1/../../../../arm-none-eabi/lib/armv7-m\libc.a(lib_a-mprec.o)
                0x080060d8                __multiply
 .text.__pow5mult
                0x08006214       0xa0 c:/stm32toolchain/openstm32/plugins/fr.ac6.mcu.externaltools.arm-none.win32_1.13.3.201707031232/tools/compiler/bin/../lib/gcc/arm-none-eabi/5.4.1/../../../../arm-none-eabi/lib/armv7-m\libc.a(lib_a-mprec.o)
                0x08006214                __pow5mult
 .text.__lshift
                0x080062b4       0xac c:/stm32toolchain/openstm32/plugins/fr.ac6.mcu.externaltools.arm-none.win32_1.13.3.201707031232/tools/compiler/bin/../lib/gcc/arm-none-eabi/5.4.1/../../../../arm-none-eabi/lib/armv7-m\libc.a(lib_a-mprec.o)
                0x080062b4                __lshift
 .text.__mcmp   0x08006360       0x40 c:/stm32toolchain/openstm32/plugins/fr.ac6.mcu.externaltools.arm-none.win32_1.13.3.201707031232/tools/compiler/bin/../lib/gcc/arm-none-eabi/5.4.1/../../../../arm-none-eabi/lib/armv7-m\libc.a(lib_a-mprec.o)
                0x08006360                __mcmp
 .text.__mdiff  0x080063a0      0x128 c:/stm32toolchain/openstm32/plugins/fr.ac6.mcu.externaltools.arm-none.win32_1.13.3.201707031232/tools/compiler/bin/../lib/gcc/arm-none-eabi/5.4.1/../../../../arm-none-eabi/lib/armv7-m\libc.a(lib_a-mprec.o)
                0x080063a0                __mdiff
 .text.__d2b    0x080064c8       0xa8 c:/stm32toolchain/openstm32/plugins/fr.ac6.mcu.externaltools.arm-none.win32_1.13.3.201707031232/tools/compiler/bin/../lib/gcc/arm-none-eabi/5.4.1/../../../../arm-none-eabi/lib/armv7-m\libc.a(lib_a-mprec.o)
                0x080064c8                __d2b
 .text._sbrk_r  0x08006570       0x24 c:/stm32toolchain/openstm32/plugins/fr.ac6.mcu.externaltools.arm-none.win32_1.13.3.201707031232/tools/compiler/bin/../lib/gcc/arm-none-eabi/5.4.1/../../../../arm-none-eabi/lib/armv7-m\libc.a(lib_a-sbrkr.o)
                0x08006570                _sbrk_r
 .text.__sread  0x08006594       0x24 c:/stm32toolchain/openstm32/plugins/fr.ac6.mcu.externaltools.arm-none.win32_1.13.3.201707031232/tools/compiler/bin/../lib/gcc/arm-none-eabi/5.4.1/../../../../arm-none-eabi/lib/armv7-m\libc.a(lib_a-stdio.o)
                0x08006594                __sread
 .text.__swrite
                0x080065b8       0x3c c:/stm32toolchain/openstm32/plugins/fr.ac6.mcu.externaltools.arm-none.win32_1.13.3.201707031232/tools/compiler/bin/../lib/gcc/arm-none-eabi/5.4.1/../../../../arm-none-eabi/lib/armv7-m\libc.a(lib_a-stdio.o)
                0x080065b8                __swrite
 .text.__sseek  0x080065f4       0x20 c:/stm32toolchain/openstm32/plugins/fr.ac6.mcu.externaltools.arm-none.win32_1.13.3.201707031232/tools/compiler/bin/../lib/gcc/arm-none-eabi/5.4.1/../../../../arm-none-eabi/lib/armv7-m\libc.a(lib_a-stdio.o)
                0x080065f4                __sseek
 .text.__sclose
                0x08006614        0x8 c:/stm32toolchain/openstm32/plugins/fr.ac6.mcu.externaltools.arm-none.win32_1.13.3.201707031232/tools/compiler/bin/../lib/gcc/arm-none-eabi/5.4.1/../../../../arm-none-eabi/lib/armv7-m\libc.a(lib_a-stdio.o)
                0x08006614                __sclose
 .text.strlen   0x0800661c       0x5c c:/stm32toolchain/openstm32/plugins/fr.ac6.mcu.externaltools.arm-none.win32_1.13.3.201707031232/tools/compiler/bin/../lib/gcc/arm-none-eabi/5.4.1/../../../../arm-none-eabi/lib/armv7-m\libc.a(lib_a-strlen-stub.o)
                0x0800661c                strlen
 .text.__sprint_r.part.0
                0x08006678       0x78 c:/stm32toolchain/openstm32/plugins/fr.ac6.mcu.externaltools.arm-none.win32_1.13.3.201707031232/tools/compiler/bin/../lib/gcc/arm-none-eabi/5.4.1/../../../../arm-none-eabi/lib/armv7-m\libc.a(lib_a-vfiprintf.o)
 .text.__sprint_r
                0x080066f0       0x14 c:/stm32toolchain/openstm32/plugins/fr.ac6.mcu.externaltools.arm-none.win32_1.13.3.201707031232/tools/compiler/bin/../lib/gcc/arm-none-eabi/5.4.1/../../../../arm-none-eabi/lib/armv7-m\libc.a(lib_a-vfiprintf.o)
                0x080066f0                __sprint_r
 .text._write_r
                0x08006704       0x2c c:/stm32toolchain/openstm32/plugins/fr.ac6.mcu.externaltools.arm-none.win32_1.13.3.201707031232/tools/compiler/bin/../lib/gcc/arm-none-eabi/5.4.1/../../../../arm-none-eabi/lib/armv7-m\libc.a(lib_a-writer.o)
                0x08006704                _write_r
 .text.__register_exitproc
                0x08006730       0xa4 c:/stm32toolchain/openstm32/plugins/fr.ac6.mcu.externaltools.arm-none.win32_1.13.3.201707031232/tools/compiler/bin/../lib/gcc/arm-none-eabi/5.4.1/../../../../arm-none-eabi/lib/armv7-m\libc.a(lib_a-__atexit.o)
                0x08006730                __register_exitproc
 .text._calloc_r
                0x080067d4       0x60 c:/stm32toolchain/openstm32/plugins/fr.ac6.mcu.externaltools.arm-none.win32_1.13.3.201707031232/tools/compiler/bin/../lib/gcc/arm-none-eabi/5.4.1/../../../../arm-none-eabi/lib/armv7-m\libc.a(lib_a-callocr.o)
                0x080067d4                _calloc_r
 .text._close_r
                0x08006834       0x24 c:/stm32toolchain/openstm32/plugins/fr.ac6.mcu.externaltools.arm-none.win32_1.13.3.201707031232/tools/compiler/bin/../lib/gcc/arm-none-eabi/5.4.1/../../../../arm-none-eabi/lib/armv7-m\libc.a(lib_a-closer.o)
                0x08006834                _close_r
 .text._fclose_r
                0x08006858       0x84 c:/stm32toolchain/openstm32/plugins/fr.ac6.mcu.externaltools.arm-none.win32_1.13.3.201707031232/tools/compiler/bin/../lib/gcc/arm-none-eabi/5.4.1/../../../../arm-none-eabi/lib/armv7-m\libc.a(lib_a-fclose.o)
                0x08006858                _fclose_r
 .text.__fputwc
                0x080068dc       0x94 c:/stm32toolchain/openstm32/plugins/fr.ac6.mcu.externaltools.arm-none.win32_1.13.3.201707031232/tools/compiler/bin/../lib/gcc/arm-none-eabi/5.4.1/../../../../arm-none-eabi/lib/armv7-m\libc.a(lib_a-fputwc.o)
                0x080068dc                __fputwc
 .text._fputwc_r
                0x08006970       0x24 c:/stm32toolchain/openstm32/plugins/fr.ac6.mcu.externaltools.arm-none.win32_1.13.3.201707031232/tools/compiler/bin/../lib/gcc/arm-none-eabi/5.4.1/../../../../arm-none-eabi/lib/armv7-m\libc.a(lib_a-fputwc.o)
                0x08006970                _fputwc_r
 .text._fstat_r
                0x08006994       0x28 c:/stm32toolchain/openstm32/plugins/fr.ac6.mcu.externaltools.arm-none.win32_1.13.3.201707031232/tools/compiler/bin/../lib/gcc/arm-none-eabi/5.4.1/../../../../arm-none-eabi/lib/armv7-m\libc.a(lib_a-fstatr.o)
                0x08006994                _fstat_r
 .text.__sfvwrite_r
                0x080069bc      0x308 c:/stm32toolchain/openstm32/plugins/fr.ac6.mcu.externaltools.arm-none.win32_1.13.3.201707031232/tools/compiler/bin/../lib/gcc/arm-none-eabi/5.4.1/../../../../arm-none-eabi/lib/armv7-m\libc.a(lib_a-fvwrite.o)
                0x080069bc                __sfvwrite_r
 .text._isatty_r
                0x08006cc4       0x24 c:/stm32toolchain/openstm32/plugins/fr.ac6.mcu.externaltools.arm-none.win32_1.13.3.201707031232/tools/compiler/bin/../lib/gcc/arm-none-eabi/5.4.1/../../../../arm-none-eabi/lib/armv7-m\libc.a(lib_a-isattyr.o)
                0x08006cc4                _isatty_r
 .text.__locale_mb_cur_max
                0x08006ce8       0x1c c:/stm32toolchain/openstm32/plugins/fr.ac6.mcu.externaltools.arm-none.win32_1.13.3.201707031232/tools/compiler/bin/../lib/gcc/arm-none-eabi/5.4.1/../../../../arm-none-eabi/lib/armv7-m\libc.a(lib_a-locale.o)
                0x08006ce8                __locale_mb_cur_max
 .text._lseek_r
                0x08006d04       0x2c c:/stm32toolchain/openstm32/plugins/fr.ac6.mcu.externaltools.arm-none.win32_1.13.3.201707031232/tools/compiler/bin/../lib/gcc/arm-none-eabi/5.4.1/../../../../arm-none-eabi/lib/armv7-m\libc.a(lib_a-lseekr.o)
                0x08006d04                _lseek_r
 .text.__ascii_mbtowc
                0x08006d30       0x2c c:/stm32toolchain/openstm32/plugins/fr.ac6.mcu.externaltools.arm-none.win32_1.13.3.201707031232/tools/compiler/bin/../lib/gcc/arm-none-eabi/5.4.1/../../../../arm-none-eabi/lib/armv7-m\libc.a(lib_a-mbtowc_r.o)
                0x08006d30                __ascii_mbtowc
 .text.memmove  0x08006d5c       0xc8 c:/stm32toolchain/openstm32/plugins/fr.ac6.mcu.externaltools.arm-none.win32_1.13.3.201707031232/tools/compiler/bin/../lib/gcc/arm-none-eabi/5.4.1/../../../../arm-none-eabi/lib/armv7-m\libc.a(lib_a-memmove.o)
                0x08006d5c                memmove
 .text._read_r  0x08006e24       0x2c c:/stm32toolchain/openstm32/plugins/fr.ac6.mcu.externaltools.arm-none.win32_1.13.3.201707031232/tools/compiler/bin/../lib/gcc/arm-none-eabi/5.4.1/../../../../arm-none-eabi/lib/armv7-m\libc.a(lib_a-readr.o)
                0x08006e24                _read_r
 .text._realloc_r
                0x08006e50      0x3d4 c:/stm32toolchain/openstm32/plugins/fr.ac6.mcu.externaltools.arm-none.win32_1.13.3.201707031232/tools/compiler/bin/../lib/gcc/arm-none-eabi/5.4.1/../../../../arm-none-eabi/lib/armv7-m\libc.a(lib_a-reallocr.o)
                0x08006e50                _realloc_r
 .text.__swbuf_r
                0x08007224       0xac c:/stm32toolchain/openstm32/plugins/fr.ac6.mcu.externaltools.arm-none.win32_1.13.3.201707031232/tools/compiler/bin/../lib/gcc/arm-none-eabi/5.4.1/../../../../arm-none-eabi/lib/armv7-m\libc.a(lib_a-wbuf.o)
                0x08007224                __swbuf_r
 .text._wcrtomb_r
                0x080072d0       0x54 c:/stm32toolchain/openstm32/plugins/fr.ac6.mcu.externaltools.arm-none.win32_1.13.3.201707031232/tools/compiler/bin/../lib/gcc/arm-none-eabi/5.4.1/../../../../arm-none-eabi/lib/armv7-m\libc.a(lib_a-wcrtomb.o)
                0x080072d0                _wcrtomb_r
 .text.__ascii_wctomb
                0x08007324       0x1c c:/stm32toolchain/openstm32/plugins/fr.ac6.mcu.externaltools.arm-none.win32_1.13.3.201707031232/tools/compiler/bin/../lib/gcc/arm-none-eabi/5.4.1/../../../../arm-none-eabi/lib/armv7-m\libc.a(lib_a-wctomb_r.o)
                0x08007324                __ascii_wctomb
 *(.glue_7)
 .glue_7        0x08007340        0x0 linker stubs
 *(.glue_7t)
 .glue_7t       0x08007340        0x0 linker stubs
 *(.eh_frame)
 .eh_frame      0x08007340        0x0 c:/stm32toolchain/openstm32/plugins/fr.ac6.mcu.externaltools.arm-none.win32_1.13.3.201707031232/tools/compiler/bin/../lib/gcc/arm-none-eabi/5.4.1/armv7-m/crtbegin.o
 *(.init)
 .init          0x08007340        0x4 c:/stm32toolchain/openstm32/plugins/fr.ac6.mcu.externaltools.arm-none.win32_1.13.3.201707031232/tools/compiler/bin/../lib/gcc/arm-none-eabi/5.4.1/armv7-m/crti.o
                0x08007340                _init
 .init          0x08007344        0x8 c:/stm32toolchain/openstm32/plugins/fr.ac6.mcu.externaltools.arm-none.win32_1.13.3.201707031232/tools/compiler/bin/../lib/gcc/arm-none-eabi/5.4.1/armv7-m/crtn.o
 *(.fini)
 .fini          0x0800734c        0x4 c:/stm32toolchain/openstm32/plugins/fr.ac6.mcu.externaltools.arm-none.win32_1.13.3.201707031232/tools/compiler/bin/../lib/gcc/arm-none-eabi/5.4.1/armv7-m/crti.o
                0x0800734c                _fini
 .fini          0x08007350        0x8 c:/stm32toolchain/openstm32/plugins/fr.ac6.mcu.externaltools.arm-none.win32_1.13.3.201707031232/tools/compiler/bin/../lib/gcc/arm-none-eabi/5.4.1/armv7-m/crtn.o
                0x08007358                . = ALIGN (0x4)
                0x08007358                _etext = .

.vfp11_veneer   0x08007358        0x0
 .vfp11_veneer  0x08007358        0x0 linker stubs

.v4_bx          0x08007358        0x0
 .v4_bx         0x08007358        0x0 linker stubs

.iplt           0x08007358        0x0
 .iplt          0x08007358        0x0 c:/stm32toolchain/openstm32/plugins/fr.ac6.mcu.externaltools.arm-none.win32_1.13.3.201707031232/tools/compiler/bin/../lib/gcc/arm-none-eabi/5.4.1/armv7-m/crtbegin.o

.rodata         0x08007358      0x34c
                0x08007358                . = ALIGN (0x4)
 *(.rodata)
 .rodata        0x08007358       0x12 HAL_Driver/Src/stm32f1xx_hal_rcc.o
 *fill*         0x0800736a        0x2 
 .rodata        0x0800736c       0x91 src/main.o
 *fill*         0x080073fd        0x3 
 .rodata        0x08007400       0x18 src/system_stm32f1xx.o
                0x08007400                AHBPrescTable
                0x08007410                APBPrescTable
 *(.rodata*)
 .rodata._global_impure_ptr
                0x08007418        0x4 c:/stm32toolchain/openstm32/plugins/fr.ac6.mcu.externaltools.arm-none.win32_1.13.3.201707031232/tools/compiler/bin/../lib/gcc/arm-none-eabi/5.4.1/../../../../arm-none-eabi/lib/armv7-m\libc.a(lib_a-impure.o)
                0x08007418                _global_impure_ptr
 .rodata.zeroes.7271
                0x0800741c       0x10 c:/stm32toolchain/openstm32/plugins/fr.ac6.mcu.externaltools.arm-none.win32_1.13.3.201707031232/tools/compiler/bin/../lib/gcc/arm-none-eabi/5.4.1/../../../../arm-none-eabi/lib/armv7-m\libc.a(lib_a-vfprintf.o)
 .rodata.str1.4
                0x0800742c       0x42 c:/stm32toolchain/openstm32/plugins/fr.ac6.mcu.externaltools.arm-none.win32_1.13.3.201707031232/tools/compiler/bin/../lib/gcc/arm-none-eabi/5.4.1/../../../../arm-none-eabi/lib/armv7-m\libc.a(lib_a-vfprintf.o)
 *fill*         0x0800746e        0x2 
 .rodata.blanks.7270
                0x08007470       0x10 c:/stm32toolchain/openstm32/plugins/fr.ac6.mcu.externaltools.arm-none.win32_1.13.3.201707031232/tools/compiler/bin/../lib/gcc/arm-none-eabi/5.4.1/../../../../arm-none-eabi/lib/armv7-m\libc.a(lib_a-vfprintf.o)
 .rodata.str1.4
                0x08007480       0x10 c:/stm32toolchain/openstm32/plugins/fr.ac6.mcu.externaltools.arm-none.win32_1.13.3.201707031232/tools/compiler/bin/../lib/gcc/arm-none-eabi/5.4.1/../../../../arm-none-eabi/lib/armv7-m\libc.a(lib_a-dtoa.o)
                                 0x12 (size before relaxing)
 .rodata.__mprec_tens
                0x08007490       0xc8 c:/stm32toolchain/openstm32/plugins/fr.ac6.mcu.externaltools.arm-none.win32_1.13.3.201707031232/tools/compiler/bin/../lib/gcc/arm-none-eabi/5.4.1/../../../../arm-none-eabi/lib/armv7-m\libc.a(lib_a-mprec.o)
                0x08007490                __mprec_tens
 .rodata.p05.6085
                0x08007558        0xc c:/stm32toolchain/openstm32/plugins/fr.ac6.mcu.externaltools.arm-none.win32_1.13.3.201707031232/tools/compiler/bin/../lib/gcc/arm-none-eabi/5.4.1/../../../../arm-none-eabi/lib/armv7-m\libc.a(lib_a-mprec.o)
 *fill*         0x08007564        0x4 
 .rodata.__mprec_bigtens
                0x08007568       0x28 c:/stm32toolchain/openstm32/plugins/fr.ac6.mcu.externaltools.arm-none.win32_1.13.3.201707031232/tools/compiler/bin/../lib/gcc/arm-none-eabi/5.4.1/../../../../arm-none-eabi/lib/armv7-m\libc.a(lib_a-mprec.o)
                0x08007568                __mprec_bigtens
 .rodata.str1.4
                0x08007590       0x10 c:/stm32toolchain/openstm32/plugins/fr.ac6.mcu.externaltools.arm-none.win32_1.13.3.201707031232/tools/compiler/bin/../lib/gcc/arm-none-eabi/5.4.1/../../../../arm-none-eabi/lib/armv7-m\libc.a(lib_a-locale.o)
                                 0x12 (size before relaxing)
 .rodata._ctype_
                0x080075a0      0x101 c:/stm32toolchain/openstm32/plugins/fr.ac6.mcu.externaltools.arm-none.win32_1.13.3.201707031232/tools/compiler/bin/../lib/gcc/arm-none-eabi/5.4.1/../../../../arm-none-eabi/lib/armv7-m\libc.a(lib_a-ctype_.o)
                0x080075a0                _ctype_
                0x080076a4                . = ALIGN (0x4)
 *fill*         0x080076a1        0x3 

.ARM.extab
 *(.ARM.extab* .gnu.linkonce.armextab.*)

.ARM            0x080076a4        0x8
                0x080076a4                __exidx_start = .
 *(.ARM.exidx*)
 .ARM.exidx     0x080076a4        0x8 c:/stm32toolchain/openstm32/plugins/fr.ac6.mcu.externaltools.arm-none.win32_1.13.3.201707031232/tools/compiler/bin/../lib/gcc/arm-none-eabi/5.4.1/armv7-m\libgcc.a(_udivmoddi4.o)
                0x080076ac                __exidx_end = .

.rel.dyn        0x080076ac        0x0
 .rel.iplt      0x080076ac        0x0 c:/stm32toolchain/openstm32/plugins/fr.ac6.mcu.externaltools.arm-none.win32_1.13.3.201707031232/tools/compiler/bin/../lib/gcc/arm-none-eabi/5.4.1/armv7-m/crtbegin.o

.preinit_array  0x080076ac        0x0
                0x080076ac                PROVIDE (__preinit_array_start, .)
 *(.preinit_array*)
                0x080076ac                PROVIDE (__preinit_array_end, .)

.init_array     0x080076ac        0x8
                0x080076ac                PROVIDE (__init_array_start, .)
 *(SORT(.init_array.*))
 .init_array.00000
                0x080076ac        0x4 c:/stm32toolchain/openstm32/plugins/fr.ac6.mcu.externaltools.arm-none.win32_1.13.3.201707031232/tools/compiler/bin/../lib/gcc/arm-none-eabi/5.4.1/../../../../arm-none-eabi/lib/armv7-m\libc.a(lib_a-__call_atexit.o)
 *(.init_array*)
 .init_array    0x080076b0        0x4 c:/stm32toolchain/openstm32/plugins/fr.ac6.mcu.externaltools.arm-none.win32_1.13.3.201707031232/tools/compiler/bin/../lib/gcc/arm-none-eabi/5.4.1/armv7-m/crtbegin.o
                0x080076b4                PROVIDE (__init_array_end, .)

.fini_array     0x080076b4        0x4
                0x080076b4                PROVIDE (__fini_array_start, .)
 *(SORT(.fini_array.*))
 *(.fini_array*)
 .fini_array    0x080076b4        0x4 c:/stm32toolchain/openstm32/plugins/fr.ac6.mcu.externaltools.arm-none.win32_1.13.3.201707031232/tools/compiler/bin/../lib/gcc/arm-none-eabi/5.4.1/armv7-m/crtbegin.o
                0x080076b8                PROVIDE (__fini_array_end, .)
                0x080076b8                _sidata = LOADADDR (.data)

.data           0x20000000      0x9b8 load address 0x080076b8
                0x20000000                . = ALIGN (0x4)
                0x20000000                _sdata = .
 *(.data)
 .data          0x20000000        0xc Utilities/STM32F1xx_Nucleo/stm32f1xx_nucleo.o
                0x20000000                LED_PORT
                0x20000004                BUTTON_PORT
                0x20000008                SpixTimeout
 .data          0x2000000c        0x4 src/system_stm32f1xx.o
                0x2000000c                SystemCoreClock
 *(.data*)
 .data.impure_data
                0x20000010      0x428 c:/stm32toolchain/openstm32/plugins/fr.ac6.mcu.externaltools.arm-none.win32_1.13.3.201707031232/tools/compiler/bin/../lib/gcc/arm-none-eabi/5.4.1/../../../../arm-none-eabi/lib/armv7-m\libc.a(lib_a-impure.o)
 .data._impure_ptr
                0x20000438        0x4 c:/stm32toolchain/openstm32/plugins/fr.ac6.mcu.externaltools.arm-none.win32_1.13.3.201707031232/tools/compiler/bin/../lib/gcc/arm-none-eabi/5.4.1/../../../../arm-none-eabi/lib/armv7-m\libc.a(lib_a-impure.o)
                0x20000438                _impure_ptr
 .data.__malloc_av_
                0x2000043c      0x408 c:/stm32toolchain/openstm32/plugins/fr.ac6.mcu.externaltools.arm-none.win32_1.13.3.201707031232/tools/compiler/bin/../lib/gcc/arm-none-eabi/5.4.1/../../../../arm-none-eabi/lib/armv7-m\libc.a(lib_a-mallocr.o)
                0x2000043c                __malloc_av_
 .data.__malloc_trim_threshold
                0x20000844        0x4 c:/stm32toolchain/openstm32/plugins/fr.ac6.mcu.externaltools.arm-none.win32_1.13.3.201707031232/tools/compiler/bin/../lib/gcc/arm-none-eabi/5.4.1/../../../../arm-none-eabi/lib/armv7-m\libc.a(lib_a-mallocr.o)
                0x20000844                __malloc_trim_threshold
 .data.__malloc_sbrk_base
                0x20000848        0x4 c:/stm32toolchain/openstm32/plugins/fr.ac6.mcu.externaltools.arm-none.win32_1.13.3.201707031232/tools/compiler/bin/../lib/gcc/arm-none-eabi/5.4.1/../../../../arm-none-eabi/lib/armv7-m\libc.a(lib_a-mallocr.o)
                0x20000848                __malloc_sbrk_base
 .data.__global_locale
                0x2000084c      0x16c c:/stm32toolchain/openstm32/plugins/fr.ac6.mcu.externaltools.arm-none.win32_1.13.3.201707031232/tools/compiler/bin/../lib/gcc/arm-none-eabi/5.4.1/../../../../arm-none-eabi/lib/armv7-m\libc.a(lib_a-locale.o)
                0x2000084c                __global_locale
                0x200009b8                . = ALIGN (0x4)
                0x200009b8                _edata = .

.jcr            0x200009b8        0x0 load address 0x08008070
 .jcr           0x200009b8        0x0 c:/stm32toolchain/openstm32/plugins/fr.ac6.mcu.externaltools.arm-none.win32_1.13.3.201707031232/tools/compiler/bin/../lib/gcc/arm-none-eabi/5.4.1/armv7-m/crtbegin.o

.igot.plt       0x200009b8        0x0 load address 0x08008070
 .igot.plt      0x200009b8        0x0 c:/stm32toolchain/openstm32/plugins/fr.ac6.mcu.externaltools.arm-none.win32_1.13.3.201707031232/tools/compiler/bin/../lib/gcc/arm-none-eabi/5.4.1/armv7-m/crtbegin.o
                0x200009b8                . = ALIGN (0x4)

.bss            0x200009b8      0x1dc load address 0x08008070
                0x200009b8                _sbss = .
                0x200009b8                __bss_start__ = _sbss
 *(.bss)
 .bss           0x200009b8       0x1c c:/stm32toolchain/openstm32/plugins/fr.ac6.mcu.externaltools.arm-none.win32_1.13.3.201707031232/tools/compiler/bin/../lib/gcc/arm-none-eabi/5.4.1/armv7-m/crtbegin.o
 .bss           0x200009d4      0x12c Middlewares/Third_Party/FreeRTOS/Source/tasks.o
                0x200009d4                pxCurrentTCB
 .bss           0x20000b00       0x10 src/main.o
 .bss           0x20000b10        0x8 src/syscalls.o
                0x20000b10                __env
 *(.bss*)
 .bss.__malloc_max_total_mem
                0x20000b18        0x4 c:/stm32toolchain/openstm32/plugins/fr.ac6.mcu.externaltools.arm-none.win32_1.13.3.201707031232/tools/compiler/bin/../lib/gcc/arm-none-eabi/5.4.1/../../../../arm-none-eabi/lib/armv7-m\libc.a(lib_a-mallocr.o)
                0x20000b18                __malloc_max_total_mem
 .bss.__malloc_max_sbrked_mem
                0x20000b1c        0x4 c:/stm32toolchain/openstm32/plugins/fr.ac6.mcu.externaltools.arm-none.win32_1.13.3.201707031232/tools/compiler/bin/../lib/gcc/arm-none-eabi/5.4.1/../../../../arm-none-eabi/lib/armv7-m\libc.a(lib_a-mallocr.o)
                0x20000b1c                __malloc_max_sbrked_mem
 .bss.__malloc_top_pad
                0x20000b20        0x4 c:/stm32toolchain/openstm32/plugins/fr.ac6.mcu.externaltools.arm-none.win32_1.13.3.201707031232/tools/compiler/bin/../lib/gcc/arm-none-eabi/5.4.1/../../../../arm-none-eabi/lib/armv7-m\libc.a(lib_a-mallocr.o)
                0x20000b20                __malloc_top_pad
 .bss.__malloc_current_mallinfo
                0x20000b24       0x28 c:/stm32toolchain/openstm32/plugins/fr.ac6.mcu.externaltools.arm-none.win32_1.13.3.201707031232/tools/compiler/bin/../lib/gcc/arm-none-eabi/5.4.1/../../../../arm-none-eabi/lib/armv7-m\libc.a(lib_a-mallocr.o)
                0x20000b24                __malloc_current_mallinfo
 *(COMMON)
 COMMON         0x20000b4c        0x4 HAL_Driver/Src/stm32f1xx_hal.o
                0x20000b4c                uwTick
 COMMON         0x20000b50       0x40 src/main.o
                0x20000b50                UartHandle
 COMMON         0x20000b90        0x4 c:/stm32toolchain/openstm32/plugins/fr.ac6.mcu.externaltools.arm-none.win32_1.13.3.201707031232/tools/compiler/bin/../lib/gcc/arm-none-eabi/5.4.1/../../../../arm-none-eabi/lib/armv7-m\libc.a(lib_a-reent.o)
                0x20000b90                errno
                0x20000b94                . = ALIGN (0x4)
                0x20000b94                _ebss = .
                0x20000b94                __bss_end__ = _ebss

._user_heap_stack
                0x20000b94      0x604 load address 0x08008070
                0x20000b98                . = ALIGN (0x8)
 *fill*         0x20000b94        0x4 
                0x20000b98                PROVIDE (end, .)
                [!provide]                PROVIDE (_end, .)
                0x20000d98                . = (. + _Min_Heap_Size)
 *fill*         0x20000b98      0x200 
                0x20001198                . = (. + _Min_Stack_Size)
 *fill*         0x20000d98      0x400 
                0x20001198                . = ALIGN (0x8)

/DISCARD/
 libc.a(*)
 libm.a(*)
 libgcc.a(*)

.ARM.attributes
                0x00000000       0x29
 *(.ARM.attributes)
 .ARM.attributes
                0x00000000       0x1d c:/stm32toolchain/openstm32/plugins/fr.ac6.mcu.externaltools.arm-none.win32_1.13.3.201707031232/tools/compiler/bin/../lib/gcc/arm-none-eabi/5.4.1/armv7-m/crti.o
 .ARM.attributes
                0x0000001d       0x2d c:/stm32toolchain/openstm32/plugins/fr.ac6.mcu.externaltools.arm-none.win32_1.13.3.201707031232/tools/compiler/bin/../lib/gcc/arm-none-eabi/5.4.1/armv7-m/crtbegin.o
 .ARM.attributes
                0x0000004a       0x33 HAL_Driver/Src/stm32f1xx_hal.o
 .ARM.attributes
                0x0000007d       0x33 HAL_Driver/Src/stm32f1xx_hal_cortex.o
 .ARM.attributes
                0x000000b0       0x33 HAL_Driver/Src/stm32f1xx_hal_gpio.o
 .ARM.attributes
                0x000000e3       0x33 HAL_Driver/Src/stm32f1xx_hal_msp_template.o
 .ARM.attributes
                0x00000116       0x33 HAL_Driver/Src/stm32f1xx_hal_rcc.o
 .ARM.attributes
                0x00000149       0x33 HAL_Driver/Src/stm32f1xx_hal_uart.o
 .ARM.attributes
                0x0000017c       0x33 Middlewares/Third_Party/FreeRTOS/Source/CMSIS_RTOS/cmsis_os.o
 .ARM.attributes
                0x000001af       0x33 Middlewares/Third_Party/FreeRTOS/Source/list.o
 .ARM.attributes
                0x000001e2       0x33 Middlewares/Third_Party/FreeRTOS/Source/tasks.o
 .ARM.attributes
                0x00000215       0x33 Middlewares/Third_Party/FreeRTOS/Source/portable/GCC/ARM_CM3/port.o
 .ARM.attributes
                0x00000248       0x33 Utilities/STM32F1xx_Nucleo/stm32f1xx_nucleo.o
 .ARM.attributes
                0x0000027b       0x33 src/main.o
 .ARM.attributes
                0x000002ae       0x33 src/stm32f1xx_hal_msp.o
 .ARM.attributes
                0x000002e1       0x33 src/stm32f1xx_it.o
 .ARM.attributes
                0x00000314       0x33 src/syscalls.o
 .ARM.attributes
                0x00000347       0x33 src/system_stm32f1xx.o
 .ARM.attributes
                0x0000037a       0x21 startup/startup_stm32f103xb.o
 .ARM.attributes
                0x0000039b       0x2d c:/stm32toolchain/openstm32/plugins/fr.ac6.mcu.externaltools.arm-none.win32_1.13.3.201707031232/tools/compiler/bin/../lib/gcc/arm-none-eabi/5.4.1/../../../../arm-none-eabi/lib/armv7-m\libc.a(lib_a-errno.o)
 .ARM.attributes
                0x000003c8       0x2d c:/stm32toolchain/openstm32/plugins/fr.ac6.mcu.externaltools.arm-none.win32_1.13.3.201707031232/tools/compiler/bin/../lib/gcc/arm-none-eabi/5.4.1/../../../../arm-none-eabi/lib/armv7-m\libc.a(lib_a-impure.o)
 .ARM.attributes
                0x000003f5       0x2d c:/stm32toolchain/openstm32/plugins/fr.ac6.mcu.externaltools.arm-none.win32_1.13.3.201707031232/tools/compiler/bin/../lib/gcc/arm-none-eabi/5.4.1/../../../../arm-none-eabi/lib/armv7-m\libc.a(lib_a-init.o)
 .ARM.attributes
                0x00000422       0x1b c:/stm32toolchain/openstm32/plugins/fr.ac6.mcu.externaltools.arm-none.win32_1.13.3.201707031232/tools/compiler/bin/../lib/gcc/arm-none-eabi/5.4.1/../../../../arm-none-eabi/lib/armv7-m\libc.a(lib_a-memcpy.o)
 .ARM.attributes
                0x0000043d       0x2d c:/stm32toolchain/openstm32/plugins/fr.ac6.mcu.externaltools.arm-none.win32_1.13.3.201707031232/tools/compiler/bin/../lib/gcc/arm-none-eabi/5.4.1/../../../../arm-none-eabi/lib/armv7-m\libc.a(lib_a-memset.o)
 .ARM.attributes
                0x0000046a       0x2d c:/stm32toolchain/openstm32/plugins/fr.ac6.mcu.externaltools.arm-none.win32_1.13.3.201707031232/tools/compiler/bin/../lib/gcc/arm-none-eabi/5.4.1/../../../../arm-none-eabi/lib/armv7-m\libc.a(lib_a-printf.o)
 .ARM.attributes
                0x00000497       0x2d c:/stm32toolchain/openstm32/plugins/fr.ac6.mcu.externaltools.arm-none.win32_1.13.3.201707031232/tools/compiler/bin/../lib/gcc/arm-none-eabi/5.4.1/../../../../arm-none-eabi/lib/armv7-m\libc.a(lib_a-vfprintf.o)
 .ARM.attributes
                0x000004c4       0x2d c:/stm32toolchain/openstm32/plugins/fr.ac6.mcu.externaltools.arm-none.win32_1.13.3.201707031232/tools/compiler/bin/../lib/gcc/arm-none-eabi/5.4.1/../../../../arm-none-eabi/lib/armv7-m\libc.a(lib_a-wsetup.o)
 .ARM.attributes
                0x000004f1       0x2d c:/stm32toolchain/openstm32/plugins/fr.ac6.mcu.externaltools.arm-none.win32_1.13.3.201707031232/tools/compiler/bin/../lib/gcc/arm-none-eabi/5.4.1/../../../../arm-none-eabi/lib/armv7-m\libc.a(lib_a-__call_atexit.o)
 .ARM.attributes
                0x0000051e       0x2d c:/stm32toolchain/openstm32/plugins/fr.ac6.mcu.externaltools.arm-none.win32_1.13.3.201707031232/tools/compiler/bin/../lib/gcc/arm-none-eabi/5.4.1/../../../../arm-none-eabi/lib/armv7-m\libc.a(lib_a-atexit.o)
 .ARM.attributes
                0x0000054b       0x2d c:/stm32toolchain/openstm32/plugins/fr.ac6.mcu.externaltools.arm-none.win32_1.13.3.201707031232/tools/compiler/bin/../lib/gcc/arm-none-eabi/5.4.1/../../../../arm-none-eabi/lib/armv7-m\libc.a(lib_a-dtoa.o)
 .ARM.attributes
                0x00000578       0x2d c:/stm32toolchain/openstm32/plugins/fr.ac6.mcu.externaltools.arm-none.win32_1.13.3.201707031232/tools/compiler/bin/../lib/gcc/arm-none-eabi/5.4.1/../../../../arm-none-eabi/lib/armv7-m\libc.a(lib_a-fflush.o)
 .ARM.attributes
                0x000005a5       0x2d c:/stm32toolchain/openstm32/plugins/fr.ac6.mcu.externaltools.arm-none.win32_1.13.3.201707031232/tools/compiler/bin/../lib/gcc/arm-none-eabi/5.4.1/../../../../arm-none-eabi/lib/armv7-m\libc.a(lib_a-findfp.o)
 .ARM.attributes
                0x000005d2       0x2d c:/stm32toolchain/openstm32/plugins/fr.ac6.mcu.externaltools.arm-none.win32_1.13.3.201707031232/tools/compiler/bin/../lib/gcc/arm-none-eabi/5.4.1/../../../../arm-none-eabi/lib/armv7-m\libc.a(lib_a-fini.o)
 .ARM.attributes
                0x000005ff       0x2d c:/stm32toolchain/openstm32/plugins/fr.ac6.mcu.externaltools.arm-none.win32_1.13.3.201707031232/tools/compiler/bin/../lib/gcc/arm-none-eabi/5.4.1/../../../../arm-none-eabi/lib/armv7-m\libc.a(lib_a-freer.o)
 .ARM.attributes
                0x0000062c       0x2d c:/stm32toolchain/openstm32/plugins/fr.ac6.mcu.externaltools.arm-none.win32_1.13.3.201707031232/tools/compiler/bin/../lib/gcc/arm-none-eabi/5.4.1/../../../../arm-none-eabi/lib/armv7-m\libc.a(lib_a-fwalk.o)
 .ARM.attributes
                0x00000659       0x2d c:/stm32toolchain/openstm32/plugins/fr.ac6.mcu.externaltools.arm-none.win32_1.13.3.201707031232/tools/compiler/bin/../lib/gcc/arm-none-eabi/5.4.1/../../../../arm-none-eabi/lib/armv7-m\libc.a(lib_a-localeconv.o)
 .ARM.attributes
                0x00000686       0x2d c:/stm32toolchain/openstm32/plugins/fr.ac6.mcu.externaltools.arm-none.win32_1.13.3.201707031232/tools/compiler/bin/../lib/gcc/arm-none-eabi/5.4.1/../../../../arm-none-eabi/lib/armv7-m\libc.a(lib_a-makebuf.o)
 .ARM.attributes
                0x000006b3       0x2d c:/stm32toolchain/openstm32/plugins/fr.ac6.mcu.externaltools.arm-none.win32_1.13.3.201707031232/tools/compiler/bin/../lib/gcc/arm-none-eabi/5.4.1/../../../../arm-none-eabi/lib/armv7-m\libc.a(lib_a-mallocr.o)
 .ARM.attributes
                0x000006e0       0x2d c:/stm32toolchain/openstm32/plugins/fr.ac6.mcu.externaltools.arm-none.win32_1.13.3.201707031232/tools/compiler/bin/../lib/gcc/arm-none-eabi/5.4.1/../../../../arm-none-eabi/lib/armv7-m\libc.a(lib_a-memchr-stub.o)
 .ARM.attributes
                0x0000070d       0x2d c:/stm32toolchain/openstm32/plugins/fr.ac6.mcu.externaltools.arm-none.win32_1.13.3.201707031232/tools/compiler/bin/../lib/gcc/arm-none-eabi/5.4.1/../../../../arm-none-eabi/lib/armv7-m\libc.a(lib_a-mlock.o)
 .ARM.attributes
                0x0000073a       0x2d c:/stm32toolchain/openstm32/plugins/fr.ac6.mcu.externaltools.arm-none.win32_1.13.3.201707031232/tools/compiler/bin/../lib/gcc/arm-none-eabi/5.4.1/../../../../arm-none-eabi/lib/armv7-m\libc.a(lib_a-mprec.o)
 .ARM.attributes
                0x00000767       0x2d c:/stm32toolchain/openstm32/plugins/fr.ac6.mcu.externaltools.arm-none.win32_1.13.3.201707031232/tools/compiler/bin/../lib/gcc/arm-none-eabi/5.4.1/../../../../arm-none-eabi/lib/armv7-m\libc.a(lib_a-sbrkr.o)
 .ARM.attributes
                0x00000794       0x2d c:/stm32toolchain/openstm32/plugins/fr.ac6.mcu.externaltools.arm-none.win32_1.13.3.201707031232/tools/compiler/bin/../lib/gcc/arm-none-eabi/5.4.1/../../../../arm-none-eabi/lib/armv7-m\libc.a(lib_a-stdio.o)
 .ARM.attributes
                0x000007c1       0x2d c:/stm32toolchain/openstm32/plugins/fr.ac6.mcu.externaltools.arm-none.win32_1.13.3.201707031232/tools/compiler/bin/../lib/gcc/arm-none-eabi/5.4.1/../../../../arm-none-eabi/lib/armv7-m\libc.a(lib_a-strlen-stub.o)
 .ARM.attributes
                0x000007ee       0x2d c:/stm32toolchain/openstm32/plugins/fr.ac6.mcu.externaltools.arm-none.win32_1.13.3.201707031232/tools/compiler/bin/../lib/gcc/arm-none-eabi/5.4.1/../../../../arm-none-eabi/lib/armv7-m\libc.a(lib_a-vfiprintf.o)
 .ARM.attributes
                0x0000081b       0x2d c:/stm32toolchain/openstm32/plugins/fr.ac6.mcu.externaltools.arm-none.win32_1.13.3.201707031232/tools/compiler/bin/../lib/gcc/arm-none-eabi/5.4.1/../../../../arm-none-eabi/lib/armv7-m\libc.a(lib_a-writer.o)
 .ARM.attributes
                0x00000848       0x2d c:/stm32toolchain/openstm32/plugins/fr.ac6.mcu.externaltools.arm-none.win32_1.13.3.201707031232/tools/compiler/bin/../lib/gcc/arm-none-eabi/5.4.1/../../../../arm-none-eabi/lib/armv7-m\libc.a(lib_a-__atexit.o)
 .ARM.attributes
                0x00000875       0x2d c:/stm32toolchain/openstm32/plugins/fr.ac6.mcu.externaltools.arm-none.win32_1.13.3.201707031232/tools/compiler/bin/../lib/gcc/arm-none-eabi/5.4.1/../../../../arm-none-eabi/lib/armv7-m\libc.a(lib_a-callocr.o)
 .ARM.attributes
                0x000008a2       0x2d c:/stm32toolchain/openstm32/plugins/fr.ac6.mcu.externaltools.arm-none.win32_1.13.3.201707031232/tools/compiler/bin/../lib/gcc/arm-none-eabi/5.4.1/../../../../arm-none-eabi/lib/armv7-m\libc.a(lib_a-closer.o)
 .ARM.attributes
                0x000008cf       0x2d c:/stm32toolchain/openstm32/plugins/fr.ac6.mcu.externaltools.arm-none.win32_1.13.3.201707031232/tools/compiler/bin/../lib/gcc/arm-none-eabi/5.4.1/../../../../arm-none-eabi/lib/armv7-m\libc.a(lib_a-fclose.o)
 .ARM.attributes
                0x000008fc       0x2d c:/stm32toolchain/openstm32/plugins/fr.ac6.mcu.externaltools.arm-none.win32_1.13.3.201707031232/tools/compiler/bin/../lib/gcc/arm-none-eabi/5.4.1/../../../../arm-none-eabi/lib/armv7-m\libc.a(lib_a-fputwc.o)
 .ARM.attributes
                0x00000929       0x2d c:/stm32toolchain/openstm32/plugins/fr.ac6.mcu.externaltools.arm-none.win32_1.13.3.201707031232/tools/compiler/bin/../lib/gcc/arm-none-eabi/5.4.1/../../../../arm-none-eabi/lib/armv7-m\libc.a(lib_a-fstatr.o)
 .ARM.attributes
                0x00000956       0x2d c:/stm32toolchain/openstm32/plugins/fr.ac6.mcu.externaltools.arm-none.win32_1.13.3.201707031232/tools/compiler/bin/../lib/gcc/arm-none-eabi/5.4.1/../../../../arm-none-eabi/lib/armv7-m\libc.a(lib_a-fvwrite.o)
 .ARM.attributes
                0x00000983       0x2d c:/stm32toolchain/openstm32/plugins/fr.ac6.mcu.externaltools.arm-none.win32_1.13.3.201707031232/tools/compiler/bin/../lib/gcc/arm-none-eabi/5.4.1/../../../../arm-none-eabi/lib/armv7-m\libc.a(lib_a-isattyr.o)
 .ARM.attributes
                0x000009b0       0x2d c:/stm32toolchain/openstm32/plugins/fr.ac6.mcu.externaltools.arm-none.win32_1.13.3.201707031232/tools/compiler/bin/../lib/gcc/arm-none-eabi/5.4.1/../../../../arm-none-eabi/lib/armv7-m\libc.a(lib_a-locale.o)
 .ARM.attributes
                0x000009dd       0x2d c:/stm32toolchain/openstm32/plugins/fr.ac6.mcu.externaltools.arm-none.win32_1.13.3.201707031232/tools/compiler/bin/../lib/gcc/arm-none-eabi/5.4.1/../../../../arm-none-eabi/lib/armv7-m\libc.a(lib_a-lseekr.o)
 .ARM.attributes
                0x00000a0a       0x2d c:/stm32toolchain/openstm32/plugins/fr.ac6.mcu.externaltools.arm-none.win32_1.13.3.201707031232/tools/compiler/bin/../lib/gcc/arm-none-eabi/5.4.1/../../../../arm-none-eabi/lib/armv7-m\libc.a(lib_a-mbtowc_r.o)
 .ARM.attributes
                0x00000a37       0x2d c:/stm32toolchain/openstm32/plugins/fr.ac6.mcu.externaltools.arm-none.win32_1.13.3.201707031232/tools/compiler/bin/../lib/gcc/arm-none-eabi/5.4.1/../../../../arm-none-eabi/lib/armv7-m\libc.a(lib_a-memmove.o)
 .ARM.attributes
                0x00000a64       0x2d c:/stm32toolchain/openstm32/plugins/fr.ac6.mcu.externaltools.arm-none.win32_1.13.3.201707031232/tools/compiler/bin/../lib/gcc/arm-none-eabi/5.4.1/../../../../arm-none-eabi/lib/armv7-m\libc.a(lib_a-readr.o)
 .ARM.attributes
                0x00000a91       0x2d c:/stm32toolchain/openstm32/plugins/fr.ac6.mcu.externaltools.arm-none.win32_1.13.3.201707031232/tools/compiler/bin/../lib/gcc/arm-none-eabi/5.4.1/../../../../arm-none-eabi/lib/armv7-m\libc.a(lib_a-reallocr.o)
 .ARM.attributes
                0x00000abe       0x2d c:/stm32toolchain/openstm32/plugins/fr.ac6.mcu.externaltools.arm-none.win32_1.13.3.201707031232/tools/compiler/bin/../lib/gcc/arm-none-eabi/5.4.1/../../../../arm-none-eabi/lib/armv7-m\libc.a(lib_a-reent.o)
 .ARM.attributes
                0x00000aeb       0x2d c:/stm32toolchain/openstm32/plugins/fr.ac6.mcu.externaltools.arm-none.win32_1.13.3.201707031232/tools/compiler/bin/../lib/gcc/arm-none-eabi/5.4.1/../../../../arm-none-eabi/lib/armv7-m\libc.a(lib_a-wbuf.o)
 .ARM.attributes
                0x00000b18       0x2d c:/stm32toolchain/openstm32/plugins/fr.ac6.mcu.externaltools.arm-none.win32_1.13.3.201707031232/tools/compiler/bin/../lib/gcc/arm-none-eabi/5.4.1/../../../../arm-none-eabi/lib/armv7-m\libc.a(lib_a-wcrtomb.o)
 .ARM.attributes
                0x00000b45       0x2d c:/stm32toolchain/openstm32/plugins/fr.ac6.mcu.externaltools.arm-none.win32_1.13.3.201707031232/tools/compiler/bin/../lib/gcc/arm-none-eabi/5.4.1/../../../../arm-none-eabi/lib/armv7-m\libc.a(lib_a-wctomb_r.o)
 .ARM.attributes
                0x00000b72       0x2d c:/stm32toolchain/openstm32/plugins/fr.ac6.mcu.externaltools.arm-none.win32_1.13.3.201707031232/tools/compiler/bin/../lib/gcc/arm-none-eabi/5.4.1/../../../../arm-none-eabi/lib/armv7-m\libc.a(lib_a-ctype_.o)
 .ARM.attributes
                0x00000b9f       0x1d c:/stm32toolchain/openstm32/plugins/fr.ac6.mcu.externaltools.arm-none.win32_1.13.3.201707031232/tools/compiler/bin/../lib/gcc/arm-none-eabi/5.4.1/armv7-m\libgcc.a(_arm_addsubdf3.o)
 .ARM.attributes
                0x00000bbc       0x1d c:/stm32toolchain/openstm32/plugins/fr.ac6.mcu.externaltools.arm-none.win32_1.13.3.201707031232/tools/compiler/bin/../lib/gcc/arm-none-eabi/5.4.1/armv7-m\libgcc.a(_arm_muldivdf3.o)
 .ARM.attributes
                0x00000bd9       0x1d c:/stm32toolchain/openstm32/plugins/fr.ac6.mcu.externaltools.arm-none.win32_1.13.3.201707031232/tools/compiler/bin/../lib/gcc/arm-none-eabi/5.4.1/armv7-m\libgcc.a(_arm_cmpdf2.o)
 .ARM.attributes
                0x00000bf6       0x1d c:/stm32toolchain/openstm32/plugins/fr.ac6.mcu.externaltools.arm-none.win32_1.13.3.201707031232/tools/compiler/bin/../lib/gcc/arm-none-eabi/5.4.1/armv7-m\libgcc.a(_arm_unorddf2.o)
 .ARM.attributes
                0x00000c13       0x1d c:/stm32toolchain/openstm32/plugins/fr.ac6.mcu.externaltools.arm-none.win32_1.13.3.201707031232/tools/compiler/bin/../lib/gcc/arm-none-eabi/5.4.1/armv7-m\libgcc.a(_arm_fixdfsi.o)
 .ARM.attributes
                0x00000c30       0x1d c:/stm32toolchain/openstm32/plugins/fr.ac6.mcu.externaltools.arm-none.win32_1.13.3.201707031232/tools/compiler/bin/../lib/gcc/arm-none-eabi/5.4.1/armv7-m\libgcc.a(_aeabi_uldivmod.o)
 .ARM.attributes
                0x00000c4d       0x2d c:/stm32toolchain/openstm32/plugins/fr.ac6.mcu.externaltools.arm-none.win32_1.13.3.201707031232/tools/compiler/bin/../lib/gcc/arm-none-eabi/5.4.1/armv7-m\libgcc.a(_udivmoddi4.o)
 .ARM.attributes
                0x00000c7a       0x1d c:/stm32toolchain/openstm32/plugins/fr.ac6.mcu.externaltools.arm-none.win32_1.13.3.201707031232/tools/compiler/bin/../lib/gcc/arm-none-eabi/5.4.1/armv7-m\libgcc.a(_dvmd_tls.o)
 .ARM.attributes
                0x00000c97       0x1d c:/stm32toolchain/openstm32/plugins/fr.ac6.mcu.externaltools.arm-none.win32_1.13.3.201707031232/tools/compiler/bin/../lib/gcc/arm-none-eabi/5.4.1/armv7-m/crtn.o
OUTPUT(Tetst2_Blink+UART.elf elf32-littlearm)

.debug_info     0x00000000     0x94fe
 .debug_info    0x00000000      0x5d3 HAL_Driver/Src/stm32f1xx_hal.o
 .debug_info    0x000005d3      0xac0 HAL_Driver/Src/stm32f1xx_hal_cortex.o
 .debug_info    0x00001093      0x5f9 HAL_Driver/Src/stm32f1xx_hal_gpio.o
 .debug_info    0x0000168c       0xf0 HAL_Driver/Src/stm32f1xx_hal_msp_template.o
 .debug_info    0x0000177c      0x7ca HAL_Driver/Src/stm32f1xx_hal_rcc.o
 .debug_info    0x00001f46     0x1146 HAL_Driver/Src/stm32f1xx_hal_uart.o
 .debug_info    0x0000308c     0x1305 Middlewares/Third_Party/FreeRTOS/Source/CMSIS_RTOS/cmsis_os.o
 .debug_info    0x00004391      0x2a8 Middlewares/Third_Party/FreeRTOS/Source/list.o
 .debug_info    0x00004639     0x1c66 Middlewares/Third_Party/FreeRTOS/Source/tasks.o
 .debug_info    0x0000629f      0x4aa Middlewares/Third_Party/FreeRTOS/Source/portable/GCC/ARM_CM3/port.o
 .debug_info    0x00006749     0x12a3 Utilities/STM32F1xx_Nucleo/stm32f1xx_nucleo.o
 .debug_info    0x000079ec      0x846 src/main.o
 .debug_info    0x00008232      0x6e5 src/stm32f1xx_hal_msp.o
 .debug_info    0x00008917       0xbd src/stm32f1xx_it.o
 .debug_info    0x000089d4      0x6ca src/syscalls.o
 .debug_info    0x0000909e      0x3e8 src/system_stm32f1xx.o
 .debug_info    0x00009486       0x78 startup/startup_stm32f103xb.o

.debug_abbrev   0x00000000     0x1ba1
 .debug_abbrev  0x00000000      0x1cd HAL_Driver/Src/stm32f1xx_hal.o
 .debug_abbrev  0x000001cd      0x2a7 HAL_Driver/Src/stm32f1xx_hal_cortex.o
 .debug_abbrev  0x00000474      0x1af HAL_Driver/Src/stm32f1xx_hal_gpio.o
 .debug_abbrev  0x00000623       0x6a HAL_Driver/Src/stm32f1xx_hal_msp_template.o
 .debug_abbrev  0x0000068d      0x24e HAL_Driver/Src/stm32f1xx_hal_rcc.o
 .debug_abbrev  0x000008db      0x1fc HAL_Driver/Src/stm32f1xx_hal_uart.o
 .debug_abbrev  0x00000ad7      0x2ce Middlewares/Third_Party/FreeRTOS/Source/CMSIS_RTOS/cmsis_os.o
 .debug_abbrev  0x00000da5       0xc1 Middlewares/Third_Party/FreeRTOS/Source/list.o
 .debug_abbrev  0x00000e66      0x2bd Middlewares/Third_Party/FreeRTOS/Source/tasks.o
 .debug_abbrev  0x00001123      0x207 Middlewares/Third_Party/FreeRTOS/Source/portable/GCC/ARM_CM3/port.o
 .debug_abbrev  0x0000132a      0x288 Utilities/STM32F1xx_Nucleo/stm32f1xx_nucleo.o
 .debug_abbrev  0x000015b2      0x18f src/main.o
 .debug_abbrev  0x00001741      0x148 src/stm32f1xx_hal_msp.o
 .debug_abbrev  0x00001889       0x6a src/stm32f1xx_it.o
 .debug_abbrev  0x000018f3      0x177 src/syscalls.o
 .debug_abbrev  0x00001a6a      0x125 src/system_stm32f1xx.o
 .debug_abbrev  0x00001b8f       0x12 startup/startup_stm32f103xb.o

.debug_aranges  0x00000000      0xb98
 .debug_aranges
                0x00000000       0xb8 HAL_Driver/Src/stm32f1xx_hal.o
 .debug_aranges
                0x000000b8      0x100 HAL_Driver/Src/stm32f1xx_hal_cortex.o
 .debug_aranges
                0x000001b8       0x58 HAL_Driver/Src/stm32f1xx_hal_gpio.o
 .debug_aranges
                0x00000210       0x38 HAL_Driver/Src/stm32f1xx_hal_msp_template.o
 .debug_aranges
                0x00000248       0x90 HAL_Driver/Src/stm32f1xx_hal_rcc.o
 .debug_aranges
                0x000002d8      0x1d0 HAL_Driver/Src/stm32f1xx_hal_uart.o
 .debug_aranges
                0x000004a8      0x1d8 Middlewares/Third_Party/FreeRTOS/Source/CMSIS_RTOS/cmsis_os.o
 .debug_aranges
                0x00000680       0x40 Middlewares/Third_Party/FreeRTOS/Source/list.o
 .debug_aranges
                0x000006c0      0x1c8 Middlewares/Third_Party/FreeRTOS/Source/tasks.o
 .debug_aranges
                0x00000888       0x78 Middlewares/Third_Party/FreeRTOS/Source/portable/GCC/ARM_CM3/port.o
 .debug_aranges
                0x00000900      0x118 Utilities/STM32F1xx_Nucleo/stm32f1xx_nucleo.o
 .debug_aranges
                0x00000a18       0x38 src/main.o
 .debug_aranges
                0x00000a50       0x28 src/stm32f1xx_hal_msp.o
 .debug_aranges
                0x00000a78       0x20 src/stm32f1xx_it.o
 .debug_aranges
                0x00000a98       0xb0 src/syscalls.o
 .debug_aranges
                0x00000b48       0x28 src/system_stm32f1xx.o
 .debug_aranges
                0x00000b70       0x28 startup/startup_stm32f103xb.o

.debug_ranges   0x00000000      0xa90
 .debug_ranges  0x00000000       0xa8 HAL_Driver/Src/stm32f1xx_hal.o
 .debug_ranges  0x000000a8       0xf0 HAL_Driver/Src/stm32f1xx_hal_cortex.o
 .debug_ranges  0x00000198       0x48 HAL_Driver/Src/stm32f1xx_hal_gpio.o
 .debug_ranges  0x000001e0       0x28 HAL_Driver/Src/stm32f1xx_hal_msp_template.o
 .debug_ranges  0x00000208       0x80 HAL_Driver/Src/stm32f1xx_hal_rcc.o
 .debug_ranges  0x00000288      0x1c0 HAL_Driver/Src/stm32f1xx_hal_uart.o
 .debug_ranges  0x00000448      0x1c8 Middlewares/Third_Party/FreeRTOS/Source/CMSIS_RTOS/cmsis_os.o
 .debug_ranges  0x00000610       0x30 Middlewares/Third_Party/FreeRTOS/Source/list.o
 .debug_ranges  0x00000640      0x1b8 Middlewares/Third_Party/FreeRTOS/Source/tasks.o
 .debug_ranges  0x000007f8       0x68 Middlewares/Third_Party/FreeRTOS/Source/portable/GCC/ARM_CM3/port.o
 .debug_ranges  0x00000860      0x108 Utilities/STM32F1xx_Nucleo/stm32f1xx_nucleo.o
 .debug_ranges  0x00000968       0x28 src/main.o
 .debug_ranges  0x00000990       0x18 src/stm32f1xx_hal_msp.o
 .debug_ranges  0x000009a8       0x10 src/stm32f1xx_it.o
 .debug_ranges  0x000009b8       0xa0 src/syscalls.o
 .debug_ranges  0x00000a58       0x18 src/system_stm32f1xx.o
 .debug_ranges  0x00000a70       0x20 startup/startup_stm32f103xb.o

.debug_macro    0x00000000    0x19b20
 .debug_macro   0x00000000      0x41d HAL_Driver/Src/stm32f1xx_hal.o
 .debug_macro   0x0000041d      0x898 HAL_Driver/Src/stm32f1xx_hal.o
 .debug_macro   0x00000cb5      0x224 HAL_Driver/Src/stm32f1xx_hal.o
 .debug_macro   0x00000ed9       0x28 HAL_Driver/Src/stm32f1xx_hal.o
 .debug_macro   0x00000f01       0x22 HAL_Driver/Src/stm32f1xx_hal.o
 .debug_macro   0x00000f23       0x22 HAL_Driver/Src/stm32f1xx_hal.o
 .debug_macro   0x00000f45       0x87 HAL_Driver/Src/stm32f1xx_hal.o
 .debug_macro   0x00000fcc       0x44 HAL_Driver/Src/stm32f1xx_hal.o
 .debug_macro   0x00001010       0xfd HAL_Driver/Src/stm32f1xx_hal.o
 .debug_macro   0x0000110d       0x5e HAL_Driver/Src/stm32f1xx_hal.o
 .debug_macro   0x0000116b      0x1df HAL_Driver/Src/stm32f1xx_hal.o
 .debug_macro   0x0000134a       0x34 HAL_Driver/Src/stm32f1xx_hal.o
 .debug_macro   0x0000137e       0x34 HAL_Driver/Src/stm32f1xx_hal.o
 .debug_macro   0x000013b2      0xb8e HAL_Driver/Src/stm32f1xx_hal.o
 .debug_macro   0x00001f40     0xe90a HAL_Driver/Src/stm32f1xx_hal.o
 .debug_macro   0x0001084a       0x43 HAL_Driver/Src/stm32f1xx_hal.o
 .debug_macro   0x0001088d       0x52 HAL_Driver/Src/stm32f1xx_hal.o
 .debug_macro   0x000108df       0x35 HAL_Driver/Src/stm32f1xx_hal.o
 .debug_macro   0x00010914       0x9c HAL_Driver/Src/stm32f1xx_hal.o
 .debug_macro   0x000109b0       0x16 HAL_Driver/Src/stm32f1xx_hal.o
 .debug_macro   0x000109c6       0x97 HAL_Driver/Src/stm32f1xx_hal.o
 .debug_macro   0x00010a5d      0x30d HAL_Driver/Src/stm32f1xx_hal.o
 .debug_macro   0x00010d6a       0xfd HAL_Driver/Src/stm32f1xx_hal.o
 .debug_macro   0x00010e67       0x10 HAL_Driver/Src/stm32f1xx_hal.o
 .debug_macro   0x00010e77       0x52 HAL_Driver/Src/stm32f1xx_hal.o
 .debug_macro   0x00010ec9       0x1f HAL_Driver/Src/stm32f1xx_hal.o
 .debug_macro   0x00010ee8       0x43 HAL_Driver/Src/stm32f1xx_hal.o
 .debug_macro   0x00010f2b       0x20 HAL_Driver/Src/stm32f1xx_hal.o
 .debug_macro   0x00010f4b      0x187 HAL_Driver/Src/stm32f1xx_hal.o
 .debug_macro   0x000110d2       0x10 HAL_Driver/Src/stm32f1xx_hal.o
 .debug_macro   0x000110e2       0x1c HAL_Driver/Src/stm32f1xx_hal.o
 .debug_macro   0x000110fe       0x52 HAL_Driver/Src/stm32f1xx_hal.o
 .debug_macro   0x00011150       0x40 HAL_Driver/Src/stm32f1xx_hal.o
 .debug_macro   0x00011190       0x10 HAL_Driver/Src/stm32f1xx_hal.o
 .debug_macro   0x000111a0       0x40 HAL_Driver/Src/stm32f1xx_hal.o
 .debug_macro   0x000111e0       0xd7 HAL_Driver/Src/stm32f1xx_hal.o
 .debug_macro   0x000112b7       0x16 HAL_Driver/Src/stm32f1xx_hal.o
 .debug_macro   0x000112cd      0x18b HAL_Driver/Src/stm32f1xx_hal.o
 .debug_macro   0x00011458       0x57 HAL_Driver/Src/stm32f1xx_hal.o
 .debug_macro   0x000114af      0x5c2 HAL_Driver/Src/stm32f1xx_hal.o
 .debug_macro   0x00011a71      0x28b HAL_Driver/Src/stm32f1xx_hal.o
 .debug_macro   0x00011cfc      0x1cb HAL_Driver/Src/stm32f1xx_hal.o
 .debug_macro   0x00011ec7      0x11e HAL_Driver/Src/stm32f1xx_hal.o
 .debug_macro   0x00011fe5      0x197 HAL_Driver/Src/stm32f1xx_hal.o
 .debug_macro   0x0001217c       0x27 HAL_Driver/Src/stm32f1xx_hal.o
 .debug_macro   0x000121a3      0x1bc HAL_Driver/Src/stm32f1xx_hal.o
 .debug_macro   0x0001235f       0x34 HAL_Driver/Src/stm32f1xx_hal.o
 .debug_macro   0x00012393       0x3c HAL_Driver/Src/stm32f1xx_hal.o
 .debug_macro   0x000123cf      0x3a6 HAL_Driver/Src/stm32f1xx_hal.o
 .debug_macro   0x00012775       0x10 HAL_Driver/Src/stm32f1xx_hal.o
 .debug_macro   0x00012785       0x74 HAL_Driver/Src/stm32f1xx_hal.o
 .debug_macro   0x000127f9       0x57 HAL_Driver/Src/stm32f1xx_hal.o
 .debug_macro   0x00012850      0x46a HAL_Driver/Src/stm32f1xx_hal.o
 .debug_macro   0x00012cba      0x1b5 HAL_Driver/Src/stm32f1xx_hal.o
 .debug_macro   0x00012e6f       0x22 HAL_Driver/Src/stm32f1xx_hal.o
 .debug_macro   0x00012e91       0x8c HAL_Driver/Src/stm32f1xx_hal.o
 .debug_macro   0x00012f1d      0x242 HAL_Driver/Src/stm32f1xx_hal.o
 .debug_macro   0x0001315f      0x248 HAL_Driver/Src/stm32f1xx_hal.o
 .debug_macro   0x000133a7       0x79 HAL_Driver/Src/stm32f1xx_hal.o
 .debug_macro   0x00013420      0x143 HAL_Driver/Src/stm32f1xx_hal.o
 .debug_macro   0x00013563      0x1ef HAL_Driver/Src/stm32f1xx_hal.o
 .debug_macro   0x00013752       0xf2 HAL_Driver/Src/stm32f1xx_hal.o
 .debug_macro   0x00013844      0x1f4 HAL_Driver/Src/stm32f1xx_hal.o
 .debug_macro   0x00013a38      0x84c HAL_Driver/Src/stm32f1xx_hal.o
 .debug_macro   0x00014284       0x1f HAL_Driver/Src/stm32f1xx_hal.o
 .debug_macro   0x000142a3      0x26b HAL_Driver/Src/stm32f1xx_hal.o
 .debug_macro   0x0001450e      0x217 HAL_Driver/Src/stm32f1xx_hal.o
 .debug_macro   0x00014725      0x1a7 HAL_Driver/Src/stm32f1xx_hal.o
 .debug_macro   0x000148cc      0x2cd HAL_Driver/Src/stm32f1xx_hal.o
 .debug_macro   0x00014b99       0x89 HAL_Driver/Src/stm32f1xx_hal.o
 .debug_macro   0x00014c22       0x50 HAL_Driver/Src/stm32f1xx_hal.o
 .debug_macro   0x00014c72      0x26c HAL_Driver/Src/stm32f1xx_hal.o
 .debug_macro   0x00014ede       0x7c HAL_Driver/Src/stm32f1xx_hal.o
 .debug_macro   0x00014f5a      0x3f9 HAL_Driver/Src/stm32f1xx_hal_cortex.o
 .debug_macro   0x00015353      0x469 HAL_Driver/Src/stm32f1xx_hal_gpio.o
 .debug_macro   0x000157bc      0x3f9 HAL_Driver/Src/stm32f1xx_hal_msp_template.o
 .debug_macro   0x00015bb5      0x40b HAL_Driver/Src/stm32f1xx_hal_rcc.o
 .debug_macro   0x00015fc0      0x3fa HAL_Driver/Src/stm32f1xx_hal_uart.o
 .debug_macro   0x000163ba      0x1e6 Middlewares/Third_Party/FreeRTOS/Source/CMSIS_RTOS/cmsis_os.o
 .debug_macro   0x000165a0       0x4c Middlewares/Third_Party/FreeRTOS/Source/CMSIS_RTOS/cmsis_os.o
 .debug_macro   0x000165ec       0x8d Middlewares/Third_Party/FreeRTOS/Source/CMSIS_RTOS/cmsis_os.o
 .debug_macro   0x00016679      0x174 Middlewares/Third_Party/FreeRTOS/Source/CMSIS_RTOS/cmsis_os.o
 .debug_macro   0x000167ed       0x4a Middlewares/Third_Party/FreeRTOS/Source/CMSIS_RTOS/cmsis_os.o
 .debug_macro   0x00016837       0x10 Middlewares/Third_Party/FreeRTOS/Source/CMSIS_RTOS/cmsis_os.o
 .debug_macro   0x00016847       0x35 Middlewares/Third_Party/FreeRTOS/Source/CMSIS_RTOS/cmsis_os.o
 .debug_macro   0x0001687c      0x113 Middlewares/Third_Party/FreeRTOS/Source/CMSIS_RTOS/cmsis_os.o
 .debug_macro   0x0001698f      0x168 Middlewares/Third_Party/FreeRTOS/Source/CMSIS_RTOS/cmsis_os.o
 .debug_macro   0x00016af7       0xeb Middlewares/Third_Party/FreeRTOS/Source/CMSIS_RTOS/cmsis_os.o
 .debug_macro   0x00016be2       0x10 Middlewares/Third_Party/FreeRTOS/Source/CMSIS_RTOS/cmsis_os.o
 .debug_macro   0x00016bf2       0x1f Middlewares/Third_Party/FreeRTOS/Source/CMSIS_RTOS/cmsis_os.o
 .debug_macro   0x00016c11      0x3de Middlewares/Third_Party/FreeRTOS/Source/CMSIS_RTOS/cmsis_os.o
 .debug_macro   0x00016fef       0xc0 Middlewares/Third_Party/FreeRTOS/Source/CMSIS_RTOS/cmsis_os.o
 .debug_macro   0x000170af       0x8c Middlewares/Third_Party/FreeRTOS/Source/CMSIS_RTOS/cmsis_os.o
 .debug_macro   0x0001713b       0x91 Middlewares/Third_Party/FreeRTOS/Source/CMSIS_RTOS/cmsis_os.o
 .debug_macro   0x000171cc       0x94 Middlewares/Third_Party/FreeRTOS/Source/CMSIS_RTOS/cmsis_os.o
 .debug_macro   0x00017260       0x78 Middlewares/Third_Party/FreeRTOS/Source/CMSIS_RTOS/cmsis_os.o
 .debug_macro   0x000172d8       0xcf Middlewares/Third_Party/FreeRTOS/Source/CMSIS_RTOS/cmsis_os.o
 .debug_macro   0x000173a7       0x26 Middlewares/Third_Party/FreeRTOS/Source/CMSIS_RTOS/cmsis_os.o
 .debug_macro   0x000173cd      0x17c Middlewares/Third_Party/FreeRTOS/Source/list.o
 .debug_macro   0x00017549      0x25b Middlewares/Third_Party/FreeRTOS/Source/tasks.o
 .debug_macro   0x000177a4       0x11 Middlewares/Third_Party/FreeRTOS/Source/tasks.o
 .debug_macro   0x000177b5      0x176 Middlewares/Third_Party/FreeRTOS/Source/portable/GCC/ARM_CM3/port.o
 .debug_macro   0x0001792b      0x432 Utilities/STM32F1xx_Nucleo/stm32f1xx_nucleo.o
 .debug_macro   0x00017d5d      0x192 Utilities/STM32F1xx_Nucleo/stm32f1xx_nucleo.o
 .debug_macro   0x00017eef      0x411 src/main.o
 .debug_macro   0x00018300      0x198 src/main.o
 .debug_macro   0x00018498       0x46 src/main.o
 .debug_macro   0x000184de      0x411 src/stm32f1xx_hal_msp.o
 .debug_macro   0x000188ef       0x40 src/stm32f1xx_hal_msp.o
 .debug_macro   0x0001892f      0x4b9 src/stm32f1xx_it.o
 .debug_macro   0x00018de8      0x113 src/stm32f1xx_it.o
 .debug_macro   0x00018efb      0x22b src/syscalls.o
 .debug_macro   0x00019126       0x10 src/syscalls.o
 .debug_macro   0x00019136       0x10 src/syscalls.o
 .debug_macro   0x00019146       0x10 src/syscalls.o
 .debug_macro   0x00019156       0x35 src/syscalls.o
 .debug_macro   0x0001918b      0x122 src/syscalls.o
 .debug_macro   0x000192ad       0x10 src/syscalls.o
 .debug_macro   0x000192bd      0x241 src/syscalls.o
 .debug_macro   0x000194fe       0x1c src/syscalls.o
 .debug_macro   0x0001951a       0x10 src/syscalls.o
 .debug_macro   0x0001952a      0x159 src/syscalls.o
 .debug_macro   0x00019683       0x16 src/syscalls.o
 .debug_macro   0x00019699       0x88 src/syscalls.o
 .debug_macro   0x00019721      0x3ff src/system_stm32f1xx.o

.debug_line     0x00000000     0xad8d
 .debug_line    0x00000000      0xaa9 HAL_Driver/Src/stm32f1xx_hal.o
 .debug_line    0x00000aa9      0xbd7 HAL_Driver/Src/stm32f1xx_hal_cortex.o
 .debug_line    0x00001680      0xb20 HAL_Driver/Src/stm32f1xx_hal_gpio.o
 .debug_line    0x000021a0      0x97a HAL_Driver/Src/stm32f1xx_hal_msp_template.o
 .debug_line    0x00002b1a      0xbaa HAL_Driver/Src/stm32f1xx_hal_rcc.o
 .debug_line    0x000036c4     0x11f9 HAL_Driver/Src/stm32f1xx_hal_uart.o
 .debug_line    0x000048bd      0xbdb Middlewares/Third_Party/FreeRTOS/Source/CMSIS_RTOS/cmsis_os.o
 .debug_line    0x00005498      0x583 Middlewares/Third_Party/FreeRTOS/Source/list.o
 .debug_line    0x00005a1b     0x10c2 Middlewares/Third_Party/FreeRTOS/Source/tasks.o
 .debug_line    0x00006add      0x647 Middlewares/Third_Party/FreeRTOS/Source/portable/GCC/ARM_CM3/port.o
 .debug_line    0x00007124      0xc96 Utilities/STM32F1xx_Nucleo/stm32f1xx_nucleo.o
 .debug_line    0x00007dba      0xa7e src/main.o
 .debug_line    0x00008838      0xa27 src/stm32f1xx_hal_msp.o
 .debug_line    0x0000925f      0xb6c src/stm32f1xx_it.o
 .debug_line    0x00009dcb      0x5d5 src/syscalls.o
 .debug_line    0x0000a3a0      0x970 src/system_stm32f1xx.o
 .debug_line    0x0000ad10       0x7d startup/startup_stm32f103xb.o

.debug_str      0x00000000    0x8b34d
 .debug_str     0x00000000    0x80445 HAL_Driver/Src/stm32f1xx_hal.o
                              0x807a1 (size before relaxing)
 .debug_str     0x00080445      0x315 HAL_Driver/Src/stm32f1xx_hal_cortex.o
                              0x807f3 (size before relaxing)
 .debug_str     0x0008075a      0x39e HAL_Driver/Src/stm32f1xx_hal_gpio.o
                              0x80528 (size before relaxing)
 .debug_str     0x00080af8       0x51 HAL_Driver/Src/stm32f1xx_hal_msp_template.o
                              0x80130 (size before relaxing)
 .debug_str     0x00080b49      0x372 HAL_Driver/Src/stm32f1xx_hal_rcc.o
                              0x80594 (size before relaxing)
 .debug_str     0x00080ebb      0x881 HAL_Driver/Src/stm32f1xx_hal_uart.o
                              0x80a42 (size before relaxing)
 .debug_str     0x0008173c     0x5a89 Middlewares/Third_Party/FreeRTOS/Source/CMSIS_RTOS/cmsis_os.o
                               0xb9e1 (size before relaxing)
 .debug_str     0x000871c5      0x22a Middlewares/Third_Party/FreeRTOS/Source/list.o
                               0x8f83 (size before relaxing)
 .debug_str     0x000873ef     0x1378 Middlewares/Third_Party/FreeRTOS/Source/tasks.o
                               0xb138 (size before relaxing)
 .debug_str     0x00088767      0x6fa Middlewares/Third_Party/FreeRTOS/Source/portable/GCC/ARM_CM3/port.o
                               0x7415 (size before relaxing)
 .debug_str     0x00088e61     0x1291 Utilities/STM32F1xx_Nucleo/stm32f1xx_nucleo.o
                              0x819ba (size before relaxing)
 .debug_str     0x0008a0f2      0x272 src/main.o
                              0x81327 (size before relaxing)
 .debug_str     0x0008a364       0x1b src/stm32f1xx_hal_msp.o
                              0x811b8 (size before relaxing)
 .debug_str     0x0008a37f       0x59 src/stm32f1xx_it.o
                              0x85307 (size before relaxing)
 .debug_str     0x0008a3d8      0xf14 src/syscalls.o
                               0x76cd (size before relaxing)
 .debug_str     0x0008b2ec       0x61 src/system_stm32f1xx.o
                              0x8021b (size before relaxing)

.comment        0x00000000       0x6e
 .comment       0x00000000       0x6e HAL_Driver/Src/stm32f1xx_hal.o
                                 0x6f (size before relaxing)
 .comment       0x0000006e       0x6f HAL_Driver/Src/stm32f1xx_hal_cortex.o
 .comment       0x0000006e       0x6f HAL_Driver/Src/stm32f1xx_hal_gpio.o
 .comment       0x0000006e       0x6f HAL_Driver/Src/stm32f1xx_hal_msp_template.o
 .comment       0x0000006e       0x6f HAL_Driver/Src/stm32f1xx_hal_rcc.o
 .comment       0x0000006e       0x6f HAL_Driver/Src/stm32f1xx_hal_uart.o
 .comment       0x0000006e       0x6f Middlewares/Third_Party/FreeRTOS/Source/CMSIS_RTOS/cmsis_os.o
 .comment       0x0000006e       0x6f Middlewares/Third_Party/FreeRTOS/Source/list.o
 .comment       0x0000006e       0x6f Middlewares/Third_Party/FreeRTOS/Source/tasks.o
 .comment       0x0000006e       0x6f Middlewares/Third_Party/FreeRTOS/Source/portable/GCC/ARM_CM3/port.o
 .comment       0x0000006e       0x6f Utilities/STM32F1xx_Nucleo/stm32f1xx_nucleo.o
 .comment       0x0000006e       0x6f src/main.o
 .comment       0x0000006e       0x6f src/stm32f1xx_hal_msp.o
 .comment       0x0000006e       0x6f src/stm32f1xx_it.o
 .comment       0x0000006e       0x6f src/syscalls.o
 .comment       0x0000006e       0x6f src/system_stm32f1xx.o

.debug_frame    0x00000000     0x3dc4
 .debug_frame   0x00000000      0x298 HAL_Driver/Src/stm32f1xx_hal.o
 .debug_frame   0x00000298      0x428 HAL_Driver/Src/stm32f1xx_hal_cortex.o
 .debug_frame   0x000006c0      0x14c HAL_Driver/Src/stm32f1xx_hal_gpio.o
 .debug_frame   0x0000080c       0x90 HAL_Driver/Src/stm32f1xx_hal_msp_template.o
 .debug_frame   0x0000089c      0x218 HAL_Driver/Src/stm32f1xx_hal_rcc.o
 .debug_frame   0x00000ab4      0x83c HAL_Driver/Src/stm32f1xx_hal_uart.o
 .debug_frame   0x000012f0      0x7fc Middlewares/Third_Party/FreeRTOS/Source/CMSIS_RTOS/cmsis_os.o
 .debug_frame   0x00001aec       0xd8 Middlewares/Third_Party/FreeRTOS/Source/list.o
 .debug_frame   0x00001bc4      0x7c4 Middlewares/Third_Party/FreeRTOS/Source/tasks.o
 .debug_frame   0x00002388      0x18c Middlewares/Third_Party/FreeRTOS/Source/portable/GCC/ARM_CM3/port.o
 .debug_frame   0x00002514      0x45c Utilities/STM32F1xx_Nucleo/stm32f1xx_nucleo.o
 .debug_frame   0x00002970       0x94 src/main.o
 .debug_frame   0x00002a04       0x58 src/stm32f1xx_hal_msp.o
 .debug_frame   0x00002a5c       0x2c src/stm32f1xx_it.o
 .debug_frame   0x00002a88      0x2d4 src/syscalls.o
 .debug_frame   0x00002d5c       0x58 src/system_stm32f1xx.o
 .debug_frame   0x00002db4       0x20 c:/stm32toolchain/openstm32/plugins/fr.ac6.mcu.externaltools.arm-none.win32_1.13.3.201707031232/tools/compiler/bin/../lib/gcc/arm-none-eabi/5.4.1/../../../../arm-none-eabi/lib/armv7-m\libc.a(lib_a-errno.o)
 .debug_frame   0x00002dd4       0x2c c:/stm32toolchain/openstm32/plugins/fr.ac6.mcu.externaltools.arm-none.win32_1.13.3.201707031232/tools/compiler/bin/../lib/gcc/arm-none-eabi/5.4.1/../../../../arm-none-eabi/lib/armv7-m\libc.a(lib_a-init.o)
 .debug_frame   0x00002e00       0x34 c:/stm32toolchain/openstm32/plugins/fr.ac6.mcu.externaltools.arm-none.win32_1.13.3.201707031232/tools/compiler/bin/../lib/gcc/arm-none-eabi/5.4.1/../../../../arm-none-eabi/lib/armv7-m\libc.a(lib_a-memset.o)
 .debug_frame   0x00002e34       0x78 c:/stm32toolchain/openstm32/plugins/fr.ac6.mcu.externaltools.arm-none.win32_1.13.3.201707031232/tools/compiler/bin/../lib/gcc/arm-none-eabi/5.4.1/../../../../arm-none-eabi/lib/armv7-m\libc.a(lib_a-printf.o)
 .debug_frame   0x00002eac       0x88 c:/stm32toolchain/openstm32/plugins/fr.ac6.mcu.externaltools.arm-none.win32_1.13.3.201707031232/tools/compiler/bin/../lib/gcc/arm-none-eabi/5.4.1/../../../../arm-none-eabi/lib/armv7-m\libc.a(lib_a-vfprintf.o)
 .debug_frame   0x00002f34       0x2c c:/stm32toolchain/openstm32/plugins/fr.ac6.mcu.externaltools.arm-none.win32_1.13.3.201707031232/tools/compiler/bin/../lib/gcc/arm-none-eabi/5.4.1/../../../../arm-none-eabi/lib/armv7-m\libc.a(lib_a-wsetup.o)
 .debug_frame   0x00002f60       0x50 c:/stm32toolchain/openstm32/plugins/fr.ac6.mcu.externaltools.arm-none.win32_1.13.3.201707031232/tools/compiler/bin/../lib/gcc/arm-none-eabi/5.4.1/../../../../arm-none-eabi/lib/armv7-m\libc.a(lib_a-__call_atexit.o)
 .debug_frame   0x00002fb0       0x20 c:/stm32toolchain/openstm32/plugins/fr.ac6.mcu.externaltools.arm-none.win32_1.13.3.201707031232/tools/compiler/bin/../lib/gcc/arm-none-eabi/5.4.1/../../../../arm-none-eabi/lib/armv7-m\libc.a(lib_a-atexit.o)