15:18:45 **** Build of configuration Debug for project test1 ****
make all 
Cannot run program "make": Launching failed

Error: Program "make" not found in PATH
PATH=[C:\STM32Toolchain\gnu-arm\4.8-2014q3\bin;C:/Program Files/Java/jre1.8.0_131/bin/server;C:/Program Files/Java/jre1.8.0_131/bin;C:/Program Files/Java/jre1.8.0_131/lib/amd64;C:\ProgramData\Oracle\Java\javapath;C:\Program Files (x86)\Intel\iCLS Client\;C:\Program Files\Intel\iCLS Client\;C:\WINDOWS\system32;C:\WINDOWS;C:\WINDOWS\System32\Wbem;C:\WINDOWS\System32\WindowsPowerShell\v1.0\;C:\Program Files (x86)\Intel\Intel(R) Management Engine Components\DAL;C:\Program Files\Intel\Intel(R) Management Engine Components\DAL;C:\Program Files (x86)\Intel\Intel(R) Management Engine Components\IPT;C:\Program Files\Intel\Intel(R) Management Engine Components\IPT;C:\Program Files\Intel\WiFi\bin\;C:\Program Files\Common Files\Intel\WirelessCommon\;C:\Program Files\Git\cmd;C:\Program Files\TortoiseGit\bin;C:\Users\Stefan\AppData\Local\Microsoft\WindowsApps;;C:\STM32Toolchain\eclipse]
15:21:38 **** Incremental Build of configuration Debug for project test1 ****
make all 
Cannot run program "make": Launching failed

Error: Program "make" not found in PATH
PATH=[C:\STM32Toolchain\gnu-arm\4.8-2014q3\bin;C:/Program Files/Java/jre1.8.0_131/bin/server;C:/Program Files/Java/jre1.8.0_131/bin;C:/Program Files/Java/jre1.8.0_131/lib/amd64;C:\ProgramData\Oracle\Java\javapath;C:\Program Files (x86)\Intel\iCLS Client\;C:\Program Files\Intel\iCLS Client\;C:\WINDOWS\system32;C:\WINDOWS;C:\WINDOWS\System32\Wbem;C:\WINDOWS\System32\WindowsPowerShell\v1.0\;C:\Program Files (x86)\Intel\Intel(R) Management Engine Components\DAL;C:\Program Files\Intel\Intel(R) Management Engine Components\DAL;C:\Program Files (x86)\Intel\Intel(R) Management Engine Components\IPT;C:\Program Files\Intel\Intel(R) Management Engine Components\IPT;C:\Program Files\Intel\WiFi\bin\;C:\Program Files\Common Files\Intel\WirelessCommon\;C:\Program Files\Git\cmd;C:\Program Files\TortoiseGit\bin;C:\Users\Stefan\AppData\Local\Microsoft\WindowsApps;;C:\STM32Toolchain\eclipse;C:\STM32Toolchain\Build Tools;C:\STM32Toolchain\gnu-arm\4.8-2014q3\bin;C:/Program Files/Java/jre1.8.0_131/bin/server;C:/Program Files/Java/jre1.8.0_131/bin;C:/Program Files/Java/jre1.8.0_131/lib/amd64;C:\ProgramData\Oracle\Java\javapath;C:\Program Files (x86)\Intel\iCLS Client\;C:\Program Files\Intel\iCLS Client\;C:\WINDOWS\system32;C:\WINDOWS;C:\WINDOWS\System32\Wbem;C:\WINDOWS\System32\WindowsPowerShell\v1.0\;C:\Program Files (x86)\Intel\Intel(R) Management Engine Components\DAL;C:\Program Files\Intel\Intel(R) Management Engine Components\DAL;C:\Program Files (x86)\Intel\Intel(R) Management Engine Components\IPT;C:\Program Files\Intel\Intel(R) Management Engine Components\IPT;C:\Program Files\Intel\WiFi\bin\;C:\Program Files\Common Files\Intel\WirelessCommon\;C:\Program Files\Git\cmd;C:\Program Files\TortoiseGit\bin;C:\Users\Stefan\AppData\Local\Microsoft\WindowsApps;;C:\STM32Toolchain\eclipse;C:\STM32Toolchain\Build Tools;C:/Program Files/Java/jre1.8.0_131/bin/server;C:/Program Files/Java/jre1.8.0_131/bin;C:/Program Files/Java/jre1.8.0_131/lib/amd64;C:\ProgramData\Oracle\Java\javapath;C:\Program Files (x86)\Intel\iCLS Client\;C:\Program Files\Intel\iCLS Client\;C:\WINDOWS\system32;C:\WINDOWS;C:\WINDOWS\System32\Wbem;C:\WINDOWS\System32\WindowsPowerShell\v1.0\;C:\Program Files (x86)\Intel\Intel(R) Management Engine Components\DAL;C:\Program Files\Intel\Intel(R) Management Engine Components\DAL;C:\Program Files (x86)\Intel\Intel(R) Management Engine Components\IPT;C:\Program Files\Intel\Intel(R) Management Engine Components\IPT;C:\Program Files\Intel\WiFi\bin\;C:\Program Files\Common Files\Intel\WirelessCommon\;C:\Program Files\Git\cmd;C:\Program Files\TortoiseGit\bin;C:\Users\Stefan\AppData\Local\Microsoft\WindowsApps;;C:\STM32Toolchain\eclipse;]
15:24:10 **** Incremental Build of configuration Debug for project test1 ****
make all 
Cannot run program "make": Launching failed

Error: Program "make" not found in PATH
PATH=[C:\STM32Toolchain\gnu-arm\4.8-2014q3\bin;C:/Program Files/Java/jre1.8.0_131/bin/server;C:/Program Files/Java/jre1.8.0_131/bin;C:/Program Files/Java/jre1.8.0_131/lib/amd64;C:\ProgramData\Oracle\Java\javapath;C:\Program Files (x86)\Intel\iCLS Client\;C:\Program Files\Intel\iCLS Client\;C:\WINDOWS\system32;C:\WINDOWS;C:\WINDOWS\System32\Wbem;C:\WINDOWS\System32\WindowsPowerShell\v1.0\;C:\Program Files (x86)\Intel\Intel(R) Management Engine Components\DAL;C:\Program Files\Intel\Intel(R) Management Engine Components\DAL;C:\Program Files (x86)\Intel\Intel(R) Management Engine Components\IPT;C:\Program Files\Intel\Intel(R) Management Engine Components\IPT;C:\Program Files\Intel\WiFi\bin\;C:\Program Files\Common Files\Intel\WirelessCommon\;C:\Program Files\Git\cmd;C:\Program Files\TortoiseGit\bin;C:\Users\Stefan\AppData\Local\Microsoft\WindowsApps;;C:\STM32Toolchain\eclipse;C:\STM32Toolchain\Build Tools;C:\STM32Toolchain\gnu-arm\4.8-2014q3\bin;C:/Program Files/Java/jre1.8.0_131/bin/server;C:/Program Files/Java/jre1.8.0_131/bin;C:/Program Files/Java/jre1.8.0_131/lib/amd64;C:\ProgramData\Oracle\Java\javapath;C:\Program Files (x86)\Intel\iCLS Client\;C:\Program Files\Intel\iCLS Client\;C:\WINDOWS\system32;C:\WINDOWS;C:\WINDOWS\System32\Wbem;C:\WINDOWS\System32\WindowsPowerShell\v1.0\;C:\Program Files (x86)\Intel\Intel(R) Management Engine Components\DAL;C:\Program Files\Intel\Intel(R) Management Engine Components\DAL;C:\Program Files (x86)\Intel\Intel(R) Management Engine Components\IPT;C:\Program Files\Intel\Intel(R) Management Engine Components\IPT;C:\Program Files\Intel\WiFi\bin\;C:\Program Files\Common Files\Intel\WirelessCommon\;C:\Program Files\Git\cmd;C:\Program Files\TortoiseGit\bin;C:\Users\Stefan\AppData\Local\Microsoft\WindowsApps;;C:\STM32Toolchain\eclipse;C:\STM32Toolchain\Build Tools;C:/Program Files/Java/jre1.8.0_131/bin/server;C:/Program Files/Java/jre1.8.0_131/bin;C:/Program Files/Java/jre1.8.0_131/lib/amd64;C:\ProgramData\Oracle\Java\javapath;C:\Program Files (x86)\Intel\iCLS Client\;C:\Program Files\Intel\iCLS Client\;C:\WINDOWS\system32;C:\WINDOWS;C:\WINDOWS\System32\Wbem;C:\WINDOWS\System32\WindowsPowerShell\v1.0\;C:\Program Files (x86)\Intel\Intel(R) Management Engine Components\DAL;C:\Program Files\Intel\Intel(R) Management Engine Components\DAL;C:\Program Files (x86)\Intel\Intel(R) Management Engine Components\IPT;C:\Program Files\Intel\Intel(R) Management Engine Components\IPT;C:\Program Files\Intel\WiFi\bin\;C:\Program Files\Common Files\Intel\WirelessCommon\;C:\Program Files\Git\cmd;C:\Program Files\TortoiseGit\bin;C:\Users\Stefan\AppData\Local\Microsoft\WindowsApps;;C:\STM32Toolchain\eclipse;]
15:28:06 **** Incremental Build of configuration Debug for project test1 ****
make all 
Building file: ../system/src/newlib/_cxx.cpp
Invoking: Cross ARM GNU C++ Compiler
arm-none-eabi-g++ -mcpu=cortex-m3 -mthumb -Og -fmessage-length=0 -fsigned-char -ffunction-sections -fdata-sections -ffreestanding -fno-move-loop-invariants -Wall -Wextra  -g3 -DDEBUG -DTRACE -DOS_USE_TRACE_SEMIHOSTING_DEBUG -I"../include" -I"../system/include" -I"../system/include/cmsis" -I"../system/include/stm32f1xx" -std=gnu++11 -fabi-version=0 -MMD -MP -MF"system/src/newlib/_cxx.d" -MT"system/src/newlib/_cxx.o" -c -o "system/src/newlib/_cxx.o" "../system/src/newlib/_cxx.cpp"
c:/stm32toolchain/build tools/bin/sh: arm-none-eabi-g++: not found
make: *** [system/src/newlib/_cxx.o] Error 127
system/src/newlib/subdir.mk:37: recipe for target 'system/src/newlib/_cxx.o' failed
16:01:16 **** Incremental Build of configuration Debug for project test1 ****
make all 
Building file: ../system/src/stm32f1xx/stm32f1xx_hal.c
Invoking: Cross ARM GNU C Compiler
arm-none-eabi-gcc -mcpu=cortex-m3 -mthumb -Og -fmessage-length=0 -fsigned-char -ffunction-sections -fdata-sections -ffreestanding -fno-move-loop-invariants -Wall -Wextra  -g3 -DDEBUG -D STM32F103xB -DTRACE -DOS_USE_TRACE_SEMIHOSTING_DEBUG -I"../include" -I"../system/include" -I"../system/include/cmsis" -I"../system/include/stm32f1xx" -std=gnu11 -MMD -MP -MF"system/src/stm32f1xx/stm32f1xx_hal.d" -MT"system/src/stm32f1xx/stm32f1xx_hal.o" -c -o "system/src/stm32f1xx/stm32f1xx_hal.o" "../system/src/stm32f1xx/stm32f1xx_hal.c"
c:/stm32toolchain/build tools/bin/sh: arm-none-eabi-gcc: not found
make: *** [system/src/stm32f1xx/stm32f1xx_hal.o] Error 127
system/src/stm32f1xx/subdir.mk:147: recipe for target 'system/src/stm32f1xx/stm32f1xx_hal.o' failed
16:11:33 **** Incremental Build of configuration Debug for project test1 ****
make all 
Building file: ../system/src/stm32f1xx/stm32f1xx_hal.c
Invoking: Cross ARM GNU C Compiler
arm-none-eabi-gcc -mcpu=cortex-m3 -mthumb -Og -fmessage-length=0 -fsigned-char -ffunction-sections -fdata-sections -ffreestanding -fno-move-loop-invariants -Wall -Wextra  -g3 -DDEBUG -D STM32F103xB -DTRACE -DOS_USE_TRACE_SEMIHOSTING_DEBUG -I"../include" -I"../system/include" -I"../system/include/cmsis" -I"../system/include/stm32f1xx" -std=gnu11 -MMD -MP -MF"system/src/stm32f1xx/stm32f1xx_hal.d" -MT"system/src/stm32f1xx/stm32f1xx_hal.o" -c -o "system/src/stm32f1xx/stm32f1xx_hal.o" "../system/src/stm32f1xx/stm32f1xx_hal.c"
c:/stm32toolchain/build tools/bin/sh: arm-none-eabi-gcc: not found
system/src/stm32f1xx/subdir.mk:147: recipe for target 'system/src/stm32f1xx/stm32f1xx_hal.o' failed
make: *** [system/src/stm32f1xx/stm32f1xx_hal.o] Error 127
16:24:26 **** Incremental Build of configuration Debug for project test1 ****
make all 
Building file: ../system/src/stm32f1xx/stm32f1xx_hal.c
Invoking: Cross ARM GNU C Compiler
arm-none-eabi-gcc -mcpu=cortex-m3 -mthumb -Og -fmessage-length=0 -fsigned-char -ffunction-sections -fdata-sections -ffreestanding -fno-move-loop-invariants -Wall -Wextra  -g3 -DDEBUG -D STM32F103xB -DTRACE -DOS_USE_TRACE_SEMIHOSTING_DEBUG -I"../include" -I"../system/include" -I"../system/include/cmsis" -I"../system/include/stm32f1xx" -std=gnu11 -MMD -MP -MF"system/src/stm32f1xx/stm32f1xx_hal.d" -MT"system/src/stm32f1xx/stm32f1xx_hal.o" -c -o "system/src/stm32f1xx/stm32f1xx_hal.o" "../system/src/stm32f1xx/stm32f1xx_hal.c"
c:/stm32toolchain/build tools/bin/sh: arm-none-eabi-gcc: not found
make: *** [system/src/stm32f1xx/stm32f1xx_hal.o] Error 127
system/src/stm32f1xx/subdir.mk:147: recipe for target 'system/src/stm32f1xx/stm32f1xx_hal.o' failed
16:26:59 **** Incremental Build of configuration Debug for project test1 ****
make all 
Building file: ../system/src/stm32f1xx/stm32f1xx_hal.c
Invoking: Cross ARM GNU C Compiler
arm-none-eabi-gcc -mcpu=cortex-m3 -mthumb -Og -fmessage-length=0 -fsigned-char -ffunction-sections -fdata-sections -ffreestanding -fno-move-loop-invariants -Wall -Wextra  -g3 -DDEBUG -D STM32F103xB -DTRACE -DOS_USE_TRACE_SEMIHOSTING_DEBUG -I"../include" -I"../system/include" -I"../system/include/cmsis" -I"../system/include/stm32f1xx" -std=gnu11 -MMD -MP -MF"system/src/stm32f1xx/stm32f1xx_hal.d" -MT"system/src/stm32f1xx/stm32f1xx_hal.o" -c -o "system/src/stm32f1xx/stm32f1xx_hal.o" "../system/src/stm32f1xx/stm32f1xx_hal.c"
c:/stm32toolchain/build tools/bin/sh: arm-none-eabi-gcc: not found
make: *** [system/src/stm32f1xx/stm32f1xx_hal.o] Error 127
system/src/stm32f1xx/subdir.mk:147: recipe for target 'system/src/stm32f1xx/stm32f1xx_hal.o' failed
16:39:58 **** Incremental Build of configuration Debug for project test1 ****
make all 
Building file: ../system/src/stm32f1xx/stm32f1xx_hal.c
Invoking: Cross ARM GNU C Compiler
arm-none-eabi-gcc -mcpu=cortex-m3 -mthumb -Og -fmessage-length=0 -fsigned-char -ffunction-sections -fdata-sections -ffreestanding -fno-move-loop-invariants -Wall -Wextra  -g3 -DDEBUG -D STM32F103xB -DTRACE -DOS_USE_TRACE_SEMIHOSTING_DEBUG -I"../include" -I"../system/include" -I"../system/include/cmsis" -I"../system/include/stm32f1xx" -std=gnu11 -MMD -MP -MF"system/src/stm32f1xx/stm32f1xx_hal.d" -MT"system/src/stm32f1xx/stm32f1xx_hal.o" -c -o "system/src/stm32f1xx/stm32f1xx_hal.o" "../system/src/stm32f1xx/stm32f1xx_hal.c"
Finished building: ../system/src/stm32f1xx/stm32f1xx_hal.c
 
Building file: ../system/src/stm32f1xx/stm32f1xx_hal_adc.c
Invoking: Cross ARM GNU C Compiler
arm-none-eabi-gcc -mcpu=cortex-m3 -mthumb -Og -fmessage-length=0 -fsigned-char -ffunction-sections -fdata-sections -ffreestanding -fno-move-loop-invariants -Wall -Wextra  -g3 -DDEBUG -D STM32F103xB -DTRACE -DOS_USE_TRACE_SEMIHOSTING_DEBUG -I"../include" -I"../system/include" -I"../system/include/cmsis" -I"../system/include/stm32f1xx" -std=gnu11 -MMD -MP -MF"system/src/stm32f1xx/stm32f1xx_hal_adc.d" -MT"system/src/stm32f1xx/stm32f1xx_hal_adc.o" -c -o "system/src/stm32f1xx/stm32f1xx_hal_adc.o" "../system/src/stm32f1xx/stm32f1xx_hal_adc.c"
Finished building: ../system/src/stm32f1xx/stm32f1xx_hal_adc.c
 
Building file: ../system/src/stm32f1xx/stm32f1xx_hal_adc_ex.c
Invoking: Cross ARM GNU C Compiler
arm-none-eabi-gcc -mcpu=cortex-m3 -mthumb -Og -fmessage-length=0 -fsigned-char -ffunction-sections -fdata-sections -ffreestanding -fno-move-loop-invariants -Wall -Wextra  -g3 -DDEBUG -D STM32F103xB -DTRACE -DOS_USE_TRACE_SEMIHOSTING_DEBUG -I"../include" -I"../system/include" -I"../system/include/cmsis" -I"../system/include/stm32f1xx" -std=gnu11 -MMD -MP -MF"system/src/stm32f1xx/stm32f1xx_hal_adc_ex.d" -MT"system/src/stm32f1xx/stm32f1xx_hal_adc_ex.o" -c -o "system/src/stm32f1xx/stm32f1xx_hal_adc_ex.o" "../system/src/stm32f1xx/stm32f1xx_hal_adc_ex.c"
Finished building: ../system/src/stm32f1xx/stm32f1xx_hal_adc_ex.c
 
Building file: ../system/src/stm32f1xx/stm32f1xx_hal_can.c
Invoking: Cross ARM GNU C Compiler
arm-none-eabi-gcc -mcpu=cortex-m3 -mthumb -Og -fmessage-length=0 -fsigned-char -ffunction-sections -fdata-sections -ffreestanding -fno-move-loop-invariants -Wall -Wextra  -g3 -DDEBUG -D STM32F103xB -DTRACE -DOS_USE_TRACE_SEMIHOSTING_DEBUG -I"../include" -I"../system/include" -I"../system/include/cmsis" -I"../system/include/stm32f1xx" -std=gnu11 -MMD -MP -MF"system/src/stm32f1xx/stm32f1xx_hal_can.d" -MT"system/src/stm32f1xx/stm32f1xx_hal_can.o" -c -o "system/src/stm32f1xx/stm32f1xx_hal_can.o" "../system/src/stm32f1xx/stm32f1xx_hal_can.c"
Finished building: ../system/src/stm32f1xx/stm32f1xx_hal_can.c
 
Building file: ../system/src/stm32f1xx/stm32f1xx_hal_cec.c
Invoking: Cross ARM GNU C Compiler
arm-none-eabi-gcc -mcpu=cortex-m3 -mthumb -Og -fmessage-length=0 -fsigned-char -ffunction-sections -fdata-sections -ffreestanding -fno-move-loop-invariants -Wall -Wextra  -g3 -DDEBUG -D STM32F103xB -DTRACE -DOS_USE_TRACE_SEMIHOSTING_DEBUG -I"../include" -I"../system/include" -I"../system/include/cmsis" -I"../system/include/stm32f1xx" -std=gnu11 -MMD -MP -MF"system/src/stm32f1xx/stm32f1xx_hal_cec.d" -MT"system/src/stm32f1xx/stm32f1xx_hal_cec.o" -c -o "system/src/stm32f1xx/stm32f1xx_hal_cec.o" "../system/src/stm32f1xx/stm32f1xx_hal_cec.c"
Finished building: ../system/src/stm32f1xx/stm32f1xx_hal_cec.c
 
Building file: ../system/src/stm32f1xx/stm32f1xx_hal_cortex.c
Invoking: Cross ARM GNU C Compiler
arm-none-eabi-gcc -mcpu=cortex-m3 -mthumb -Og -fmessage-length=0 -fsigned-char -ffunction-sections -fdata-sections -ffreestanding -fno-move-loop-invariants -Wall -Wextra  -g3 -DDEBUG -D STM32F103xB -DTRACE -DOS_USE_TRACE_SEMIHOSTING_DEBUG -I"../include" -I"../system/include" -I"../system/include/cmsis" -I"../system/include/stm32f1xx" -std=gnu11 -MMD -MP -MF"system/src/stm32f1xx/stm32f1xx_hal_cortex.d" -MT"system/src/stm32f1xx/stm32f1xx_hal_cortex.o" -c -o "system/src/stm32f1xx/stm32f1xx_hal_cortex.o" "../system/src/stm32f1xx/stm32f1xx_hal_cortex.c"
Finished building: ../system/src/stm32f1xx/stm32f1xx_hal_cortex.c
 
Building file: ../system/src/stm32f1xx/stm32f1xx_hal_crc.c
Invoking: Cross ARM GNU C Compiler
arm-none-eabi-gcc -mcpu=cortex-m3 -mthumb -Og -fmessage-length=0 -fsigned-char -ffunction-sections -fdata-sections -ffreestanding -fno-move-loop-invariants -Wall -Wextra  -g3 -DDEBUG -D STM32F103xB -DTRACE -DOS_USE_TRACE_SEMIHOSTING_DEBUG -I"../include" -I"../system/include" -I"../system/include/cmsis" -I"../system/include/stm32f1xx" -std=gnu11 -MMD -MP -MF"system/src/stm32f1xx/stm32f1xx_hal_crc.d" -MT"system/src/stm32f1xx/stm32f1xx_hal_crc.o" -c -o "system/src/stm32f1xx/stm32f1xx_hal_crc.o" "../system/src/stm32f1xx/stm32f1xx_hal_crc.c"
Finished building: ../system/src/stm32f1xx/stm32f1xx_hal_crc.c
 
Building file: ../system/src/stm32f1xx/stm32f1xx_hal_dac.c
Invoking: Cross ARM GNU C Compiler
arm-none-eabi-gcc -mcpu=cortex-m3 -mthumb -Og -fmessage-length=0 -fsigned-char -ffunction-sections -fdata-sections -ffreestanding -fno-move-loop-invariants -Wall -Wextra  -g3 -DDEBUG -D STM32F103xB -DTRACE -DOS_USE_TRACE_SEMIHOSTING_DEBUG -I"../include" -I"../system/include" -I"../system/include/cmsis" -I"../system/include/stm32f1xx" -std=gnu11 -MMD -MP -MF"system/src/stm32f1xx/stm32f1xx_hal_dac.d" -MT"system/src/stm32f1xx/stm32f1xx_hal_dac.o" -c -o "system/src/stm32f1xx/stm32f1xx_hal_dac.o" "../system/src/stm32f1xx/stm32f1xx_hal_dac.c"
Finished building: ../system/src/stm32f1xx/stm32f1xx_hal_dac.c
 
Building file: ../system/src/stm32f1xx/stm32f1xx_hal_dac_ex.c
Invoking: Cross ARM GNU C Compiler
arm-none-eabi-gcc -mcpu=cortex-m3 -mthumb -Og -fmessage-length=0 -fsigned-char -ffunction-sections -fdata-sections -ffreestanding -fno-move-loop-invariants -Wall -Wextra  -g3 -DDEBUG -D STM32F103xB -DTRACE -DOS_USE_TRACE_SEMIHOSTING_DEBUG -I"../include" -I"../system/include" -I"../system/include/cmsis" -I"../system/include/stm32f1xx" -std=gnu11 -MMD -MP -MF"system/src/stm32f1xx/stm32f1xx_hal_dac_ex.d" -MT"system/src/stm32f1xx/stm32f1xx_hal_dac_ex.o" -c -o "system/src/stm32f1xx/stm32f1xx_hal_dac_ex.o" "../system/src/stm32f1xx/stm32f1xx_hal_dac_ex.c"
Finished building: ../system/src/stm32f1xx/stm32f1xx_hal_dac_ex.c
 
Building file: ../system/src/stm32f1xx/stm32f1xx_hal_dma.c
Invoking: Cross ARM GNU C Compiler
arm-none-eabi-gcc -mcpu=cortex-m3 -mthumb -Og -fmessage-length=0 -fsigned-char -ffunction-sections -fdata-sections -ffreestanding -fno-move-loop-invariants -Wall -Wextra  -g3 -DDEBUG -D STM32F103xB -DTRACE -DOS_USE_TRACE_SEMIHOSTING_DEBUG -I"../include" -I"../system/include" -I"../system/include/cmsis" -I"../system/include/stm32f1xx" -std=gnu11 -MMD -MP -MF"system/src/stm32f1xx/stm32f1xx_hal_dma.d" -MT"system/src/stm32f1xx/stm32f1xx_hal_dma.o" -c -o "system/src/stm32f1xx/stm32f1xx_hal_dma.o" "../system/src/stm32f1xx/stm32f1xx_hal_dma.c"
Finished building: ../system/src/stm32f1xx/stm32f1xx_hal_dma.c
 
Building file: ../system/src/stm32f1xx/stm32f1xx_hal_eth.c
Invoking: Cross ARM GNU C Compiler
arm-none-eabi-gcc -mcpu=cortex-m3 -mthumb -Og -fmessage-length=0 -fsigned-char -ffunction-sections -fdata-sections -ffreestanding -fno-move-loop-invariants -Wall -Wextra  -g3 -DDEBUG -D STM32F103xB -DTRACE -DOS_USE_TRACE_SEMIHOSTING_DEBUG -I"../include" -I"../system/include" -I"../system/include/cmsis" -I"../system/include/stm32f1xx" -std=gnu11 -MMD -MP -MF"system/src/stm32f1xx/stm32f1xx_hal_eth.d" -MT"system/src/stm32f1xx/stm32f1xx_hal_eth.o" -c -o "system/src/stm32f1xx/stm32f1xx_hal_eth.o" "../system/src/stm32f1xx/stm32f1xx_hal_eth.c"
Finished building: ../system/src/stm32f1xx/stm32f1xx_hal_eth.c
 
Building file: ../system/src/stm32f1xx/stm32f1xx_hal_flash.c
Invoking: Cross ARM GNU C Compiler
arm-none-eabi-gcc -mcpu=cortex-m3 -mthumb -Og -fmessage-length=0 -fsigned-char -ffunction-sections -fdata-sections -ffreestanding -fno-move-loop-invariants -Wall -Wextra  -g3 -DDEBUG -D STM32F103xB -DTRACE -DOS_USE_TRACE_SEMIHOSTING_DEBUG -I"../include" -I"../system/include" -I"../system/include/cmsis" -I"../system/include/stm32f1xx" -std=gnu11 -MMD -MP -MF"system/src/stm32f1xx/stm32f1xx_hal_flash.d" -MT"system/src/stm32f1xx/stm32f1xx_hal_flash.o" -c -o "system/src/stm32f1xx/stm32f1xx_hal_flash.o" "../system/src/stm32f1xx/stm32f1xx_hal_flash.c"
Finished building: ../system/src/stm32f1xx/stm32f1xx_hal_flash.c
 
Building file: ../system/src/stm32f1xx/stm32f1xx_hal_flash_ex.c
Invoking: Cross ARM GNU C Compiler
arm-none-eabi-gcc -mcpu=cortex-m3 -mthumb -Og -fmessage-length=0 -fsigned-char -ffunction-sections -fdata-sections -ffreestanding -fno-move-loop-invariants -Wall -Wextra  -g3 -DDEBUG -D STM32F103xB -DTRACE -DOS_USE_TRACE_SEMIHOSTING_DEBUG -I"../include" -I"../system/include" -I"../system/include/cmsis" -I"../system/include/stm32f1xx" -std=gnu11 -MMD -MP -MF"system/src/stm32f1xx/stm32f1xx_hal_flash_ex.d" -MT"system/src/stm32f1xx/stm32f1xx_hal_flash_ex.o" -c -o "system/src/stm32f1xx/stm32f1xx_hal_flash_ex.o" "../system/src/stm32f1xx/stm32f1xx_hal_flash_ex.c"
../system/src/stm32f1xx/stm32f1xx_hal_flash_ex.c: In function 'FLASH_MassErase':
../system/src/stm32f1xx/stm32f1xx_hal_flash_ex.c:612:38: warning: unused parameter 'Banks' [-Wunused-parameter]
 static void FLASH_MassErase(uint32_t Banks)
                                      ^
Finished building: ../system/src/stm32f1xx/stm32f1xx_hal_flash_ex.c
 
Building file: ../system/src/stm32f1xx/stm32f1xx_hal_gpio.c
Invoking: Cross ARM GNU C Compiler
arm-none-eabi-gcc -mcpu=cortex-m3 -mthumb -Og -fmessage-length=0 -fsigned-char -ffunction-sections -fdata-sections -ffreestanding -fno-move-loop-invariants -Wall -Wextra  -g3 -DDEBUG -D STM32F103xB -DTRACE -DOS_USE_TRACE_SEMIHOSTING_DEBUG -I"../include" -I"../system/include" -I"../system/include/cmsis" -I"../system/include/stm32f1xx" -std=gnu11 -MMD -MP -MF"system/src/stm32f1xx/stm32f1xx_hal_gpio.d" -MT"system/src/stm32f1xx/stm32f1xx_hal_gpio.o" -c -o "system/src/stm32f1xx/stm32f1xx_hal_gpio.o" "../system/src/stm32f1xx/stm32f1xx_hal_gpio.c"
Finished building: ../system/src/stm32f1xx/stm32f1xx_hal_gpio.c
 
Building file: ../system/src/stm32f1xx/stm32f1xx_hal_gpio_ex.c
Invoking: Cross ARM GNU C Compiler
arm-none-eabi-gcc -mcpu=cortex-m3 -mthumb -Og -fmessage-length=0 -fsigned-char -ffunction-sections -fdata-sections -ffreestanding -fno-move-loop-invariants -Wall -Wextra  -g3 -DDEBUG -D STM32F103xB -DTRACE -DOS_USE_TRACE_SEMIHOSTING_DEBUG -I"../include" -I"../system/include" -I"../system/include/cmsis" -I"../system/include/stm32f1xx" -std=gnu11 -MMD -MP -MF"system/src/stm32f1xx/stm32f1xx_hal_gpio_ex.d" -MT"system/src/stm32f1xx/stm32f1xx_hal_gpio_ex.o" -c -o "system/src/stm32f1xx/stm32f1xx_hal_gpio_ex.o" "../system/src/stm32f1xx/stm32f1xx_hal_gpio_ex.c"
Finished building: ../system/src/stm32f1xx/stm32f1xx_hal_gpio_ex.c
 
Building file: ../system/src/stm32f1xx/stm32f1xx_hal_hcd.c
Invoking: Cross ARM GNU C Compiler
arm-none-eabi-gcc -mcpu=cortex-m3 -mthumb -Og -fmessage-length=0 -fsigned-char -ffunction-sections -fdata-sections -ffreestanding -fno-move-loop-invariants -Wall -Wextra  -g3 -DDEBUG -D STM32F103xB -DTRACE -DOS_USE_TRACE_SEMIHOSTING_DEBUG -I"../include" -I"../system/include" -I"../system/include/cmsis" -I"../system/include/stm32f1xx" -std=gnu11 -MMD -MP -MF"system/src/stm32f1xx/stm32f1xx_hal_hcd.d" -MT"system/src/stm32f1xx/stm32f1xx_hal_hcd.o" -c -o "system/src/stm32f1xx/stm32f1xx_hal_hcd.o" "../system/src/stm32f1xx/stm32f1xx_hal_hcd.c"
Finished building: ../system/src/stm32f1xx/stm32f1xx_hal_hcd.c
 
Building file: ../system/src/stm32f1xx/stm32f1xx_hal_i2c.c
Invoking: Cross ARM GNU C Compiler
arm-none-eabi-gcc -mcpu=cortex-m3 -mthumb -Og -fmessage-length=0 -fsigned-char -ffunction-sections -fdata-sections -ffreestanding -fno-move-loop-invariants -Wall -Wextra  -g3 -DDEBUG -D STM32F103xB -DTRACE -DOS_USE_TRACE_SEMIHOSTING_DEBUG -I"../include" -I"../system/include" -I"../system/include/cmsis" -I"../system/include/stm32f1xx" -std=gnu11 -MMD -MP -MF"system/src/stm32f1xx/stm32f1xx_hal_i2c.d" -MT"system/src/stm32f1xx/stm32f1xx_hal_i2c.o" -c -o "system/src/stm32f1xx/stm32f1xx_hal_i2c.o" "../system/src/stm32f1xx/stm32f1xx_hal_i2c.c"
Finished building: ../system/src/stm32f1xx/stm32f1xx_hal_i2c.c
 
Building file: ../system/src/stm32f1xx/stm32f1xx_hal_i2s.c
Invoking: Cross ARM GNU C Compiler
arm-none-eabi-gcc -mcpu=cortex-m3 -mthumb -Og -fmessage-length=0 -fsigned-char -ffunction-sections -fdata-sections -ffreestanding -fno-move-loop-invariants -Wall -Wextra  -g3 -DDEBUG -D STM32F103xB -DTRACE -DOS_USE_TRACE_SEMIHOSTING_DEBUG -I"../include" -I"../system/include" -I"../system/include/cmsis" -I"../system/include/stm32f1xx" -std=gnu11 -MMD -MP -MF"system/src/stm32f1xx/stm32f1xx_hal_i2s.d" -MT"system/src/stm32f1xx/stm32f1xx_hal_i2s.o" -c -o "system/src/stm32f1xx/stm32f1xx_hal_i2s.o" "../system/src/stm32f1xx/stm32f1xx_hal_i2s.c"
Finished building: ../system/src/stm32f1xx/stm32f1xx_hal_i2s.c
 
Building file: ../system/src/stm32f1xx/stm32f1xx_hal_irda.c
Invoking: Cross ARM GNU C Compiler
arm-none-eabi-gcc -mcpu=cortex-m3 -mthumb -Og -fmessage-length=0 -fsigned-char -ffunction-sections -fdata-sections -ffreestanding -fno-move-loop-invariants -Wall -Wextra  -g3 -DDEBUG -D STM32F103xB -DTRACE -DOS_USE_TRACE_SEMIHOSTING_DEBUG -I"../include" -I"../system/include" -I"../system/include/cmsis" -I"../system/include/stm32f1xx" -std=gnu11 -MMD -MP -MF"system/src/stm32f1xx/stm32f1xx_hal_irda.d" -MT"system/src/stm32f1xx/stm32f1xx_hal_irda.o" -c -o "system/src/stm32f1xx/stm32f1xx_hal_irda.o" "../system/src/stm32f1xx/stm32f1xx_hal_irda.c"
Finished building: ../system/src/stm32f1xx/stm32f1xx_hal_irda.c
 
Building file: ../system/src/stm32f1xx/stm32f1xx_hal_iwdg.c
Invoking: Cross ARM GNU C Compiler
arm-none-eabi-gcc -mcpu=cortex-m3 -mthumb -Og -fmessage-length=0 -fsigned-char -ffunction-sections -fdata-sections -ffreestanding -fno-move-loop-invariants -Wall -Wextra  -g3 -DDEBUG -D STM32F103xB -DTRACE -DOS_USE_TRACE_SEMIHOSTING_DEBUG -I"../include" -I"../system/include" -I"../system/include/cmsis" -I"../system/include/stm32f1xx" -std=gnu11 -MMD -MP -MF"system/src/stm32f1xx/stm32f1xx_hal_iwdg.d" -MT"system/src/stm32f1xx/stm32f1xx_hal_iwdg.o" -c -o "system/src/stm32f1xx/stm32f1xx_hal_iwdg.o" "../system/src/stm32f1xx/stm32f1xx_hal_iwdg.c"
Finished building: ../system/src/stm32f1xx/stm32f1xx_hal_iwdg.c
 
Building file: ../system/src/stm32f1xx/stm32f1xx_hal_msp_template.c
Invoking: Cross ARM GNU C Compiler
arm-none-eabi-gcc -mcpu=cortex-m3 -mthumb -Og -fmessage-length=0 -fsigned-char -ffunction-sections -fdata-sections -ffreestanding -fno-move-loop-invariants -Wall -Wextra  -g3 -DDEBUG -D STM32F103xB -DTRACE -DOS_USE_TRACE_SEMIHOSTING_DEBUG -I"../include" -I"../system/include" -I"../system/include/cmsis" -I"../system/include/stm32f1xx" -std=gnu11 -MMD -MP -MF"system/src/stm32f1xx/stm32f1xx_hal_msp_template.d" -MT"system/src/stm32f1xx/stm32f1xx_hal_msp_template.o" -c -o "system/src/stm32f1xx/stm32f1xx_hal_msp_template.o" "../system/src/stm32f1xx/stm32f1xx_hal_msp_template.c"
Finished building: ../system/src/stm32f1xx/stm32f1xx_hal_msp_template.c
 
Building file: ../system/src/stm32f1xx/stm32f1xx_hal_nand.c
Invoking: Cross ARM GNU C Compiler
arm-none-eabi-gcc -mcpu=cortex-m3 -mthumb -Og -fmessage-length=0 -fsigned-char -ffunction-sections -fdata-sections -ffreestanding -fno-move-loop-invariants -Wall -Wextra  -g3 -DDEBUG -D STM32F103xB -DTRACE -DOS_USE_TRACE_SEMIHOSTING_DEBUG -I"../include" -I"../system/include" -I"../system/include/cmsis" -I"../system/include/stm32f1xx" -std=gnu11 -MMD -MP -MF"system/src/stm32f1xx/stm32f1xx_hal_nand.d" -MT"system/src/stm32f1xx/stm32f1xx_hal_nand.o" -c -o "system/src/stm32f1xx/stm32f1xx_hal_nand.o" "../system/src/stm32f1xx/stm32f1xx_hal_nand.c"
Finished building: ../system/src/stm32f1xx/stm32f1xx_hal_nand.c
 
Building file: ../system/src/stm32f1xx/stm32f1xx_hal_nor.c
Invoking: Cross ARM GNU C Compiler
arm-none-eabi-gcc -mcpu=cortex-m3 -mthumb -Og -fmessage-length=0 -fsigned-char -ffunction-sections -fdata-sections -ffreestanding -fno-move-loop-invariants -Wall -Wextra  -g3 -DDEBUG -D STM32F103xB -DTRACE -DOS_USE_TRACE_SEMIHOSTING_DEBUG -I"../include" -I"../system/include" -I"../system/include/cmsis" -I"../system/include/stm32f1xx" -std=gnu11 -MMD -MP -MF"system/src/stm32f1xx/stm32f1xx_hal_nor.d" -MT"system/src/stm32f1xx/stm32f1xx_hal_nor.o" -c -o "system/src/stm32f1xx/stm32f1xx_hal_nor.o" "../system/src/stm32f1xx/stm32f1xx_hal_nor.c"
Finished building: ../system/src/stm32f1xx/stm32f1xx_hal_nor.c
 
Building file: ../system/src/stm32f1xx/stm32f1xx_hal_pccard.c
Invoking: Cross ARM GNU C Compiler
arm-none-eabi-gcc -mcpu=cortex-m3 -mthumb -Og -fmessage-length=0 -fsigned-char -ffunction-sections -fdata-sections -ffreestanding -fno-move-loop-invariants -Wall -Wextra  -g3 -DDEBUG -D STM32F103xB -DTRACE -DOS_USE_TRACE_SEMIHOSTING_DEBUG -I"../include" -I"../system/include" -I"../system/include/cmsis" -I"../system/include/stm32f1xx" -std=gnu11 -MMD -MP -MF"system/src/stm32f1xx/stm32f1xx_hal_pccard.d" -MT"system/src/stm32f1xx/stm32f1xx_hal_pccard.o" -c -o "system/src/stm32f1xx/stm32f1xx_hal_pccard.o" "../system/src/stm32f1xx/stm32f1xx_hal_pccard.c"
Finished building: ../system/src/stm32f1xx/stm32f1xx_hal_pccard.c
 
Building file: ../system/src/stm32f1xx/stm32f1xx_hal_pcd.c
Invoking: Cross ARM GNU C Compiler
arm-none-eabi-gcc -mcpu=cortex-m3 -mthumb -Og -fmessage-length=0 -fsigned-char -ffunction-sections -fdata-sections -ffreestanding -fno-move-loop-invariants -Wall -Wextra  -g3 -DDEBUG -D STM32F103xB -DTRACE -DOS_USE_TRACE_SEMIHOSTING_DEBUG -I"../include" -I"../system/include" -I"../system/include/cmsis" -I"../system/include/stm32f1xx" -std=gnu11 -MMD -MP -MF"system/src/stm32f1xx/stm32f1xx_hal_pcd.d" -MT"system/src/stm32f1xx/stm32f1xx_hal_pcd.o" -c -o "system/src/stm32f1xx/stm32f1xx_hal_pcd.o" "../system/src/stm32f1xx/stm32f1xx_hal_pcd.c"
Finished building: ../system/src/stm32f1xx/stm32f1xx_hal_pcd.c
 
Building file: ../system/src/stm32f1xx/stm32f1xx_hal_pcd_ex.c
Invoking: Cross ARM GNU C Compiler
arm-none-eabi-gcc -mcpu=cortex-m3 -mthumb -Og -fmessage-length=0 -fsigned-char -ffunction-sections -fdata-sections -ffreestanding -fno-move-loop-invariants -Wall -Wextra  -g3 -DDEBUG -D STM32F103xB -DTRACE -DOS_USE_TRACE_SEMIHOSTING_DEBUG -I"../include" -I"../system/include" -I"../system/include/cmsis" -I"../system/include/stm32f1xx" -std=gnu11 -MMD -MP -MF"system/src/stm32f1xx/stm32f1xx_hal_pcd_ex.d" -MT"system/src/stm32f1xx/stm32f1xx_hal_pcd_ex.o" -c -o "system/src/stm32f1xx/stm32f1xx_hal_pcd_ex.o" "../system/src/stm32f1xx/stm32f1xx_hal_pcd_ex.c"
Finished building: ../system/src/stm32f1xx/stm32f1xx_hal_pcd_ex.c
 
Building file: ../system/src/stm32f1xx/stm32f1xx_hal_pwr.c
Invoking: Cross ARM GNU C Compiler
arm-none-eabi-gcc -mcpu=cortex-m3 -mthumb -Og -fmessage-length=0 -fsigned-char -ffunction-sections -fdata-sections -ffreestanding -fno-move-loop-invariants -Wall -Wextra  -g3 -DDEBUG -D STM32F103xB -DTRACE -DOS_USE_TRACE_SEMIHOSTING_DEBUG -I"../include" -I"../system/include" -I"../system/include/cmsis" -I"../system/include/stm32f1xx" -std=gnu11 -MMD -MP -MF"system/src/stm32f1xx/stm32f1xx_hal_pwr.d" -MT"system/src/stm32f1xx/stm32f1xx_hal_pwr.o" -c -o "system/src/stm32f1xx/stm32f1xx_hal_pwr.o" "../system/src/stm32f1xx/stm32f1xx_hal_pwr.c"
Finished building: ../system/src/stm32f1xx/stm32f1xx_hal_pwr.c
 
Building file: ../system/src/stm32f1xx/stm32f1xx_hal_rcc.c
Invoking: Cross ARM GNU C Compiler
arm-none-eabi-gcc -mcpu=cortex-m3 -mthumb -Og -fmessage-length=0 -fsigned-char -ffunction-sections -fdata-sections -ffreestanding -fno-move-loop-invariants -Wall -Wextra  -g3 -DDEBUG -D STM32F103xB -DTRACE -DOS_USE_TRACE_SEMIHOSTING_DEBUG -I"../include" -I"../system/include" -I"../system/include/cmsis" -I"../system/include/stm32f1xx" -std=gnu11 -MMD -MP -MF"system/src/stm32f1xx/stm32f1xx_hal_rcc.d" -MT"system/src/stm32f1xx/stm32f1xx_hal_rcc.o" -c -o "system/src/stm32f1xx/stm32f1xx_hal_rcc.o" "../system/src/stm32f1xx/stm32f1xx_hal_rcc.c"
../system/src/stm32f1xx/stm32f1xx_hal_rcc.c: In function 'HAL_RCC_MCOConfig':
../system/src/stm32f1xx/stm32f1xx_hal_rcc.c:888:33: warning: unused parameter 'RCC_MCOx' [-Wunused-parameter]
 void HAL_RCC_MCOConfig(uint32_t RCC_MCOx, uint32_t RCC_MCOSource, uint32_t RCC_MCODiv)
                                 ^
../system/src/stm32f1xx/stm32f1xx_hal_rcc.c:888:76: warning: unused parameter 'RCC_MCODiv' [-Wunused-parameter]
 void HAL_RCC_MCOConfig(uint32_t RCC_MCOx, uint32_t RCC_MCOSource, uint32_t RCC_MCODiv)
                                                                            ^
Finished building: ../system/src/stm32f1xx/stm32f1xx_hal_rcc.c
 
Building file: ../system/src/stm32f1xx/stm32f1xx_hal_rcc_ex.c
Invoking: Cross ARM GNU C Compiler
arm-none-eabi-gcc -mcpu=cortex-m3 -mthumb -Og -fmessage-length=0 -fsigned-char -ffunction-sections -fdata-sections -ffreestanding -fno-move-loop-invariants -Wall -Wextra  -g3 -DDEBUG -D STM32F103xB -DTRACE -DOS_USE_TRACE_SEMIHOSTING_DEBUG -I"../include" -I"../system/include" -I"../system/include/cmsis" -I"../system/include/stm32f1xx" -std=gnu11 -MMD -MP -MF"system/src/stm32f1xx/stm32f1xx_hal_rcc_ex.d" -MT"system/src/stm32f1xx/stm32f1xx_hal_rcc_ex.o" -c -o "system/src/stm32f1xx/stm32f1xx_hal_rcc_ex.o" "../system/src/stm32f1xx/stm32f1xx_hal_rcc_ex.c"
Finished building: ../system/src/stm32f1xx/stm32f1xx_hal_rcc_ex.c
 
Building file: ../system/src/stm32f1xx/stm32f1xx_hal_rtc.c
Invoking: Cross ARM GNU C Compiler
arm-none-eabi-gcc -mcpu=cortex-m3 -mthumb -Og -fmessage-length=0 -fsigned-char -ffunction-sections -fdata-sections -ffreestanding -fno-move-loop-invariants -Wall -Wextra  -g3 -DDEBUG -D STM32F103xB -DTRACE -DOS_USE_TRACE_SEMIHOSTING_DEBUG -I"../include" -I"../system/include" -I"../system/include/cmsis" -I"../system/include/stm32f1xx" -std=gnu11 -MMD -MP -MF"system/src/stm32f1xx/stm32f1xx_hal_rtc.d" -MT"system/src/stm32f1xx/stm32f1xx_hal_rtc.o" -c -o "system/src/stm32f1xx/stm32f1xx_hal_rtc.o" "../system/src/stm32f1xx/stm32f1xx_hal_rtc.c"
Finished building: ../system/src/stm32f1xx/stm32f1xx_hal_rtc.c
 
Building file: ../system/src/stm32f1xx/stm32f1xx_hal_rtc_ex.c
Invoking: Cross ARM GNU C Compiler
arm-none-eabi-gcc -mcpu=cortex-m3 -mthumb -Og -fmessage-length=0 -fsigned-char -ffunction-sections -fdata-sections -ffreestanding -fno-move-loop-invariants -Wall -Wextra  -g3 -DDEBUG -D STM32F103xB -DTRACE -DOS_USE_TRACE_SEMIHOSTING_DEBUG -I"../include" -I"../system/include" -I"../system/include/cmsis" -I"../system/include/stm32f1xx" -std=gnu11 -MMD -MP -MF"system/src/stm32f1xx/stm32f1xx_hal_rtc_ex.d" -MT"system/src/stm32f1xx/stm32f1xx_hal_rtc_ex.o" -c -o "system/src/stm32f1xx/stm32f1xx_hal_rtc_ex.o" "../system/src/stm32f1xx/stm32f1xx_hal_rtc_ex.c"
Finished building: ../system/src/stm32f1xx/stm32f1xx_hal_rtc_ex.c
 
Building file: ../system/src/stm32f1xx/stm32f1xx_hal_sd.c
Invoking: Cross ARM GNU C Compiler
arm-none-eabi-gcc -mcpu=cortex-m3 -mthumb -Og -fmessage-length=0 -fsigned-char -ffunction-sections -fdata-sections -ffreestanding -fno-move-loop-invariants -Wall -Wextra  -g3 -DDEBUG -D STM32F103xB -DTRACE -DOS_USE_TRACE_SEMIHOSTING_DEBUG -I"../include" -I"../system/include" -I"../system/include/cmsis" -I"../system/include/stm32f1xx" -std=gnu11 -MMD -MP -MF"system/src/stm32f1xx/stm32f1xx_hal_sd.d" -MT"system/src/stm32f1xx/stm32f1xx_hal_sd.o" -c -o "system/src/stm32f1xx/stm32f1xx_hal_sd.o" "../system/src/stm32f1xx/stm32f1xx_hal_sd.c"
Finished building: ../system/src/stm32f1xx/stm32f1xx_hal_sd.c
 
Building file: ../system/src/stm32f1xx/stm32f1xx_hal_smartcard.c
Invoking: Cross ARM GNU C Compiler
arm-none-eabi-gcc -mcpu=cortex-m3 -mthumb -Og -fmessage-length=0 -fsigned-char -ffunction-sections -fdata-sections -ffreestanding -fno-move-loop-invariants -Wall -Wextra  -g3 -DDEBUG -D STM32F103xB -DTRACE -DOS_USE_TRACE_SEMIHOSTING_DEBUG -I"../include" -I"../system/include" -I"../system/include/cmsis" -I"../system/include/stm32f1xx" -std=gnu11 -MMD -MP -MF"system/src/stm32f1xx/stm32f1xx_hal_smartcard.d" -MT"system/src/stm32f1xx/stm32f1xx_hal_smartcard.o" -c -o "system/src/stm32f1xx/stm32f1xx_hal_smartcard.o" "../system/src/stm32f1xx/stm32f1xx_hal_smartcard.c"
Finished building: ../system/src/stm32f1xx/stm32f1xx_hal_smartcard.c
 
Building file: ../system/src/stm32f1xx/stm32f1xx_hal_spi.c
Invoking: Cross ARM GNU C Compiler
arm-none-eabi-gcc -mcpu=cortex-m3 -mthumb -Og -fmessage-length=0 -fsigned-char -ffunction-sections -fdata-sections -ffreestanding -fno-move-loop-invariants -Wall -Wextra  -g3 -DDEBUG -D STM32F103xB -DTRACE -DOS_USE_TRACE_SEMIHOSTING_DEBUG -I"../include" -I"../system/include" -I"../system/include/cmsis" -I"../system/include/stm32f1xx" -std=gnu11 -MMD -MP -MF"system/src/stm32f1xx/stm32f1xx_hal_spi.d" -MT"system/src/stm32f1xx/stm32f1xx_hal_spi.o" -c -o "system/src/stm32f1xx/stm32f1xx_hal_spi.o" "../system/src/stm32f1xx/stm32f1xx_hal_spi.c"
Finished building: ../system/src/stm32f1xx/stm32f1xx_hal_spi.c
 
Building file: ../system/src/stm32f1xx/stm32f1xx_hal_spi_ex.c
Invoking: Cross ARM GNU C Compiler
arm-none-eabi-gcc -mcpu=cortex-m3 -mthumb -Og -fmessage-length=0 -fsigned-char -ffunction-sections -fdata-sections -ffreestanding -fno-move-loop-invariants -Wall -Wextra  -g3 -DDEBUG -D STM32F103xB -DTRACE -DOS_USE_TRACE_SEMIHOSTING_DEBUG -I"../include" -I"../system/include" -I"../system/include/cmsis" -I"../system/include/stm32f1xx" -std=gnu11 -MMD -MP -MF"system/src/stm32f1xx/stm32f1xx_hal_spi_ex.d" -MT"system/src/stm32f1xx/stm32f1xx_hal_spi_ex.o" -c -o "system/src/stm32f1xx/stm32f1xx_hal_spi_ex.o" "../system/src/stm32f1xx/stm32f1xx_hal_spi_ex.c"
Finished building: ../system/src/stm32f1xx/stm32f1xx_hal_spi_ex.c
 
Building file: ../system/src/stm32f1xx/stm32f1xx_hal_sram.c
Invoking: Cross ARM GNU C Compiler
arm-none-eabi-gcc -mcpu=cortex-m3 -mthumb -Og -fmessage-length=0 -fsigned-char -ffunction-sections -fdata-sections -ffreestanding -fno-move-loop-invariants -Wall -Wextra  -g3 -DDEBUG -D STM32F103xB -DTRACE -DOS_USE_TRACE_SEMIHOSTING_DEBUG -I"../include" -I"../system/include" -I"../system/include/cmsis" -I"../system/include/stm32f1xx" -std=gnu11 -MMD -MP -MF"system/src/stm32f1xx/stm32f1xx_hal_sram.d" -MT"system/src/stm32f1xx/stm32f1xx_hal_sram.o" -c -o "system/src/stm32f1xx/stm32f1xx_hal_sram.o" "../system/src/stm32f1xx/stm32f1xx_hal_sram.c"
Finished building: ../system/src/stm32f1xx/stm32f1xx_hal_sram.c
 
Building file: ../system/src/stm32f1xx/stm32f1xx_hal_tim.c
Invoking: Cross ARM GNU C Compiler
arm-none-eabi-gcc -mcpu=cortex-m3 -mthumb -Og -fmessage-length=0 -fsigned-char -ffunction-sections -fdata-sections -ffreestanding -fno-move-loop-invariants -Wall -Wextra  -g3 -DDEBUG -D STM32F103xB -DTRACE -DOS_USE_TRACE_SEMIHOSTING_DEBUG -I"../include" -I"../system/include" -I"../system/include/cmsis" -I"../system/include/stm32f1xx" -std=gnu11 -MMD -MP -MF"system/src/stm32f1xx/stm32f1xx_hal_tim.d" -MT"system/src/stm32f1xx/stm32f1xx_hal_tim.o" -c -o "system/src/stm32f1xx/stm32f1xx_hal_tim.o" "../system/src/stm32f1xx/stm32f1xx_hal_tim.c"
Finished building: ../system/src/stm32f1xx/stm32f1xx_hal_tim.c
 
Building file: ../system/src/stm32f1xx/stm32f1xx_hal_tim_ex.c
Invoking: Cross ARM GNU C Compiler
arm-none-eabi-gcc -mcpu=cortex-m3 -mthumb -Og -fmessage-length=0 -fsigned-char -ffunction-sections -fdata-sections -ffreestanding -fno-move-loop-invariants -Wall -Wextra  -g3 -DDEBUG -D STM32F103xB -DTRACE -DOS_USE_TRACE_SEMIHOSTING_DEBUG -I"../include" -I"../system/include" -I"../system/include/cmsis" -I"../system/include/stm32f1xx" -std=gnu11 -MMD -MP -MF"system/src/stm32f1xx/stm32f1xx_hal_tim_ex.d" -MT"system/src/stm32f1xx/stm32f1xx_hal_tim_ex.o" -c -o "system/src/stm32f1xx/stm32f1xx_hal_tim_ex.o" "../system/src/stm32f1xx/stm32f1xx_hal_tim_ex.c"
Finished building: ../system/src/stm32f1xx/stm32f1xx_hal_tim_ex.c
 
Building file: ../system/src/stm32f1xx/stm32f1xx_hal_uart.c
Invoking: Cross ARM GNU C Compiler
arm-none-eabi-gcc -mcpu=cortex-m3 -mthumb -Og -fmessage-length=0 -fsigned-char -ffunction-sections -fdata-sections -ffreestanding -fno-move-loop-invariants -Wall -Wextra  -g3 -DDEBUG -D STM32F103xB -DTRACE -DOS_USE_TRACE_SEMIHOSTING_DEBUG -I"../include" -I"../system/include" -I"../system/include/cmsis" -I"../system/include/stm32f1xx" -std=gnu11 -MMD -MP -MF"system/src/stm32f1xx/stm32f1xx_hal_uart.d" -MT"system/src/stm32f1xx/stm32f1xx_hal_uart.o" -c -o "system/src/stm32f1xx/stm32f1xx_hal_uart.o" "../system/src/stm32f1xx/stm32f1xx_hal_uart.c"
Finished building: ../system/src/stm32f1xx/stm32f1xx_hal_uart.c
 
Building file: ../system/src/stm32f1xx/stm32f1xx_hal_usart.c
Invoking: Cross ARM GNU C Compiler
arm-none-eabi-gcc -mcpu=cortex-m3 -mthumb -Og -fmessage-length=0 -fsigned-char -ffunction-sections -fdata-sections -ffreestanding -fno-move-loop-invariants -Wall -Wextra  -g3 -DDEBUG -D STM32F103xB -DTRACE -DOS_USE_TRACE_SEMIHOSTING_DEBUG -I"../include" -I"../system/include" -I"../system/include/cmsis" -I"../system/include/stm32f1xx" -std=gnu11 -MMD -MP -MF"system/src/stm32f1xx/stm32f1xx_hal_usart.d" -MT"system/src/stm32f1xx/stm32f1xx_hal_usart.o" -c -o "system/src/stm32f1xx/stm32f1xx_hal_usart.o" "../system/src/stm32f1xx/stm32f1xx_hal_usart.c"
Finished building: ../system/src/stm32f1xx/stm32f1xx_hal_usart.c
 
Building file: ../system/src/stm32f1xx/stm32f1xx_hal_wwdg.c
Invoking: Cross ARM GNU C Compiler
arm-none-eabi-gcc -mcpu=cortex-m3 -mthumb -Og -fmessage-length=0 -fsigned-char -ffunction-sections -fdata-sections -ffreestanding -fno-move-loop-invariants -Wall -Wextra  -g3 -DDEBUG -D STM32F103xB -DTRACE -DOS_USE_TRACE_SEMIHOSTING_DEBUG -I"../include" -I"../system/include" -I"../system/include/cmsis" -I"../system/include/stm32f1xx" -std=gnu11 -MMD -MP -MF"system/src/stm32f1xx/stm32f1xx_hal_wwdg.d" -MT"system/src/stm32f1xx/stm32f1xx_hal_wwdg.o" -c -o "system/src/stm32f1xx/stm32f1xx_hal_wwdg.o" "../system/src/stm32f1xx/stm32f1xx_hal_wwdg.c"
Finished building: ../system/src/stm32f1xx/stm32f1xx_hal_wwdg.c
 
Building file: ../system/src/stm32f1xx/stm32f1xx_ll_fsmc.c
Invoking: Cross ARM GNU C Compiler
arm-none-eabi-gcc -mcpu=cortex-m3 -mthumb -Og -fmessage-length=0 -fsigned-char -ffunction-sections -fdata-sections -ffreestanding -fno-move-loop-invariants -Wall -Wextra  -g3 -DDEBUG -D STM32F103xB -DTRACE -DOS_USE_TRACE_SEMIHOSTING_DEBUG -I"../include" -I"../system/include" -I"../system/include/cmsis" -I"../system/include/stm32f1xx" -std=gnu11 -MMD -MP -MF"system/src/stm32f1xx/stm32f1xx_ll_fsmc.d" -MT"system/src/stm32f1xx/stm32f1xx_ll_fsmc.o" -c -o "system/src/stm32f1xx/stm32f1xx_ll_fsmc.o" "../system/src/stm32f1xx/stm32f1xx_ll_fsmc.c"
Finished building: ../system/src/stm32f1xx/stm32f1xx_ll_fsmc.c
 
Building file: ../system/src/stm32f1xx/stm32f1xx_ll_sdmmc.c
Invoking: Cross ARM GNU C Compiler
arm-none-eabi-gcc -mcpu=cortex-m3 -mthumb -Og -fmessage-length=0 -fsigned-char -ffunction-sections -fdata-sections -ffreestanding -fno-move-loop-invariants -Wall -Wextra  -g3 -DDEBUG -D STM32F103xB -DTRACE -DOS_USE_TRACE_SEMIHOSTING_DEBUG -I"../include" -I"../system/include" -I"../system/include/cmsis" -I"../system/include/stm32f1xx" -std=gnu11 -MMD -MP -MF"system/src/stm32f1xx/stm32f1xx_ll_sdmmc.d" -MT"system/src/stm32f1xx/stm32f1xx_ll_sdmmc.o" -c -o "system/src/stm32f1xx/stm32f1xx_ll_sdmmc.o" "../system/src/stm32f1xx/stm32f1xx_ll_sdmmc.c"
Finished building: ../system/src/stm32f1xx/stm32f1xx_ll_sdmmc.c
 
Building file: ../system/src/stm32f1xx/stm32f1xx_ll_usb.c
Invoking: Cross ARM GNU C Compiler
arm-none-eabi-gcc -mcpu=cortex-m3 -mthumb -Og -fmessage-length=0 -fsigned-char -ffunction-sections -fdata-sections -ffreestanding -fno-move-loop-invariants -Wall -Wextra  -g3 -DDEBUG -D STM32F103xB -DTRACE -DOS_USE_TRACE_SEMIHOSTING_DEBUG -I"../include" -I"../system/include" -I"../system/include/cmsis" -I"../system/include/stm32f1xx" -std=gnu11 -MMD -MP -MF"system/src/stm32f1xx/stm32f1xx_ll_usb.d" -MT"system/src/stm32f1xx/stm32f1xx_ll_usb.o" -c -o "system/src/stm32f1xx/stm32f1xx_ll_usb.o" "../system/src/stm32f1xx/stm32f1xx_ll_usb.c"
Finished building: ../system/src/stm32f1xx/stm32f1xx_ll_usb.c
 
Building file: ../system/src/newlib/_cxx.cpp
Invoking: Cross ARM GNU C++ Compiler
arm-none-eabi-g++ -mcpu=cortex-m3 -mthumb -Og -fmessage-length=0 -fsigned-char -ffunction-sections -fdata-sections -ffreestanding -fno-move-loop-invariants -Wall -Wextra  -g3 -DDEBUG -DTRACE -DOS_USE_TRACE_SEMIHOSTING_DEBUG -I"../include" -I"../system/include" -I"../system/include/cmsis" -I"../system/include/stm32f1xx" -std=gnu++11 -fabi-version=0 -MMD -MP -MF"system/src/newlib/_cxx.d" -MT"system/src/newlib/_cxx.o" -c -o "system/src/newlib/_cxx.o" "../system/src/newlib/_cxx.cpp"
Finished building: ../system/src/newlib/_cxx.cpp
 
Building file: ../system/src/newlib/_exit.c
Invoking: Cross ARM GNU C Compiler
arm-none-eabi-gcc -mcpu=cortex-m3 -mthumb -Og -fmessage-length=0 -fsigned-char -ffunction-sections -fdata-sections -ffreestanding -fno-move-loop-invariants -Wall -Wextra  -g3 -DDEBUG -D STM32F103xB -DTRACE -DOS_USE_TRACE_SEMIHOSTING_DEBUG -I"../include" -I"../system/include" -I"../system/include/cmsis" -I"../system/include/stm32f1xx" -std=gnu11 -MMD -MP -MF"system/src/newlib/_exit.d" -MT"system/src/newlib/_exit.o" -c -o "system/src/newlib/_exit.o" "../system/src/newlib/_exit.c"
Finished building: ../system/src/newlib/_exit.c
 
Building file: ../system/src/newlib/_sbrk.c
Invoking: Cross ARM GNU C Compiler
arm-none-eabi-gcc -mcpu=cortex-m3 -mthumb -Og -fmessage-length=0 -fsigned-char -ffunction-sections -fdata-sections -ffreestanding -fno-move-loop-invariants -Wall -Wextra  -g3 -DDEBUG -D STM32F103xB -DTRACE -DOS_USE_TRACE_SEMIHOSTING_DEBUG -I"../include" -I"../system/include" -I"../system/include/cmsis" -I"../system/include/stm32f1xx" -std=gnu11 -MMD -MP -MF"system/src/newlib/_sbrk.d" -MT"system/src/newlib/_sbrk.o" -c -o "system/src/newlib/_sbrk.o" "../system/src/newlib/_sbrk.c"
Finished building: ../system/src/newlib/_sbrk.c
 
Building file: ../system/src/newlib/_startup.c
Invoking: Cross ARM GNU C Compiler
arm-none-eabi-gcc -mcpu=cortex-m3 -mthumb -Og -fmessage-length=0 -fsigned-char -ffunction-sections -fdata-sections -ffreestanding -fno-move-loop-invariants -Wall -Wextra  -g3 -DDEBUG -D STM32F103xB -DTRACE -DOS_USE_TRACE_SEMIHOSTING_DEBUG -I"../include" -I"../system/include" -I"../system/include/cmsis" -I"../system/include/stm32f1xx" -std=gnu11 -MMD -MP -MF"system/src/newlib/_startup.d" -MT"system/src/newlib/_startup.o" -c -o "system/src/newlib/_startup.o" "../system/src/newlib/_startup.c"
Finished building: ../system/src/newlib/_startup.c
 
Building file: ../system/src/newlib/_syscalls.c
Invoking: Cross ARM GNU C Compiler
arm-none-eabi-gcc -mcpu=cortex-m3 -mthumb -Og -fmessage-length=0 -fsigned-char -ffunction-sections -fdata-sections -ffreestanding -fno-move-loop-invariants -Wall -Wextra  -g3 -DDEBUG -D STM32F103xB -DTRACE -DOS_USE_TRACE_SEMIHOSTING_DEBUG -I"../include" -I"../system/include" -I"../system/include/cmsis" -I"../system/include/stm32f1xx" -std=gnu11 -MMD -MP -MF"system/src/newlib/_syscalls.d" -MT"system/src/newlib/_syscalls.o" -c -o "system/src/newlib/_syscalls.o" "../system/src/newlib/_syscalls.c"
Finished building: ../system/src/newlib/_syscalls.c
 
Building file: ../system/src/newlib/assert.c
Invoking: Cross ARM GNU C Compiler
arm-none-eabi-gcc -mcpu=cortex-m3 -mthumb -Og -fmessage-length=0 -fsigned-char -ffunction-sections -fdata-sections -ffreestanding -fno-move-loop-invariants -Wall -Wextra  -g3 -DDEBUG -D STM32F103xB -DTRACE -DOS_USE_TRACE_SEMIHOSTING_DEBUG -I"../include" -I"../system/include" -I"../system/include/cmsis" -I"../system/include/stm32f1xx" -std=gnu11 -MMD -MP -MF"system/src/newlib/assert.d" -MT"system/src/newlib/assert.o" -c -o "system/src/newlib/assert.o" "../system/src/newlib/assert.c"
Finished building: ../system/src/newlib/assert.c
 
Building file: ../system/src/diag/Trace.c
Invoking: Cross ARM GNU C Compiler
arm-none-eabi-gcc -mcpu=cortex-m3 -mthumb -Og -fmessage-length=0 -fsigned-char -ffunction-sections -fdata-sections -ffreestanding -fno-move-loop-invariants -Wall -Wextra  -g3 -DDEBUG -D STM32F103xB -DTRACE -DOS_USE_TRACE_SEMIHOSTING_DEBUG -I"../include" -I"../system/include" -I"../system/include/cmsis" -I"../system/include/stm32f1xx" -std=gnu11 -MMD -MP -MF"system/src/diag/Trace.d" -MT"system/src/diag/Trace.o" -c -o "system/src/diag/Trace.o" "../system/src/diag/Trace.c"
Finished building: ../system/src/diag/Trace.c
 
Building file: ../system/src/diag/trace_impl.c
Invoking: Cross ARM GNU C Compiler
arm-none-eabi-gcc -mcpu=cortex-m3 -mthumb -Og -fmessage-length=0 -fsigned-char -ffunction-sections -fdata-sections -ffreestanding -fno-move-loop-invariants -Wall -Wextra  -g3 -DDEBUG -D STM32F103xB -DTRACE -DOS_USE_TRACE_SEMIHOSTING_DEBUG -I"../include" -I"../system/include" -I"../system/include/cmsis" -I"../system/include/stm32f1xx" -std=gnu11 -MMD -MP -MF"system/src/diag/trace_impl.d" -MT"system/src/diag/trace_impl.o" -c -o "system/src/diag/trace_impl.o" "../system/src/diag/trace_impl.c"
Finished building: ../system/src/diag/trace_impl.c
 
Building file: ../system/src/cortexm/_initialize_hardware.c
Invoking: Cross ARM GNU C Compiler
arm-none-eabi-gcc -mcpu=cortex-m3 -mthumb -Og -fmessage-length=0 -fsigned-char -ffunction-sections -fdata-sections -ffreestanding -fno-move-loop-invariants -Wall -Wextra  -g3 -DDEBUG -D STM32F103xB -DTRACE -DOS_USE_TRACE_SEMIHOSTING_DEBUG -I"../include" -I"../system/include" -I"../system/include/cmsis" -I"../system/include/stm32f1xx" -std=gnu11 -MMD -MP -MF"system/src/cortexm/_initialize_hardware.d" -MT"system/src/cortexm/_initialize_hardware.o" -c -o "system/src/cortexm/_initialize_hardware.o" "../system/src/cortexm/_initialize_hardware.c"
Finished building: ../system/src/cortexm/_initialize_hardware.c
 
Building file: ../system/src/cortexm/_reset_hardware.c
Invoking: Cross ARM GNU C Compiler
arm-none-eabi-gcc -mcpu=cortex-m3 -mthumb -Og -fmessage-length=0 -fsigned-char -ffunction-sections -fdata-sections -ffreestanding -fno-move-loop-invariants -Wall -Wextra  -g3 -DDEBUG -D STM32F103xB -DTRACE -DOS_USE_TRACE_SEMIHOSTING_DEBUG -I"../include" -I"../system/include" -I"../system/include/cmsis" -I"../system/include/stm32f1xx" -std=gnu11 -MMD -MP -MF"system/src/cortexm/_reset_hardware.d" -MT"system/src/cortexm/_reset_hardware.o" -c -o "system/src/cortexm/_reset_hardware.o" "../system/src/cortexm/_reset_hardware.c"
Finished building: ../system/src/cortexm/_reset_hardware.c
 
Building file: ../system/src/cortexm/exception_handlers.c
Invoking: Cross ARM GNU C Compiler
arm-none-eabi-gcc -mcpu=cortex-m3 -mthumb -Og -fmessage-length=0 -fsigned-char -ffunction-sections -fdata-sections -ffreestanding -fno-move-loop-invariants -Wall -Wextra  -g3 -DDEBUG -D STM32F103xB -DTRACE -DOS_USE_TRACE_SEMIHOSTING_DEBUG -I"../include" -I"../system/include" -I"../system/include/cmsis" -I"../system/include/stm32f1xx" -std=gnu11 -MMD -MP -MF"system/src/cortexm/exception_handlers.d" -MT"system/src/cortexm/exception_handlers.o" -c -o "system/src/cortexm/exception_handlers.o" "../system/src/cortexm/exception_handlers.c"
Finished building: ../system/src/cortexm/exception_handlers.c
 
Building file: ../system/src/cmsis/startup_stm32f103xb.S
Invoking: Cross ARM GNU Assembler
arm-none-eabi-gcc -mcpu=cortex-m3 -mthumb -Og -fmessage-length=0 -fsigned-char -ffunction-sections -fdata-sections -ffreestanding -fno-move-loop-invariants -Wall -Wextra  -g3 -x assembler-with-cpp -DDEBUG -DTRACE -DOS_USE_TRACE_SEMIHOSTING_DEBUG -I"../include" -I"../system/include" -I"../system/include/cmsis" -I"../system/include/stm32f1xx" -MMD -MP -MF"system/src/cmsis/startup_stm32f103xb.d" -MT"system/src/cmsis/startup_stm32f103xb.o" -c -o "system/src/cmsis/startup_stm32f103xb.o" "../system/src/cmsis/startup_stm32f103xb.S"
Finished building: ../system/src/cmsis/startup_stm32f103xb.S
 
Building file: ../system/src/cmsis/system_stm32f1xx.c
Invoking: Cross ARM GNU C Compiler
arm-none-eabi-gcc -mcpu=cortex-m3 -mthumb -Og -fmessage-length=0 -fsigned-char -ffunction-sections -fdata-sections -ffreestanding -fno-move-loop-invariants -Wall -Wextra  -g3 -DDEBUG -D STM32F103xB -DTRACE -DOS_USE_TRACE_SEMIHOSTING_DEBUG -I"../include" -I"../system/include" -I"../system/include/cmsis" -I"../system/include/stm32f1xx" -std=gnu11 -MMD -MP -MF"system/src/cmsis/system_stm32f1xx.d" -MT"system/src/cmsis/system_stm32f1xx.o" -c -o "system/src/cmsis/system_stm32f1xx.o" "../system/src/cmsis/system_stm32f1xx.c"
Finished building: ../system/src/cmsis/system_stm32f1xx.c
 
Building file: ../src/_write.c
Invoking: Cross ARM GNU C Compiler
arm-none-eabi-gcc -mcpu=cortex-m3 -mthumb -Og -fmessage-length=0 -fsigned-char -ffunction-sections -fdata-sections -ffreestanding -fno-move-loop-invariants -Wall -Wextra  -g3 -DDEBUG -D STM32F103xB -DTRACE -DOS_USE_TRACE_SEMIHOSTING_DEBUG -I"../include" -I"../system/include" -I"../system/include/cmsis" -I"../system/include/stm32f1xx" -std=gnu11 -MMD -MP -MF"src/_write.d" -MT"src/_write.o" -c -o "src/_write.o" "../src/_write.c"
Finished building: ../src/_write.c
 
Building file: ../src/main.c
Invoking: Cross ARM GNU C Compiler
arm-none-eabi-gcc -mcpu=cortex-m3 -mthumb -Og -fmessage-length=0 -fsigned-char -ffunction-sections -fdata-sections -ffreestanding -fno-move-loop-invariants -Wall -Wextra  -g3 -DDEBUG -D STM32F103xB -DTRACE -DOS_USE_TRACE_SEMIHOSTING_DEBUG -I"../include" -I"../system/include" -I"../system/include/cmsis" -I"../system/include/stm32f1xx" -std=gnu11 -MMD -MP -MF"src/main.d" -MT"src/main.o" -c -o "src/main.o" "../src/main.c"
Finished building: ../src/main.c
 
Building file: ../src/stm32f1xx_it.c
Invoking: Cross ARM GNU C Compiler
arm-none-eabi-gcc -mcpu=cortex-m3 -mthumb -Og -fmessage-length=0 -fsigned-char -ffunction-sections -fdata-sections -ffreestanding -fno-move-loop-invariants -Wall -Wextra  -g3 -DDEBUG -D STM32F103xB -DTRACE -DOS_USE_TRACE_SEMIHOSTING_DEBUG -I"../include" -I"../system/include" -I"../system/include/cmsis" -I"../system/include/stm32f1xx" -std=gnu11 -MMD -MP -MF"src/stm32f1xx_it.d" -MT"src/stm32f1xx_it.o" -c -o "src/stm32f1xx_it.o" "../src/stm32f1xx_it.c"
Finished building: ../src/stm32f1xx_it.c
 
Building file: ../src/stm32f1xx_nucleo.c
Invoking: Cross ARM GNU C Compiler
arm-none-eabi-gcc -mcpu=cortex-m3 -mthumb -Og -fmessage-length=0 -fsigned-char -ffunction-sections -fdata-sections -ffreestanding -fno-move-loop-invariants -Wall -Wextra  -g3 -DDEBUG -D STM32F103xB -DTRACE -DOS_USE_TRACE_SEMIHOSTING_DEBUG -I"../include" -I"../system/include" -I"../system/include/cmsis" -I"../system/include/stm32f1xx" -std=gnu11 -MMD -MP -MF"src/stm32f1xx_nucleo.d" -MT"src/stm32f1xx_nucleo.o" -c -o "src/stm32f1xx_nucleo.o" "../src/stm32f1xx_nucleo.c"
Finished building: ../src/stm32f1xx_nucleo.c
 
Building target: test1.elf
Invoking: Cross ARM GNU C++ Linker
arm-none-eabi-g++ -mcpu=cortex-m3 -mthumb -Og -fmessage-length=0 -fsigned-char -ffunction-sections -fdata-sections -ffreestanding -fno-move-loop-invariants -Wall -Wextra  -g3 -T mem.ld -T libs.ld -T sections.ld -nostartfiles -Xlinker --gc-sections -L"../ldscripts" -Wl,-Map,"test1.map" --specs=nano.specs -o "test1.elf"  ./system/src/stm32f1xx/stm32f1xx_hal.o ./system/src/stm32f1xx/stm32f1xx_hal_adc.o ./system/src/stm32f1xx/stm32f1xx_hal_adc_ex.o ./system/src/stm32f1xx/stm32f1xx_hal_can.o ./system/src/stm32f1xx/stm32f1xx_hal_cec.o ./system/src/stm32f1xx/stm32f1xx_hal_cortex.o ./system/src/stm32f1xx/stm32f1xx_hal_crc.o ./system/src/stm32f1xx/stm32f1xx_hal_dac.o ./system/src/stm32f1xx/stm32f1xx_hal_dac_ex.o ./system/src/stm32f1xx/stm32f1xx_hal_dma.o ./system/src/stm32f1xx/stm32f1xx_hal_eth.o ./system/src/stm32f1xx/stm32f1xx_hal_flash.o ./system/src/stm32f1xx/stm32f1xx_hal_flash_ex.o ./system/src/stm32f1xx/stm32f1xx_hal_gpio.o ./system/src/stm32f1xx/stm32f1xx_hal_gpio_ex.o ./system/src/stm32f1xx/stm32f1xx_hal_hcd.o ./system/src/stm32f1xx/stm32f1xx_hal_i2c.o ./system/src/stm32f1xx/stm32f1xx_hal_i2s.o ./system/src/stm32f1xx/stm32f1xx_hal_irda.o ./system/src/stm32f1xx/stm32f1xx_hal_iwdg.o ./system/src/stm32f1xx/stm32f1xx_hal_msp_template.o ./system/src/stm32f1xx/stm32f1xx_hal_nand.o ./system/src/stm32f1xx/stm32f1xx_hal_nor.o ./system/src/stm32f1xx/stm32f1xx_hal_pccard.o ./system/src/stm32f1xx/stm32f1xx_hal_pcd.o ./system/src/stm32f1xx/stm32f1xx_hal_pcd_ex.o ./system/src/stm32f1xx/stm32f1xx_hal_pwr.o ./system/src/stm32f1xx/stm32f1xx_hal_rcc.o ./system/src/stm32f1xx/stm32f1xx_hal_rcc_ex.o ./system/src/stm32f1xx/stm32f1xx_hal_rtc.o ./system/src/stm32f1xx/stm32f1xx_hal_rtc_ex.o ./system/src/stm32f1xx/stm32f1xx_hal_sd.o ./system/src/stm32f1xx/stm32f1xx_hal_smartcard.o ./system/src/stm32f1xx/stm32f1xx_hal_spi.o ./system/src/stm32f1xx/stm32f1xx_hal_spi_ex.o ./system/src/stm32f1xx/stm32f1xx_hal_sram.o ./system/src/stm32f1xx/stm32f1xx_hal_tim.o ./system/src/stm32f1xx/stm32f1xx_hal_tim_ex.o ./system/src/stm32f1xx/stm32f1xx_hal_uart.o ./system/src/stm32f1xx/stm32f1xx_hal_usart.o ./system/src/stm32f1xx/stm32f1xx_hal_wwdg.o ./system/src/stm32f1xx/stm32f1xx_ll_fsmc.o ./system/src/stm32f1xx/stm32f1xx_ll_sdmmc.o ./system/src/stm32f1xx/stm32f1xx_ll_usb.o  ./system/src/newlib/_cxx.o ./system/src/newlib/_exit.o ./system/src/newlib/_sbrk.o ./system/src/newlib/_startup.o ./system/src/newlib/_syscalls.o ./system/src/newlib/assert.o  ./system/src/diag/Trace.o ./system/src/diag/trace_impl.o  ./system/src/cortexm/_initialize_hardware.o ./system/src/cortexm/_reset_hardware.o ./system/src/cortexm/exception_handlers.o  ./system/src/cmsis/startup_stm32f103xb.o ./system/src/cmsis/system_stm32f1xx.o  ./src/_write.o ./src/main.o ./src/stm32f1xx_it.o ./src/stm32f1xx_nucleo.o   
Finished building target: test1.elf
 
Invoking: Cross ARM GNU Create Flash Image
arm-none-eabi-objcopy -O ihex "test1.elf"  "test1.hex"
Finished building: test1.hex
 
Invoking: Cross ARM GNU Print Size
arm-none-eabi-size --format=berkeley "test1.elf"
   text	   data	    bss	    dec	    hex	filename
   7423	    160	    432	   8015	   1f4f	test1.elf
Finished building: test1.siz
 
16:45:39 **** Incremental Build of configuration Debug for project test1 ****
make all 
Invoking: Cross ARM GNU Print Size
arm-none-eabi-size --format=berkeley "test1.elf"
   text	   data	    bss	    dec	    hex	filename
   7423	    160	    432	   8015	   1f4f	test1.elf
Finished building: test1.siz
 
